###############################################################################
#
# IAR ELF Linker V7.20.2.7424/W32 for ARM                 25/Apr/2015  20:32:11
# Copyright 2007-2014 IAR Systems AB.
#
#    Output file  =  
#        D:\REPOSITORY\GIT\mySniperLocator\EWARM\MySniperLocator
#        Configuration\Exe\MySniperLocator Configuration.out
#    Map file     =  
#        D:\REPOSITORY\GIT\mySniperLocator\EWARM\MySniperLocator
#        Configuration/List\MySniperLocator Configuration.map
#    Command line =  
#        "D:\REPOSITORY\GIT\mySniperLocator\EWARM\MySniperLocator
#        Configuration\Obj\bsp_driver_sd.o"
#        "D:\REPOSITORY\GIT\mySniperLocator\EWARM\MySniperLocator
#        Configuration\Obj\ccsbcs.o"
#        "D:\REPOSITORY\GIT\mySniperLocator\EWARM\MySniperLocator
#        Configuration\Obj\diskio.o"
#        "D:\REPOSITORY\GIT\mySniperLocator\EWARM\MySniperLocator
#        Configuration\Obj\fatfs.o"
#        "D:\REPOSITORY\GIT\mySniperLocator\EWARM\MySniperLocator
#        Configuration\Obj\ff.o"
#        "D:\REPOSITORY\GIT\mySniperLocator\EWARM\MySniperLocator
#        Configuration\Obj\ff_gen_drv.o"
#        "D:\REPOSITORY\GIT\mySniperLocator\EWARM\MySniperLocator
#        Configuration\Obj\main.o"
#        "D:\REPOSITORY\GIT\mySniperLocator\EWARM\MySniperLocator
#        Configuration\Obj\sd_diskio.o"
#        "D:\REPOSITORY\GIT\mySniperLocator\EWARM\MySniperLocator
#        Configuration\Obj\startup_stm32f407xx.o"
#        "D:\REPOSITORY\GIT\mySniperLocator\EWARM\MySniperLocator
#        Configuration\Obj\stm32f4xx_hal.o"
#        "D:\REPOSITORY\GIT\mySniperLocator\EWARM\MySniperLocator
#        Configuration\Obj\stm32f4xx_hal_adc.o"
#        "D:\REPOSITORY\GIT\mySniperLocator\EWARM\MySniperLocator
#        Configuration\Obj\stm32f4xx_hal_adc_ex.o"
#        "D:\REPOSITORY\GIT\mySniperLocator\EWARM\MySniperLocator
#        Configuration\Obj\stm32f4xx_hal_cortex.o"
#        "D:\REPOSITORY\GIT\mySniperLocator\EWARM\MySniperLocator
#        Configuration\Obj\stm32f4xx_hal_dma.o"
#        "D:\REPOSITORY\GIT\mySniperLocator\EWARM\MySniperLocator
#        Configuration\Obj\stm32f4xx_hal_dma_ex.o"
#        "D:\REPOSITORY\GIT\mySniperLocator\EWARM\MySniperLocator
#        Configuration\Obj\stm32f4xx_hal_flash.o"
#        "D:\REPOSITORY\GIT\mySniperLocator\EWARM\MySniperLocator
#        Configuration\Obj\stm32f4xx_hal_flash_ex.o"
#        "D:\REPOSITORY\GIT\mySniperLocator\EWARM\MySniperLocator
#        Configuration\Obj\stm32f4xx_hal_flash_ramfunc.o"
#        "D:\REPOSITORY\GIT\mySniperLocator\EWARM\MySniperLocator
#        Configuration\Obj\stm32f4xx_hal_gpio.o"
#        "D:\REPOSITORY\GIT\mySniperLocator\EWARM\MySniperLocator
#        Configuration\Obj\stm32f4xx_hal_msp.o"
#        "D:\REPOSITORY\GIT\mySniperLocator\EWARM\MySniperLocator
#        Configuration\Obj\stm32f4xx_hal_pcd.o"
#        "D:\REPOSITORY\GIT\mySniperLocator\EWARM\MySniperLocator
#        Configuration\Obj\stm32f4xx_hal_pcd_ex.o"
#        "D:\REPOSITORY\GIT\mySniperLocator\EWARM\MySniperLocator
#        Configuration\Obj\stm32f4xx_hal_pwr.o"
#        "D:\REPOSITORY\GIT\mySniperLocator\EWARM\MySniperLocator
#        Configuration\Obj\stm32f4xx_hal_pwr_ex.o"
#        "D:\REPOSITORY\GIT\mySniperLocator\EWARM\MySniperLocator
#        Configuration\Obj\stm32f4xx_hal_rcc.o"
#        "D:\REPOSITORY\GIT\mySniperLocator\EWARM\MySniperLocator
#        Configuration\Obj\stm32f4xx_hal_rcc_ex.o"
#        "D:\REPOSITORY\GIT\mySniperLocator\EWARM\MySniperLocator
#        Configuration\Obj\stm32f4xx_hal_rtc.o"
#        "D:\REPOSITORY\GIT\mySniperLocator\EWARM\MySniperLocator
#        Configuration\Obj\stm32f4xx_hal_rtc_ex.o"
#        "D:\REPOSITORY\GIT\mySniperLocator\EWARM\MySniperLocator
#        Configuration\Obj\stm32f4xx_hal_sd.o"
#        "D:\REPOSITORY\GIT\mySniperLocator\EWARM\MySniperLocator
#        Configuration\Obj\stm32f4xx_hal_uart.o"
#        "D:\REPOSITORY\GIT\mySniperLocator\EWARM\MySniperLocator
#        Configuration\Obj\stm32f4xx_it.o"
#        "D:\REPOSITORY\GIT\mySniperLocator\EWARM\MySniperLocator
#        Configuration\Obj\stm32f4xx_ll_sdmmc.o"
#        "D:\REPOSITORY\GIT\mySniperLocator\EWARM\MySniperLocator
#        Configuration\Obj\stm32f4xx_ll_usb.o"
#        "D:\REPOSITORY\GIT\mySniperLocator\EWARM\MySniperLocator
#        Configuration\Obj\syscall.o"
#        "D:\REPOSITORY\GIT\mySniperLocator\EWARM\MySniperLocator
#        Configuration\Obj\system_stm32f4xx.o"
#        "D:\REPOSITORY\GIT\mySniperLocator\EWARM\MySniperLocator
#        Configuration\Obj\usb_device.o"
#        "D:\REPOSITORY\GIT\mySniperLocator\EWARM\MySniperLocator
#        Configuration\Obj\usbd_cdc.o"
#        "D:\REPOSITORY\GIT\mySniperLocator\EWARM\MySniperLocator
#        Configuration\Obj\usbd_cdc_if.o"
#        "D:\REPOSITORY\GIT\mySniperLocator\EWARM\MySniperLocator
#        Configuration\Obj\usbd_conf.o"
#        "D:\REPOSITORY\GIT\mySniperLocator\EWARM\MySniperLocator
#        Configuration\Obj\usbd_core.o"
#        "D:\REPOSITORY\GIT\mySniperLocator\EWARM\MySniperLocator
#        Configuration\Obj\usbd_ctlreq.o"
#        "D:\REPOSITORY\GIT\mySniperLocator\EWARM\MySniperLocator
#        Configuration\Obj\usbd_desc.o"
#        "D:\REPOSITORY\GIT\mySniperLocator\EWARM\MySniperLocator
#        Configuration\Obj\usbd_ioreq.o" --redirect _Printf=_PrintfFull
#        --redirect _Scanf=_ScanfFull -o
#        "D:\REPOSITORY\GIT\mySniperLocator\EWARM\MySniperLocator
#        Configuration\Exe\MySniperLocator Configuration.out" --map
#        "D:\REPOSITORY\GIT\mySniperLocator\EWARM\MySniperLocator
#        Configuration/List\MySniperLocator Configuration.map" --config
#        D:\REPOSITORY\GIT\mySniperLocator\EWARM\MySniperLocator.icf
#        --semihosting --entry __iar_program_start --vfe
#
###############################################################################

*******************************************************************************
*** RUNTIME MODEL ATTRIBUTES
***

CppFlavor       = *
__Heap_Handler  = DLMalloc
__SystemLibrary = DLib


*******************************************************************************
*** PLACEMENT SUMMARY
***

"A1":  place at 0x08000000 { ro section .intvec };
"P1":  place in [from 0x08000000 to 0x080fffff] { ro };
"P2":  place in [from 0x20000000 to 0x2001ffff] { rw, block CSTACK, block HEAP };

  Section            Kind        Address    Size  Object
  -------            ----        -------    ----  ------
"A1":                                      0x188
  .intvec            ro code  0x08000000   0x188  startup_stm32f407xx.o [1]
                            - 0x08000188   0x188

"P1":                                     0x8f29
  .text              ro code  0x08000188  0x1a20  ff.o [1]
  .text              ro code  0x08001ba8    0x66  ABImemset.o [5]
  .text              ro code  0x08001c0e    0x22  zero_init3.o [5]
  .text              ro code  0x08001c30    0x70  diskio.o [1]
  .text              ro code  0x08001ca0   0x514  ccsbcs.o [1]
  .text              ro code  0x080021b4     0x8  syscall.o [1]
  .text              ro code  0x080021bc  0x1500  dlmalloc.o [3]
  .text              ro code  0x080036bc     0x6  abort.o [3]
  .text              ro code  0x080036c4    0x2c  xgetmemchunk.o [3]
  .text              ro code  0x080036f0    0x14  exit.o [6]
  .text              ro code  0x08003704   0xc36  stm32f4xx_hal_sd.o [1]
  .text              ro code  0x0800433c   0x194  stm32f4xx_hal_msp.o [1]
  .text              ro code  0x080044d0    0x56  ABImemcpy_unaligned.o [5]
  .text              ro code  0x08004528    0xb4  stm32f4xx_ll_sdmmc.o [1]
  .text              ro code  0x080045dc    0x84  stm32f4xx_hal.o [1]
  .text              ro code  0x08004660    0xe2  stm32f4xx_hal_cortex.o [1]
  .text              ro code  0x08004744   0x1ec  stm32f4xx_hal_gpio.o [1]
  .text              ro code  0x08004930   0xaf2  stm32f4xx_hal_dma.o [1]
  .text              ro code  0x08005424   0x510  stm32f4xx_hal_rcc.o [1]
  .text              ro code  0x08005934   0x8c0  stm32f4xx_ll_usb.o [1]
  .text              ro code  0x080061f4   0x818  main.o [1]
  .text              ro code  0x08006a0c   0x38c  stm32f4xx_hal_adc.o [1]
  .text              ro code  0x08006d98   0x414  stm32f4xx_hal_uart.o [1]
  .text              ro code  0x080071ac    0x38  usb_device.o [1]
  .text              ro code  0x080071e4    0x38  ff_gen_drv.o [1]
  .text              ro code  0x0800721c   0x120  stm32f4xx_hal_rcc_ex.o [1]
  .text              ro code  0x0800733c   0x498  stm32f4xx_hal_rtc.o [1]
  .text              ro code  0x080077d4   0x266  usbd_core.o [1]
  .text              ro code  0x08007a3c   0x1ee  usbd_cdc.o [1]
  .text              ro code  0x08007c2c   0x224  usbd_conf.o [1]
  .text              ro code  0x08007e50   0x3c6  usbd_ctlreq.o [1]
  .text              ro code  0x08008216    0x60  usbd_ioreq.o [1]
  .text              ro code  0x08008276   0x71e  stm32f4xx_hal_pcd.o [1]
  .text              ro code  0x08008994    0x44  stm32f4xx_hal_pcd_ex.o [1]
  .text              ro code  0x080089d8    0xd2  packbits_init.o [5]
  .text              ro code  0x08008aac    0xb0  usbd_desc.o [1]
  .text              ro code  0x08008b5c    0xa8  sd_diskio.o [1]
  .text              ro code  0x08008c04    0x68  bsp_driver_sd.o [1]
  .text              ro code  0x08008c6c    0x50  system_stm32f4xx.o [1]
  .text              ro code  0x08008cbc    0x34  usbd_cdc_if.o [1]
  .text              ro code  0x08008cf0    0x2c  stm32f4xx_it.o [1]
  .text              ro code  0x08008d1c    0x28  data_init.o [5]
  .iar.init_table    const    0x08008d44    0x2c  - Linker created -
  .text              ro code  0x08008d70    0x1a  fpinit_M.o [4]
  .text              ro code  0x08008d8c    0x1a  cmain.o [5]
  .text              ro code  0x08008da6     0x4  low_level_init.o [3]
  .text              ro code  0x08008daa     0x4  exit.o [3]
  .text              ro code  0x08008db0     0xa  cexit.o [5]
  .text              ro code  0x08008dbc    0x10  startup_stm32f407xx.o [1]
  .text              ro code  0x08008dcc     0xc  cstartup_M.o [5]
  .text              ro code  0x08008dd8     0x4  startup_stm32f407xx.o [1]
  .text              ro code  0x08008ddc     0x4  startup_stm32f407xx.o [1]
  .text              ro code  0x08008de0     0x4  startup_stm32f407xx.o [1]
  .text              ro code  0x08008de4     0x4  startup_stm32f407xx.o [1]
  .text              ro code  0x08008de8     0x4  startup_stm32f407xx.o [1]
  .text              ro code  0x08008dec     0x4  startup_stm32f407xx.o [1]
  .text              ro code  0x08008df0     0x4  startup_stm32f407xx.o [1]
  .text              ro code  0x08008df4     0x4  startup_stm32f407xx.o [1]
  .text              ro code  0x08008df8     0x4  startup_stm32f407xx.o [1]
  .text              ro code  0x08008dfc     0x4  startup_stm32f407xx.o [1]
  .text              ro code  0x08008e00     0x4  startup_stm32f407xx.o [1]
  .text              ro code  0x08008e04     0x4  startup_stm32f407xx.o [1]
  .text              ro code  0x08008e08     0x4  startup_stm32f407xx.o [1]
  .text              ro code  0x08008e0c     0x4  startup_stm32f407xx.o [1]
  .text              ro code  0x08008e10     0x4  startup_stm32f407xx.o [1]
  .text              ro code  0x08008e14     0x4  startup_stm32f407xx.o [1]
  .text              ro code  0x08008e18     0x4  startup_stm32f407xx.o [1]
  .text              ro code  0x08008e1c     0x4  startup_stm32f407xx.o [1]
  .text              ro code  0x08008e20     0x4  startup_stm32f407xx.o [1]
  .text              ro code  0x08008e24     0x4  startup_stm32f407xx.o [1]
  .text              ro code  0x08008e28     0x4  startup_stm32f407xx.o [1]
  .text              ro code  0x08008e2c     0x4  startup_stm32f407xx.o [1]
  .text              ro code  0x08008e30     0x4  startup_stm32f407xx.o [1]
  .text              ro code  0x08008e34     0x4  startup_stm32f407xx.o [1]
  .text              ro code  0x08008e38     0x4  startup_stm32f407xx.o [1]
  .text              ro code  0x08008e3c     0x4  startup_stm32f407xx.o [1]
  .text              ro code  0x08008e40     0x4  startup_stm32f407xx.o [1]
  .text              ro code  0x08008e44     0x4  startup_stm32f407xx.o [1]
  .text              ro code  0x08008e48     0x4  startup_stm32f407xx.o [1]
  .text              ro code  0x08008e4c     0x4  startup_stm32f407xx.o [1]
  .text              ro code  0x08008e50     0x4  startup_stm32f407xx.o [1]
  .text              ro code  0x08008e54     0x4  startup_stm32f407xx.o [1]
  .text              ro code  0x08008e58     0x4  startup_stm32f407xx.o [1]
  .text              ro code  0x08008e5c     0x4  startup_stm32f407xx.o [1]
  .text              ro code  0x08008e60     0x4  startup_stm32f407xx.o [1]
  .text              ro code  0x08008e64     0x4  startup_stm32f407xx.o [1]
  .text              ro code  0x08008e68     0x4  startup_stm32f407xx.o [1]
  .text              ro code  0x08008e6c     0x4  startup_stm32f407xx.o [1]
  .text              ro code  0x08008e70     0x4  startup_stm32f407xx.o [1]
  .text              ro code  0x08008e74     0x4  startup_stm32f407xx.o [1]
  .text              ro code  0x08008e78     0x4  startup_stm32f407xx.o [1]
  .text              ro code  0x08008e7c     0x4  startup_stm32f407xx.o [1]
  .text              ro code  0x08008e80     0x4  startup_stm32f407xx.o [1]
  .text              ro code  0x08008e84     0x4  startup_stm32f407xx.o [1]
  .text              ro code  0x08008e88     0x4  startup_stm32f407xx.o [1]
  .text              ro code  0x08008e8c     0x4  startup_stm32f407xx.o [1]
  .text              ro code  0x08008e90     0x4  startup_stm32f407xx.o [1]
  .text              ro code  0x08008e94     0x4  startup_stm32f407xx.o [1]
  .text              ro code  0x08008e98     0x4  startup_stm32f407xx.o [1]
  .text              ro code  0x08008e9c     0x4  startup_stm32f407xx.o [1]
  .text              ro code  0x08008ea0     0x4  startup_stm32f407xx.o [1]
  .text              ro code  0x08008ea4     0x4  startup_stm32f407xx.o [1]
  .text              ro code  0x08008ea8     0x4  startup_stm32f407xx.o [1]
  .text              ro code  0x08008eac     0x4  startup_stm32f407xx.o [1]
  .text              ro code  0x08008eb0     0x4  startup_stm32f407xx.o [1]
  .text              ro code  0x08008eb4     0x4  startup_stm32f407xx.o [1]
  .text              ro code  0x08008eb8     0x4  startup_stm32f407xx.o [1]
  .text              ro code  0x08008ebc     0x4  startup_stm32f407xx.o [1]
  .text              ro code  0x08008ec0     0x4  startup_stm32f407xx.o [1]
  .text              ro code  0x08008ec4     0x4  startup_stm32f407xx.o [1]
  .text              ro code  0x08008ec8     0x4  startup_stm32f407xx.o [1]
  .text              ro code  0x08008ecc     0x4  startup_stm32f407xx.o [1]
  .text              ro code  0x08008ed0     0x4  startup_stm32f407xx.o [1]
  .text              ro code  0x08008ed4     0x4  startup_stm32f407xx.o [1]
  .text              ro code  0x08008ed8     0x4  startup_stm32f407xx.o [1]
  .text              ro code  0x08008edc     0x4  startup_stm32f407xx.o [1]
  .text              ro code  0x08008ee0     0x4  startup_stm32f407xx.o [1]
  .text              ro code  0x08008ee4     0x4  startup_stm32f407xx.o [1]
  .text              ro code  0x08008ee8     0x4  startup_stm32f407xx.o [1]
  .text              ro code  0x08008eec     0x4  startup_stm32f407xx.o [1]
  .text              ro code  0x08008ef0     0x4  startup_stm32f407xx.o [1]
  .text              ro code  0x08008ef4     0x4  startup_stm32f407xx.o [1]
  .text              ro code  0x08008ef8     0x4  startup_stm32f407xx.o [1]
  .text              ro code  0x08008efc     0x4  startup_stm32f407xx.o [1]
  .text              ro code  0x08008f00     0x4  startup_stm32f407xx.o [1]
  .text              ro code  0x08008f04     0x4  startup_stm32f407xx.o [1]
  .text              ro code  0x08008f08     0x4  startup_stm32f407xx.o [1]
  .text              ro code  0x08008f0c     0x4  startup_stm32f407xx.o [1]
  .text              ro code  0x08008f10     0x4  startup_stm32f407xx.o [1]
  .text              ro code  0x08008f14     0x4  startup_stm32f407xx.o [1]
  .text              ro code  0x08008f18     0x4  startup_stm32f407xx.o [1]
  .text              ro code  0x08008f1c     0x4  startup_stm32f407xx.o [1]
  .text              ro code  0x08008f20     0x4  startup_stm32f407xx.o [1]
  .text              ro code  0x08008f24     0x4  startup_stm32f407xx.o [1]
  .text              ro code  0x08008f28     0x4  startup_stm32f407xx.o [1]
  .text              ro code  0x08008f2c     0x4  startup_stm32f407xx.o [1]
  .rodata            const    0x08008f30     0x0  zero_init3.o [5]
  .rodata            const    0x08008f30     0x0  packbits_init.o [5]
  Initializer bytes  ro data  0x08008f30   0x181  <for P2 s0>
                            - 0x080090b1  0x8f29

"P2":                                     0xb410
  P2 s0                       0x20000000   0x45d  <Init block>
    .data            inited   0x20000000   0x2e0  main.o [1]
    .data            inited   0x200002e0    0x44  usbd_cdc.o [1]
    .data            inited   0x20000324    0x44  usbd_cdc.o [1]
    .data            inited   0x20000368    0x44  usbd_cdc.o [1]
    .data            inited   0x200003ac    0x38  usbd_cdc.o [1]
    .data            inited   0x200003e4    0x1c  usbd_desc.o [1]
    .data            inited   0x20000400    0x14  sd_diskio.o [1]
    .data            inited   0x20000414    0x14  system_stm32f4xx.o [1]
    .data            inited   0x20000428    0x14  usbd_desc.o [1]
    .data            inited   0x2000043c    0x10  usbd_cdc_if.o [1]
    .data            inited   0x2000044c     0xc  usbd_cdc.o [1]
    .data            inited   0x20000458     0x4  usbd_desc.o [1]
    .data            inited   0x2000045c     0x1  sd_diskio.o [1]
  .bss               zero     0x20000460  0x22c4  main.o [1]
  .bss               zero     0x20002724   0x3b4  usbd_conf.o [1]
  .bss               zero     0x20002ad8   0x22c  main.o [1]
  .bss               zero     0x20002d04   0x224  usb_device.o [1]
  .bss               zero     0x20002f28   0x200  usbd_desc.o [1]
  .bss               zero     0x20003128   0x1d8  dlmalloc.o [3]
  .bss               zero     0x20003300    0x58  main.o [1]
  .bss               zero     0x20003358    0x50  main.o [1]
  .bss               zero     0x200033a8    0x18  ff.o [1]
  .bss               zero     0x200033c0    0x18  dlmalloc.o [3]
  .bss               zero     0x200033d8     0xc  ff_gen_drv.o [1]
  .bss               zero     0x200033e4     0xc  usbd_cdc_if.o [1]
  .bss               zero     0x200033f0     0x8  fatfs.o [1]
  .bss               zero     0x200033f8     0x8  ff.o [1]
  .bss               zero     0x20003400     0x4  main.o [1]
  .bss               zero     0x20003404     0x4  stm32f4xx_hal.o [1]
  .bss               zero     0x20003408     0x4  xgetmemchunk.o [3]
  .bss               zero     0x2000340c     0x1  usbd_cdc.o [1]
  .bss               zero     0x2000340d     0x1  usbd_ctlreq.o [1]
  CSTACK                      0x20003410  0x4000  <Block>
    CSTACK           uninit   0x20003410  0x4000  <Block tail>
  HEAP                        0x20007410  0x4000  <Block>
    HEAP             uninit   0x20007410  0x4000  <Block tail>
                            - 0x2000b410  0xb410


*******************************************************************************
*** INIT TABLE
***

          Address     Size
          -------     ----
Zero (__iar_zero_init3)
    1 destination range, total size 0x2fae:
          0x20000460  0x2fae

Copy/packbits (__iar_packbits_init3)
    1 source range, total size 0x181 (34% of destination):
          0x08008f30   0x181
    1 destination range, total size 0x45d:
          0x20000000   0x45d



*******************************************************************************
*** MODULE SUMMARY
***

    Module                  ro code  ro data  rw data
    ------                  -------  -------  -------
D:\REPOSITORY\GIT\mySniperLocator\EWARM\MySniperLocator Configuration\Obj: [1]
    bsp_driver_sd.o             104
    ccsbcs.o                  1 300
    diskio.o                    112
    fatfs.o                                         8
    ff.o                      6 688                32
    ff_gen_drv.o                 56                12
    main.o                    2 072      253   10 364
    sd_diskio.o                 168        8       21
    startup_stm32f407xx.o       752
    stm32f4xx_hal.o             132                 4
    stm32f4xx_hal_adc.o         908
    stm32f4xx_hal_cortex.o      226
    stm32f4xx_hal_dma.o       2 802
    stm32f4xx_hal_gpio.o        492
    stm32f4xx_hal_msp.o         404
    stm32f4xx_hal_pcd.o       1 822
    stm32f4xx_hal_pcd_ex.o       68
    stm32f4xx_hal_rcc.o       1 296
    stm32f4xx_hal_rcc_ex.o      288
    stm32f4xx_hal_rtc.o       1 176
    stm32f4xx_hal_sd.o        3 126
    stm32f4xx_hal_uart.o      1 044
    stm32f4xx_it.o               44
    stm32f4xx_ll_sdmmc.o        180
    stm32f4xx_ll_usb.o        2 240
    syscall.o                     8
    system_stm32f4xx.o           80        7       20
    usb_device.o                 56               548
    usbd_cdc.o                  494       94      273
    usbd_cdc_if.o                52        6       28
    usbd_conf.o                 548               948
    usbd_core.o                 614
    usbd_ctlreq.o               966                 1
    usbd_desc.o                 176       17      564
    usbd_ioreq.o                 96
    -------------------------------------------------
    Total:                   30 590      385   12 823

command line: [2]
    -------------------------------------------------
    Total:

dl7M_tlf.a: [3]
    abort.o                       6
    dlmalloc.o                5 376               496
    exit.o                        4
    low_level_init.o              4
    xgetmemchunk.o               44                 4
    -------------------------------------------------
    Total:                    5 434               500

m7M_tlv.a: [4]
    fpinit_M.o                   26
    -------------------------------------------------
    Total:                       26

rt7M_tl.a: [5]
    ABImemcpy_unaligned.o        86
    ABImemset.o                 102
    cexit.o                      10
    cmain.o                      26
    cstartup_M.o                 12
    data_init.o                  40
    packbits_init.o             210
    zero_init3.o                 34
    -------------------------------------------------
    Total:                      520

shb_l.a: [6]
    exit.o                       20
    -------------------------------------------------
    Total:                       20

    Gaps                         22                 3
    Linker created                        44   32 768
-----------------------------------------------------
    Grand Total:             36 612      429   46 094


*******************************************************************************
*** ENTRY LIST
***

Entry                      Address    Size  Type      Object
-----                      -------    ----  ----      ------
?main                   0x08008d8d          Code  Gb  cmain.o [5]
ADCConvValues           0x20000710  0x2010  Data  Gb  main.o [1]
ADC_DMAConvCplt         0x08006d59    0x1a  Code  Lc  stm32f4xx_hal_adc.o [1]
ADC_DMAError            0x08006d81    0x18  Code  Lc  stm32f4xx_hal_adc.o [1]
ADC_DMAHalfConvCplt     0x08006d75     0xa  Code  Lc  stm32f4xx_hal_adc.o [1]
ADC_Init                0x08006c5b    0xe8  Code  Lc  stm32f4xx_hal_adc.o [1]
AHBPrescTable           0x20000414    0x10  Data  Gb  system_stm32f4xx.o [1]
APBAHBPrescTable        0x08005924    0x10  Data  Gb  stm32f4xx_hal_rcc.o [1]
BSP_SD_GetCardInfo      0x08008c5b     0x8  Code  Gb  bsp_driver_sd.o [1]
BSP_SD_GetStatus        0x08008c55     0x6  Code  Gb  bsp_driver_sd.o [1]
BSP_SD_Init             0x08008c05    0x22  Code  Gb  bsp_driver_sd.o [1]
BSP_SD_ReadBlocks       0x08008c27     0xe  Code  Gb  bsp_driver_sd.o [1]
BSP_SD_WriteBlocks      0x08008c35     0xc  Code  Gb  bsp_driver_sd.o [1]
CDC_Control_FS          0x08008cdf     0x4  Code  Lc  usbd_cdc_if.o [1]
CDC_DeInit_FS           0x08008cdb     0x4  Code  Lc  usbd_cdc_if.o [1]
CDC_Init_FS             0x08008cbd    0x1e  Code  Lc  usbd_cdc_if.o [1]
CDC_Receive_FS          0x08008ce3     0x4  Code  Lc  usbd_cdc_if.o [1]
CSTACK$$Base            0x20003410           --   Gb  - Linker created -
CSTACK$$Limit           0x20007410           --   Gb  - Linker created -
DMA2_Stream0_IRQHandler
                        0x08008cff     0x6  Code  Gb  stm32f4xx_it.o [1]
DMA_SetConfig           0x08005405    0x1e  Code  Lc  stm32f4xx_hal_dma.o [1]
Error_HandlerSD         0x080061f5    0x2a  Code  Lc  main.o [1]
Error_HandlerSync       0x0800621f    0x1e  Code  Lc  main.o [1]
ExCvt                   0x08000ea4    0x80  Data  Lc  ff.o [1]
FATFS_LinkDriver        0x080071e5    0x34  Code  Gb  ff_gen_drv.o [1]
FS_Desc                 0x200003e4    0x1c  Data  Gb  usbd_desc.o [1]
FatFs                   0x200033fc     0x4  Data  Lc  ff.o [1]
Files                   0x200033a8    0x18  Data  Lc  ff.o [1]
Fsid                    0x200033f8     0x2  Data  Lc  ff.o [1]
HAL_ADC_ConfigChannel   0x08006b23   0x138  Code  Gb  stm32f4xx_hal_adc.o [1]
HAL_ADC_ConvCpltCallback
                        0x0800680f   0x11a  Code  Gb  main.o [1]
HAL_ADC_ConvHalfCpltCallback
                        0x080067c9    0x3a  Code  Gb  main.o [1]
HAL_ADC_ErrorCallback   0x08006b21     0x2  Code  Wk  stm32f4xx_hal_adc.o [1]
HAL_ADC_Init            0x08006a0d    0x36  Code  Gb  stm32f4xx_hal_adc.o [1]
HAL_ADC_MspInit         0x08004355    0x74  Code  Gb  stm32f4xx_hal_msp.o [1]
HAL_ADC_Start_DMA       0x08006a43    0xa6  Code  Gb  stm32f4xx_hal_adc.o [1]
HAL_ADC_Stop_DMA        0x08006ae9    0x2c  Code  Gb  stm32f4xx_hal_adc.o [1]
HAL_DMA_Abort           0x08004a11    0x4e  Code  Gb  stm32f4xx_hal_dma.o [1]
HAL_DMA_IRQHandler      0x08004a5f   0x956  Code  Gb  stm32f4xx_hal_dma.o [1]
HAL_DMA_Init            0x08004931    0x6c  Code  Gb  stm32f4xx_hal_dma.o [1]
HAL_DMA_Start_IT        0x080049a1    0x46  Code  Gb  stm32f4xx_hal_dma.o [1]
HAL_Delay               0x08004641    0x18  Code  Wk  stm32f4xx_hal.o [1]
HAL_GPIO_Init           0x08004745   0x1a6  Code  Gb  stm32f4xx_hal_gpio.o [1]
HAL_GPIO_ReadPin        0x080048eb     0xc  Code  Gb  stm32f4xx_hal_gpio.o [1]
HAL_GPIO_WritePin       0x080048f7     0x8  Code  Gb  stm32f4xx_hal_gpio.o [1]
HAL_GetTick             0x0800463b     0x6  Code  Wk  stm32f4xx_hal.o [1]
HAL_IncTick             0x08004631     0xa  Code  Wk  stm32f4xx_hal.o [1]
HAL_Init                0x080045dd    0x30  Code  Gb  stm32f4xx_hal.o [1]
HAL_InitTick            0x0800460d    0x24  Code  Wk  stm32f4xx_hal.o [1]
HAL_MspInit             0x0800433d    0x18  Code  Gb  stm32f4xx_hal_msp.o [1]
HAL_NVIC_EnableIRQ      0x080046e3     0xc  Code  Gb  stm32f4xx_hal_cortex.o [1]
HAL_NVIC_SetPriority    0x0800469f    0x44  Code  Gb  stm32f4xx_hal_cortex.o [1]
HAL_NVIC_SetPriorityGrouping
                        0x08004685    0x1a  Code  Gb  stm32f4xx_hal_cortex.o [1]
HAL_PCDEx_SetRxFiFo     0x080089d1     0x8  Code  Gb  stm32f4xx_hal_pcd_ex.o [1]
HAL_PCDEx_SetTxFiFo     0x08008995    0x3c  Code  Gb  stm32f4xx_hal_pcd_ex.o [1]
HAL_PCD_ConnectCallback
                        0x08007d35     0x8  Code  Gb  usbd_conf.o [1]
HAL_PCD_DataInStageCallback
                        0x08007cbb    0x10  Code  Gb  usbd_conf.o [1]
HAL_PCD_DataOutStageCallback
                        0x08007ca9    0x12  Code  Gb  usbd_conf.o [1]
HAL_PCD_DisconnectCallback
                        0x08007d3d     0x8  Code  Gb  usbd_conf.o [1]
HAL_PCD_EP_Close        0x08008779    0x38  Code  Gb  stm32f4xx_hal_pcd.o [1]
HAL_PCD_EP_ClrStall     0x080088b9    0x44  Code  Gb  stm32f4xx_hal_pcd.o [1]
HAL_PCD_EP_GetRxCount   0x080087f7    0x12  Code  Gb  stm32f4xx_hal_pcd.o [1]
HAL_PCD_EP_Open         0x0800872d    0x4c  Code  Gb  stm32f4xx_hal_pcd.o [1]
HAL_PCD_EP_Receive      0x080087bd    0x3a  Code  Gb  stm32f4xx_hal_pcd.o [1]
HAL_PCD_EP_SetStall     0x08008861    0x58  Code  Gb  stm32f4xx_hal_pcd.o [1]
HAL_PCD_EP_Transmit     0x08008809    0x38  Code  Gb  stm32f4xx_hal_pcd.o [1]
HAL_PCD_IRQHandler      0x08008343   0x392  Code  Gb  stm32f4xx_hal_pcd.o [1]
HAL_PCD_ISOINIncompleteCallback
                        0x08007d2d     0x8  Code  Gb  usbd_conf.o [1]
HAL_PCD_ISOOUTIncompleteCallback
                        0x08007d25     0x8  Code  Gb  usbd_conf.o [1]
HAL_PCD_Init            0x08008277    0xa6  Code  Gb  stm32f4xx_hal_pcd.o [1]
HAL_PCD_MspInit         0x08007c2d    0x70  Code  Gb  usbd_conf.o [1]
HAL_PCD_ResetCallback   0x08007cd3    0x20  Code  Gb  usbd_conf.o [1]
HAL_PCD_ResumeCallback  0x08007d1d     0x8  Code  Gb  usbd_conf.o [1]
HAL_PCD_SOFCallback     0x08007ccb     0x8  Code  Gb  usbd_conf.o [1]
HAL_PCD_SetAddress      0x08008709    0x1c  Code  Gb  stm32f4xx_hal_pcd.o [1]
HAL_PCD_SetupStageCallback
                        0x08007c9d     0xc  Code  Gb  usbd_conf.o [1]
HAL_PCD_Start           0x08008327    0x1c  Code  Gb  stm32f4xx_hal_pcd.o [1]
HAL_PCD_SuspendCallback
                        0x08007cf3    0x2a  Code  Gb  usbd_conf.o [1]
HAL_RCCEx_PeriphCLKConfig
                        0x0800721d   0x108  Code  Gb  stm32f4xx_hal_rcc_ex.o [1]
HAL_RCC_ClockConfig     0x080056a9   0x1b0  Code  Gb  stm32f4xx_hal_rcc.o [1]
HAL_RCC_GetHCLKFreq     0x080058ad    0x1e  Code  Gb  stm32f4xx_hal_rcc.o [1]
HAL_RCC_GetPCLK1Freq    0x080058cb    0x14  Code  Gb  stm32f4xx_hal_rcc.o [1]
HAL_RCC_GetPCLK2Freq    0x080058df    0x12  Code  Gb  stm32f4xx_hal_rcc.o [1]
HAL_RCC_GetSysClockFreq
                        0x08005867    0x46  Code  Wk  stm32f4xx_hal_rcc.o [1]
HAL_RCC_OscConfig       0x08005425   0x27c  Code  Wk  stm32f4xx_hal_rcc.o [1]
HAL_RTC_GetDate         0x08007573    0x3c  Code  Gb  stm32f4xx_hal_rtc.o [1]
HAL_RTC_GetTime         0x08007489    0x3c  Code  Gb  stm32f4xx_hal_rtc.o [1]
HAL_RTC_Init            0x0800733d    0x7e  Code  Gb  stm32f4xx_hal_rtc.o [1]
HAL_RTC_MspInit         0x080043c9    0x10  Code  Gb  stm32f4xx_hal_msp.o [1]
HAL_RTC_SetAlarm        0x080075b5    0xd2  Code  Gb  stm32f4xx_hal_rtc.o [1]
HAL_RTC_SetDate         0x080074cb    0x90  Code  Gb  stm32f4xx_hal_rtc.o [1]
HAL_RTC_SetTime         0x080073d1    0xb2  Code  Gb  stm32f4xx_hal_rtc.o [1]
HAL_RTC_WaitForSynchro  0x08007749    0x2e  Code  Gb  stm32f4xx_hal_rtc.o [1]
HAL_SD_GetStatus        0x08003dfd    0x36  Code  Gb  stm32f4xx_hal_sd.o [1]
HAL_SD_Get_CardInfo     0x08003aff   0x2c6  Code  Gb  stm32f4xx_hal_sd.o [1]
HAL_SD_Init             0x08003705    0xb2  Code  Gb  stm32f4xx_hal_sd.o [1]
HAL_SD_MspInit          0x080043d9    0x48  Code  Gb  stm32f4xx_hal_msp.o [1]
HAL_SD_ReadBlocks       0x080037b7   0x168  Code  Gb  stm32f4xx_hal_sd.o [1]
HAL_SD_StopTransfer     0x08003dc5    0x1c  Code  Gb  stm32f4xx_hal_sd.o [1]
HAL_SD_WriteBlocks      0x08003931   0x1bc  Code  Gb  stm32f4xx_hal_sd.o [1]
HAL_SYSTICK_Callback    0x08004741     0x2  Code  Wk  stm32f4xx_hal_cortex.o [1]
HAL_SYSTICK_Config      0x080046f7    0x28  Code  Gb  stm32f4xx_hal_cortex.o [1]
HAL_SYSTICK_IRQHandler  0x08004739     0x8  Code  Gb  stm32f4xx_hal_cortex.o [1]
HAL_UART_ErrorCallback  0x0800701f     0x2  Code  Wk  stm32f4xx_hal_uart.o [1]
HAL_UART_IRQHandler     0x08006ed7   0x148  Code  Gb  stm32f4xx_hal_uart.o [1]
HAL_UART_Init           0x08006d99    0x30  Code  Gb  stm32f4xx_hal_uart.o [1]
HAL_UART_MspInit        0x08004431    0x5a  Code  Gb  stm32f4xx_hal_msp.o [1]
HAL_UART_Receive_IT     0x08006e69    0x68  Code  Gb  stm32f4xx_hal_uart.o [1]
HAL_UART_RxCpltCallback
                        0x08006947    0x38  Code  Gb  main.o [1]
HAL_UART_Transmit_IT    0x08006e01    0x68  Code  Gb  stm32f4xx_hal_uart.o [1]
HAL_UART_TxCpltCallback
                        0x08006943     0x4  Code  Gb  main.o [1]
HEAP$$Base              0x20007410           --   Gb  - Linker created -
HEAP$$Limit             0x2000b410           --   Gb  - Linker created -
InStream_Read           0x080089d9    0x22  Code  Lc  packbits_init.o [5]
LfnOfs                  0x08000c8c    0x10  Data  Lc  ff.o [1]
MX_GPIO_Init            0x0800668f   0x10c  Code  Lc  main.o [1]
MX_RTC_Init             0x080065ef    0xa0  Code  Lc  main.o [1]
MX_USB_DEVICE_Init      0x080071ad    0x38  Code  Gb  usb_device.o [1]
MyFile                  0x20002ad8   0x22c  Data  Gb  main.o [1]
MyFile_time             0x200004e4   0x22c  Data  Gb  main.o [1]
NVIC_GetPriorityGrouping
                        0x08004661     0xa  Code  Lc  stm32f4xx_hal_cortex.o [1]
NVIC_SetPriority        0x0800466b    0x1a  Code  Lc  stm32f4xx_hal_cortex.o [1]
OTG_FS_IRQHandler       0x08008d05     0x6  Code  Gb  stm32f4xx_it.o [1]
PCD_WriteEmptyTxFifo    0x080088fd    0x98  Code  Lc  stm32f4xx_hal_pcd.o [1]
RTC_Bcd2ToByte          0x080077c5    0x10  Code  Gb  stm32f4xx_hal_rtc.o [1]
RTC_ByteToBcd2          0x080077af    0x16  Code  Gb  stm32f4xx_hal_rtc.o [1]
RTC_EnterInitMode       0x0800777d    0x32  Code  Gb  stm32f4xx_hal_rtc.o [1]
Region$$Table$$Base     0x08008d44           --   Gb  - Linker created -
Region$$Table$$Limit    0x08008d70           --   Gb  - Linker created -
SDCardInfo              0x20003300    0x58  Data  Gb  main.o [1]
SDFatFs                 0x200000ac   0x230  Data  Gb  main.o [1]
SDIO_DataConfig         0x080045a9    0x24  Code  Gb  stm32f4xx_ll_sdmmc.o [1]
SDIO_GetCommandResponse
                        0x0800458f     0x6  Code  Gb  stm32f4xx_ll_sdmmc.o [1]
SDIO_GetPowerState      0x08004565     0x8  Code  Gb  stm32f4xx_ll_sdmmc.o [1]
SDIO_GetResponse        0x08004595    0x14  Code  Gb  stm32f4xx_ll_sdmmc.o [1]
SDIO_Init               0x08004529    0x26  Code  Gb  stm32f4xx_ll_sdmmc.o [1]
SDIO_PowerState_ON      0x0800455b     0x4  Code  Gb  stm32f4xx_ll_sdmmc.o [1]
SDIO_ReadFIFO           0x0800454f     0x2  Code  Gb  stm32f4xx_ll_sdmmc.o [1]
SDIO_SendCommand        0x0800456d    0x22  Code  Gb  stm32f4xx_ll_sdmmc.o [1]
SDIO_WriteFIFO          0x08004551     0xa  Code  Gb  stm32f4xx_ll_sdmmc.o [1]
SD_CmdResp1Error        0x080040e1    0xd8  Code  Lc  stm32f4xx_hal_sd.o [1]
SD_CmdResp2Error        0x080041bb    0x30  Code  Lc  stm32f4xx_hal_sd.o [1]
SD_Driver               0x20000400    0x14  Data  Gb  sd_diskio.o [1]
SD_Initialize_Cards     0x08003e33   0x114  Code  Lc  stm32f4xx_hal_sd.o [1]
SD_IsCardProgramming    0x080041f3   0x136  Code  Lc  stm32f4xx_hal_sd.o [1]
SD_Path                 0x200033f4     0x4  Data  Gb  fatfs.o [1]
SD_PowerON              0x08003f55   0x17e  Code  Lc  stm32f4xx_hal_sd.o [1]
SD_initialize           0x08008b5d     0xe  Code  Gb  sd_diskio.o [1]
SD_ioctl                0x08008bb3    0x4c  Code  Gb  sd_diskio.o [1]
SD_read                 0x08008b85     0xc  Code  Gb  sd_diskio.o [1]
SD_status               0x08008b6b     0xc  Code  Gb  sd_diskio.o [1]
SD_write                0x08008b91     0xa  Code  Gb  sd_diskio.o [1]
Stat                    0x2000045c     0x1  Data  Lc  sd_diskio.o [1]
SysTick_Handler         0x08008cf1     0xe  Code  Gb  stm32f4xx_it.o [1]
SystemClock_Config      0x0800655f    0x90  Code  Gb  main.o [1]
SystemCoreClock         0x20000424     0x4  Data  Gb  system_stm32f4xx.o [1]
SystemInit              0x08008c6d    0x3a  Code  Gb  system_stm32f4xx.o [1]
Tbl                     0x08001cf4   0x100  Data  Lc  ccsbcs.o [1]
UART_Receive_IT         0x08007021    0xa0  Code  Lc  stm32f4xx_hal_uart.o [1]
UART_SetConfig          0x080070c1    0xe0  Code  Lc  stm32f4xx_hal_uart.o [1]
USART3_IRQHandler       0x08008d0b     0x6  Code  Gb  stm32f4xx_it.o [1]
USBD_CDC                0x200003ac    0x38  Data  Gb  usbd_cdc.o [1]
USBD_CDC_CfgFSDesc      0x20000324    0x44  Data  Gb  usbd_cdc.o [1]
USBD_CDC_CfgHSDesc      0x200002e0    0x44  Data  Gb  usbd_cdc.o [1]
USBD_CDC_DataIn         0x08007b5f    0x14  Code  Lc  usbd_cdc.o [1]
USBD_CDC_DataOut        0x08007b73    0x2e  Code  Lc  usbd_cdc.o [1]
USBD_CDC_DeInit         0x08007abd    0x3a  Code  Lc  usbd_cdc.o [1]
USBD_CDC_DeviceQualifierDesc
                        0x2000044c     0xc  Data  Lc  usbd_cdc.o [1]
USBD_CDC_EP0_RxReady    0x08007ba1    0x2c  Code  Lc  usbd_cdc.o [1]
USBD_CDC_GetDeviceQualifierDescriptor
                        0x08007be5     0x8  Code  Gb  usbd_cdc.o [1]
USBD_CDC_GetFSCfgDesc   0x08007bcd     0x8  Code  Lc  usbd_cdc.o [1]
USBD_CDC_GetHSCfgDesc   0x08007bd5     0x8  Code  Lc  usbd_cdc.o [1]
USBD_CDC_GetOtherSpeedCfgDesc
                        0x08007bdd     0x8  Code  Lc  usbd_cdc.o [1]
USBD_CDC_Init           0x08007a3d    0x76  Code  Lc  usbd_cdc.o [1]
USBD_CDC_OtherSpeedCfgDesc
                        0x20000368    0x44  Data  Gb  usbd_cdc.o [1]
USBD_CDC_RegisterInterface
                        0x08007c01     0xe  Code  Gb  usbd_cdc.o [1]
USBD_CDC_SetRxBuffer    0x08007c1f     0xc  Code  Gb  usbd_cdc.o [1]
USBD_CDC_SetTxBuffer    0x08007c0f    0x10  Code  Gb  usbd_cdc.o [1]
USBD_CDC_Setup          0x08007af7    0x68  Code  Lc  usbd_cdc.o [1]
USBD_ClrClassConfig     0x0800782f     0xa  Code  Gb  usbd_core.o [1]
USBD_CtlContinueRx      0x08008247     0x2  Code  Gb  usbd_ioreq.o [1]
USBD_CtlContinueSendData
                        0x08008225     0x2  Code  Gb  usbd_ioreq.o [1]
USBD_CtlError           0x080081bd    0x16  Code  Gb  usbd_ctlreq.o [1]
USBD_CtlPrepareRx       0x08008235    0x12  Code  Gb  usbd_ioreq.o [1]
USBD_CtlReceiveStatus   0x08008261     0xa  Code  Gb  usbd_ioreq.o [1]
USBD_CtlSendData        0x08008217     0xe  Code  Gb  usbd_ioreq.o [1]
USBD_CtlSendStatus      0x08008257     0xa  Code  Gb  usbd_ioreq.o [1]
USBD_FS_ConfigStrDescriptor
                        0x08008ae5     0xa  Code  Gb  usbd_desc.o [1]
USBD_FS_DeviceDesc      0x20000428    0x14  Data  Gb  usbd_desc.o [1]
USBD_FS_DeviceDescriptor
                        0x08008aad     0x8  Code  Gb  usbd_desc.o [1]
USBD_FS_InterfaceStrDescriptor
                        0x08008aef     0xa  Code  Gb  usbd_desc.o [1]
USBD_FS_LangIDStrDescriptor
                        0x08008ab5     0x8  Code  Gb  usbd_desc.o [1]
USBD_FS_ManufacturerStrDescriptor
                        0x08008ac7     0x8  Code  Gb  usbd_desc.o [1]
USBD_FS_ProductStrDescriptor
                        0x08008abd     0xa  Code  Gb  usbd_desc.o [1]
USBD_FS_SerialStrDescriptor
                        0x08008adb     0xa  Code  Gb  usbd_desc.o [1]
USBD_GetDescriptor      0x0800809d    0xea  Code  Lc  usbd_ctlreq.o [1]
USBD_GetString          0x080081d3    0x44  Code  Gb  usbd_ctlreq.o [1]
USBD_Init               0x080077d5    0x2a  Code  Gb  usbd_core.o [1]
USBD_Interface_fops_FS  0x2000043c    0x10  Data  Gb  usbd_cdc_if.o [1]
USBD_LL_ClearStallEP    0x08007df3     0xe  Code  Gb  usbd_conf.o [1]
USBD_LL_CloseEP         0x08007dd7     0xe  Code  Gb  usbd_conf.o [1]
USBD_LL_DataInStage     0x080078f7    0xa4  Code  Gb  usbd_core.o [1]
USBD_LL_DataOutStage    0x08007891    0x66  Code  Gb  usbd_core.o [1]
USBD_LL_DevConnected    0x08007a1f     0x4  Code  Gb  usbd_core.o [1]
USBD_LL_DevDisconnected
                        0x08007a23    0x12  Code  Gb  usbd_core.o [1]
USBD_LL_GetRxDataSize   0x08007e49     0x8  Code  Gb  usbd_conf.o [1]
USBD_LL_Init            0x08007d45    0x5e  Code  Gb  usbd_conf.o [1]
USBD_LL_IsStallEP       0x08007e01    0x1e  Code  Gb  usbd_conf.o [1]
USBD_LL_IsoINIncomplete
                        0x08007a17     0x4  Code  Gb  usbd_core.o [1]
USBD_LL_IsoOUTIncomplete
                        0x08007a1b     0x4  Code  Gb  usbd_core.o [1]
USBD_LL_OpenEP          0x08007dc3    0x14  Code  Gb  usbd_conf.o [1]
USBD_LL_PrepareReceive  0x08007e3b     0xe  Code  Gb  usbd_conf.o [1]
USBD_LL_Reset           0x0800799b    0x42  Code  Gb  usbd_core.o [1]
USBD_LL_Resume          0x080079ef     0x4  Code  Gb  usbd_core.o [1]
USBD_LL_SOF             0x080079fb    0x1c  Code  Gb  usbd_core.o [1]
USBD_LL_SetSpeed        0x080079dd     0x6  Code  Gb  usbd_core.o [1]
USBD_LL_SetUSBAddress   0x08007e1f     0xe  Code  Gb  usbd_conf.o [1]
USBD_LL_SetupStage      0x08007839    0x58  Code  Gb  usbd_core.o [1]
USBD_LL_StallEP         0x08007de5     0xe  Code  Gb  usbd_conf.o [1]
USBD_LL_Start           0x08007db5     0xe  Code  Gb  usbd_conf.o [1]
USBD_LL_Suspend         0x080079e3     0xc  Code  Gb  usbd_core.o [1]
USBD_LL_Transmit        0x08007e2d     0xe  Code  Gb  usbd_conf.o [1]
USBD_LangIDDesc         0x20000458     0x4  Data  Gb  usbd_desc.o [1]
USBD_ParseSetupRequest  0x08008195    0x28  Code  Gb  usbd_ctlreq.o [1]
USBD_RegisterClass      0x080077ff    0x10  Code  Gb  usbd_core.o [1]
USBD_SetClassConfig     0x08007819    0x16  Code  Gb  usbd_core.o [1]
USBD_Start              0x0800780f     0xa  Code  Gb  usbd_core.o [1]
USBD_StdDevReq          0x08007e51   0x13c  Code  Gb  usbd_ctlreq.o [1]
USBD_StdEPReq           0x08007fc9    0xc8  Code  Gb  usbd_ctlreq.o [1]
USBD_StdItfReq          0x08007f91    0x32  Code  Gb  usbd_ctlreq.o [1]
USBD_StrDesc            0x20002f28   0x200  Data  Gb  usbd_desc.o [1]
USB_ActivateEndpoint    0x08005b71    0x78  Code  Gb  stm32f4xx_ll_usb.o [1]
USB_ActivateSetup       0x08006151    0x2e  Code  Gb  stm32f4xx_ll_usb.o [1]
USB_CoreInit            0x08005935    0x6e  Code  Gb  stm32f4xx_ll_usb.o [1]
USB_CoreReset           0x080061af    0x2a  Code  Lc  stm32f4xx_ll_usb.o [1]
USB_DeactivateEndpoint  0x08005be9    0x62  Code  Gb  stm32f4xx_ll_usb.o [1]
USB_DevConnect          0x080060c9     0xe  Code  Gb  stm32f4xx_ll_usb.o [1]
USB_DevDisconnect       0x080060d7     0xc  Code  Gb  stm32f4xx_ll_usb.o [1]
USB_DevInit             0x080059dd   0x122  Code  Gb  stm32f4xx_ll_usb.o [1]
USB_DisableGlobalInt    0x080059ab     0x6  Code  Gb  stm32f4xx_ll_usb.o [1]
USB_EP0StartXfer        0x08005e7b   0x134  Code  Gb  stm32f4xx_ll_usb.o [1]
USB_EP0_OutStart        0x0800617f    0x30  Code  Gb  stm32f4xx_ll_usb.o [1]
USB_EPClearStall        0x08006053    0x5a  Code  Gb  stm32f4xx_ll_usb.o [1]
USB_EPSetStall          0x08006005    0x4e  Code  Gb  stm32f4xx_ll_usb.o [1]
USB_EPStartXfer         0x08005c4b   0x230  Code  Gb  stm32f4xx_ll_usb.o [1]
USB_EnableGlobalInt     0x080059a3     0x8  Code  Gb  stm32f4xx_ll_usb.o [1]
USB_FlushRxFifo         0x08005b1d    0x1a  Code  Gb  stm32f4xx_ll_usb.o [1]
USB_FlushTxFifo         0x08005aff    0x1e  Code  Gb  stm32f4xx_ll_usb.o [1]
USB_GetDevSpeed         0x08005b3d    0x34  Code  Gb  stm32f4xx_ll_usb.o [1]
USB_GetMode             0x08006149     0x8  Code  Gb  stm32f4xx_ll_usb.o [1]
USB_ReadDevAllInEpInterrupt
                        0x08006105     0xe  Code  Gb  stm32f4xx_ll_usb.o [1]
USB_ReadDevAllOutEpInterrupt
                        0x080060f7     0xe  Code  Gb  stm32f4xx_ll_usb.o [1]
USB_ReadDevInEPInterrupt
                        0x08006127    0x22  Code  Gb  stm32f4xx_ll_usb.o [1]
USB_ReadDevOutEPInterrupt
                        0x08006113    0x14  Code  Gb  stm32f4xx_ll_usb.o [1]
USB_ReadInterrupts      0x080060ef     0x8  Code  Gb  stm32f4xx_ll_usb.o [1]
USB_ReadPacket          0x08005fe1    0x24  Code  Gb  stm32f4xx_ll_usb.o [1]
USB_SetCurrentMode      0x080059b7    0x26  Code  Gb  stm32f4xx_ll_usb.o [1]
USB_SetDevAddress       0x080060ad    0x12  Code  Gb  stm32f4xx_ll_usb.o [1]
USB_SetDevSpeed         0x08005b37     0x6  Code  Gb  stm32f4xx_ll_usb.o [1]
USB_WritePacket         0x08005fb5    0x2c  Code  Gb  stm32f4xx_ll_usb.o [1]
UserRxBufferFS          0x200033e8     0x4  Data  Gb  usbd_cdc_if.o [1]
UserTxBufferFS          0x200033ec     0x4  Data  Gb  usbd_cdc_if.o [1]
__aeabi_memset          0x08001ba9          Code  Gb  ABImemset.o [5]
__as_entries_start      0xffffffff           --   Gb  command line/config [2]
__as_table_start        0xffffffff           --   Gb  command line/config [2]
__cmain                 0x08008d8d          Code  Gb  cmain.o [5]
__data_GetMemChunk      0x080036c5    0x2c  Code  Gb  xgetmemchunk.o [3]
__exit                  0x080036f1    0x14  Code  Gb  exit.o [6]
__iar_Memset            0x08001ba9          Code  Gb  ABImemset.o [5]
__iar_Memset_word       0x08001bb1          Code  Gb  ABImemset.o [5]
__iar_data_init3        0x08008d1d    0x28  Code  Gb  data_init.o [5]
__iar_dlfree            0x080031a5   0x510  Code  Gb  dlmalloc.o [3]
__iar_dlmalloc          0x08002eef   0x2aa  Code  Gb  dlmalloc.o [3]
__iar_gm_               0x20003128   0x1d8  Data  Gb  dlmalloc.o [3]
__iar_init_vfp          0x08008d71          Code  Gb  fpinit_M.o [4]
__iar_packbits_init3    0x080089fb    0xb0  Code  Gb  packbits_init.o [5]
__iar_program_start     0x08008dcd          Code  Gb  cstartup_M.o [5]
__iar_unaligned___aeabi_memcpy4
                        0x080044d1          Code  Gb  ABImemcpy_unaligned.o [5]
__iar_unaligned___aeabi_memcpy8
                        0x080044d1          Code  Gb  ABImemcpy_unaligned.o [5]
__iar_zero_init3        0x08001c0f    0x22  Code  Gb  zero_init3.o [5]
__low_level_init        0x08008da7     0x4  Code  Gb  low_level_init.o [3]
__vector_table          0x08000000          Data  Gb  startup_stm32f407xx.o [1]
_call_main              0x08008d99          Code  Gb  cmain.o [5]
_exit                   0x08008db1          Code  Gb  cexit.o [5]
_main                   0x08008da3          Code  Gb  cmain.o [5]
aRxBuffer               0x20000478     0x2  Data  Gb  main.o [1]
aTxBuffer               0x20000000     0x2  Data  Gb  main.o [1]
abort                   0x080036bd     0x6  Code  Gb  abort.o [3]
bytesread               0x200002dc     0x4  Data  Gb  main.o [1]
byteswritten            0x200004e0     0x4  Data  Gb  main.o [1]
check_fs                0x08000fd1    0x6c  Code  Lc  ff.o [1]
chk_chr                 0x080001ab    0x12  Code  Lc  ff.o [1]
chk_lock                0x080001bd    0x62  Code  Lc  ff.o [1]
clear_lock              0x080002cb    0x1c  Code  Lc  ff.o [1]
clmt_clust              0x080006ff    0x2e  Code  Lc  ff.o [1]
clust2sect              0x08000421    0x1e  Code  Gb  ff.o [1]
countData               0x20003400     0x4  Data  Gb  main.o [1]
create_chain            0x08000651    0xae  Code  Lc  ff.o [1]
create_name             0x08000cbf   0x1da  Code  Lc  ff.o [1]
dec_lock                0x08000297    0x34  Code  Lc  ff.o [1]
dir_alloc               0x080008c9    0x44  Code  Lc  ff.o [1]
dir_find                0x080009d7   0x13e  Code  Lc  ff.o [1]
dir_next                0x080007c1   0x108  Code  Lc  ff.o [1]
dir_register            0x08000b15   0x176  Code  Lc  ff.o [1]
dir_sdi                 0x0800072d    0x94  Code  Lc  ff.o [1]
disk                    0x200033d8     0xc  Data  Gb  ff_gen_drv.o [1]
disk_initialize         0x08001c31    0x1a  Code  Gb  diskio.o [1]
disk_ioctl              0x08001c85    0x12  Code  Gb  diskio.o [1]
disk_read               0x08001c57     0xe  Code  Gb  diskio.o [1]
disk_status             0x08001c4b     0xc  Code  Gb  diskio.o [1]
disk_write              0x08001c65     0xe  Code  Gb  diskio.o [1]
exit                    0x08008dab     0x4  Code  Gb  exit.o [3]
f_close                 0x08001915    0x24  Code  Gb  ff.o [1]
f_lseek                 0x08001939   0x1f0  Code  Gb  ff.o [1]
f_mount                 0x08001371    0x5a  Code  Gb  ff.o [1]
f_open                  0x080013cb   0x1a4  Code  Gb  ff.o [1]
f_read                  0x0800158b   0x148  Code  Gb  ff.o [1]
f_sync                  0x0800186b    0xa4  Code  Gb  ff.o [1]
f_write                 0x080016d3   0x176  Code  Gb  ff.o [1]
ff_convert              0x08001ca1    0x36  Code  Gb  ccsbcs.o [1]
ff_memalloc             0x080021b5     0x4  Code  Gb  syscall.o [1]
ff_memfree              0x080021b9     0x4  Code  Gb  syscall.o [1]
ff_wtoupper             0x08001cd7    0x1e  Code  Gb  ccsbcs.o [1]
file_writing            0x20000476     0x1  Data  Gb  main.o [1]
find_volume             0x0800103d   0x2f4  Code  Lc  ff.o [1]
follow_path             0x08000f2d    0x66  Code  Lc  ff.o [1]
gen_numname             0x0800093f    0x7c  Code  Lc  ff.o [1]
get_fat                 0x0800043f    0xb8  Code  Gb  ff.o [1]
get_fattime             0x08001c9d     0x4  Code  Gb  diskio.o [1]
get_ldnumber            0x08000f93    0x3e  Code  Lc  ff.o [1]
hUsbDeviceFS            0x20002d04   0x224  Data  Gb  usb_device.o [1]
hUsbDevice_0            0x200033e4     0x4  Data  Gb  usbd_cdc_if.o [1]
hadc1                   0x2000047c    0x44  Data  Gb  main.o [1]
hdma_adc1               0x20003358    0x50  Data  Gb  main.o [1]
hpcd_USB_OTG_FS         0x20002724   0x3b4  Data  Gb  usbd_conf.o [1]
hrtc                    0x200004c0    0x20  Data  Gb  main.o [1]
hsd                     0x20000048    0x60  Data  Gb  main.o [1]
huart3                  0x20000008    0x40  Data  Gb  main.o [1]
inc_lock                0x0800021f    0x78  Code  Lc  ff.o [1]
init_mparams            0x080021d7    0x32  Code  Lc  dlmalloc.o [3]
init_top                0x08002209    0x34  Code  Lc  dlmalloc.o [3]
last                    0x20000004     0x2  Data  Gb  main.o [1]
ld_clust                0x0800090d    0x20  Code  Lc  ff.o [1]
main                    0x08006255   0x2b0  Code  Gb  main.o [1]
mem_cpy                 0x08000189    0x14  Code  Lc  ff.o [1]
mem_set                 0x0800019d     0xe  Code  Lc  ff.o [1]
move_window             0x0800033f    0x32  Code  Lc  ff.o [1]
mparams                 0x200033c0    0x18  Data  Lc  dlmalloc.o [3]
prepend_alloc           0x0800223d   0x36e  Code  Lc  dlmalloc.o [3]
put_fat                 0x080004ff    0xdc  Code  Gb  ff.o [1]
readbuf                 0x20000006     0x2  Data  Gb  main.o [1]
remove_chain            0x080005e3    0x6e  Code  Lc  ff.o [1]
res                     0x20000474     0x1  Data  Gb  main.o [1]
res_uart                0x20000002     0x1  Data  Gb  main.o [1]
retSD                   0x200033f0     0x1  Data  Gb  fatfs.o [1]
sDateNow                0x20002720     0x4  Data  Gb  main.o [1]
sTimeNow                0x20000460    0x14  Data  Gb  main.o [1]
segment_holding         0x080021bd    0x1a  Code  Lc  dlmalloc.o [3]
size                    0x200000a8     0x4  Data  Gb  main.o [1]
st_clust                0x0800092d    0x12  Code  Lc  ff.o [1]
state                   0x20000475     0x1  Data  Gb  main.o [1]
sum_sfn                 0x080009bb    0x1c  Code  Lc  ff.o [1]
sync_fs                 0x08000371    0xb0  Code  Lc  ff.o [1]
sync_window             0x080002ed    0x52  Code  Lc  ff.o [1]
sys_alloc               0x080025ab   0x38c  Code  Lc  dlmalloc.o [3]
tmalloc_large           0x08002945   0x39a  Code  Lc  dlmalloc.o [3]
tmalloc_small           0x08002cdf   0x210  Code  Lc  dlmalloc.o [3]
uwTick                  0x20003404     0x4  Data  Lc  stm32f4xx_hal.o [1]
validate                0x08001339    0x38  Code  Lc  ff.o [1]


[1] = D:\REPOSITORY\GIT\mySniperLocator\EWARM\MySniperLocator Configuration\Obj
[2] = command line
[3] = dl7M_tlf.a
[4] = m7M_tlv.a
[5] = rt7M_tl.a
[6] = shb_l.a

  36 612 bytes of readonly  code memory
     429 bytes of readonly  data memory
  46 094 bytes of readwrite data memory

Errors: none
Warnings: none
