###############################################################################
#
# IAR ELF Linker V7.20.2.7424/W32 for ARM                 06/Apr/2015  23:49:47
# Copyright 2007-2014 IAR Systems AB.
#
#    Output file  =  
#        D:\REPOSITORY\GIT\MySniperLocator\EWARM\MySniperLocator
#        Configuration\Exe\MySniperLocator Configuration.out
#    Map file     =  
#        D:\REPOSITORY\GIT\MySniperLocator\EWARM\MySniperLocator
#        Configuration/List\MySniperLocator Configuration.map
#    Command line =  
#        "D:\REPOSITORY\GIT\MySniperLocator\EWARM\MySniperLocator
#        Configuration\Obj\bsp_driver_sd.o"
#        "D:\REPOSITORY\GIT\MySniperLocator\EWARM\MySniperLocator
#        Configuration\Obj\ccsbcs.o"
#        "D:\REPOSITORY\GIT\MySniperLocator\EWARM\MySniperLocator
#        Configuration\Obj\cmsis_os.o"
#        "D:\REPOSITORY\GIT\MySniperLocator\EWARM\MySniperLocator
#        Configuration\Obj\croutine.o"
#        "D:\REPOSITORY\GIT\MySniperLocator\EWARM\MySniperLocator
#        Configuration\Obj\diskio.o"
#        "D:\REPOSITORY\GIT\MySniperLocator\EWARM\MySniperLocator
#        Configuration\Obj\event_groups.o"
#        "D:\REPOSITORY\GIT\MySniperLocator\EWARM\MySniperLocator
#        Configuration\Obj\fatfs.o"
#        "D:\REPOSITORY\GIT\MySniperLocator\EWARM\MySniperLocator
#        Configuration\Obj\ff.o"
#        "D:\REPOSITORY\GIT\MySniperLocator\EWARM\MySniperLocator
#        Configuration\Obj\ff_gen_drv.o"
#        "D:\REPOSITORY\GIT\MySniperLocator\EWARM\MySniperLocator
#        Configuration\Obj\freertos.o"
#        "D:\REPOSITORY\GIT\MySniperLocator\EWARM\MySniperLocator
#        Configuration\Obj\heap_4.o"
#        "D:\REPOSITORY\GIT\MySniperLocator\EWARM\MySniperLocator
#        Configuration\Obj\list.o"
#        "D:\REPOSITORY\GIT\MySniperLocator\EWARM\MySniperLocator
#        Configuration\Obj\main.o"
#        "D:\REPOSITORY\GIT\MySniperLocator\EWARM\MySniperLocator
#        Configuration\Obj\port.o"
#        "D:\REPOSITORY\GIT\MySniperLocator\EWARM\MySniperLocator
#        Configuration\Obj\portasm.o"
#        "D:\REPOSITORY\GIT\MySniperLocator\EWARM\MySniperLocator
#        Configuration\Obj\queue.o"
#        "D:\REPOSITORY\GIT\MySniperLocator\EWARM\MySniperLocator
#        Configuration\Obj\sd_diskio.o"
#        "D:\REPOSITORY\GIT\MySniperLocator\EWARM\MySniperLocator
#        Configuration\Obj\startup_stm32f407xx.o"
#        "D:\REPOSITORY\GIT\MySniperLocator\EWARM\MySniperLocator
#        Configuration\Obj\stm32f4xx_hal.o"
#        "D:\REPOSITORY\GIT\MySniperLocator\EWARM\MySniperLocator
#        Configuration\Obj\stm32f4xx_hal_adc.o"
#        "D:\REPOSITORY\GIT\MySniperLocator\EWARM\MySniperLocator
#        Configuration\Obj\stm32f4xx_hal_adc_ex.o"
#        "D:\REPOSITORY\GIT\MySniperLocator\EWARM\MySniperLocator
#        Configuration\Obj\stm32f4xx_hal_cortex.o"
#        "D:\REPOSITORY\GIT\MySniperLocator\EWARM\MySniperLocator
#        Configuration\Obj\stm32f4xx_hal_dma.o"
#        "D:\REPOSITORY\GIT\MySniperLocator\EWARM\MySniperLocator
#        Configuration\Obj\stm32f4xx_hal_dma_ex.o"
#        "D:\REPOSITORY\GIT\MySniperLocator\EWARM\MySniperLocator
#        Configuration\Obj\stm32f4xx_hal_flash.o"
#        "D:\REPOSITORY\GIT\MySniperLocator\EWARM\MySniperLocator
#        Configuration\Obj\stm32f4xx_hal_flash_ex.o"
#        "D:\REPOSITORY\GIT\MySniperLocator\EWARM\MySniperLocator
#        Configuration\Obj\stm32f4xx_hal_flash_ramfunc.o"
#        "D:\REPOSITORY\GIT\MySniperLocator\EWARM\MySniperLocator
#        Configuration\Obj\stm32f4xx_hal_gpio.o"
#        "D:\REPOSITORY\GIT\MySniperLocator\EWARM\MySniperLocator
#        Configuration\Obj\stm32f4xx_hal_msp.o"
#        "D:\REPOSITORY\GIT\MySniperLocator\EWARM\MySniperLocator
#        Configuration\Obj\stm32f4xx_hal_pcd.o"
#        "D:\REPOSITORY\GIT\MySniperLocator\EWARM\MySniperLocator
#        Configuration\Obj\stm32f4xx_hal_pcd_ex.o"
#        "D:\REPOSITORY\GIT\MySniperLocator\EWARM\MySniperLocator
#        Configuration\Obj\stm32f4xx_hal_pwr.o"
#        "D:\REPOSITORY\GIT\MySniperLocator\EWARM\MySniperLocator
#        Configuration\Obj\stm32f4xx_hal_pwr_ex.o"
#        "D:\REPOSITORY\GIT\MySniperLocator\EWARM\MySniperLocator
#        Configuration\Obj\stm32f4xx_hal_rcc.o"
#        "D:\REPOSITORY\GIT\MySniperLocator\EWARM\MySniperLocator
#        Configuration\Obj\stm32f4xx_hal_rcc_ex.o"
#        "D:\REPOSITORY\GIT\MySniperLocator\EWARM\MySniperLocator
#        Configuration\Obj\stm32f4xx_hal_rtc.o"
#        "D:\REPOSITORY\GIT\MySniperLocator\EWARM\MySniperLocator
#        Configuration\Obj\stm32f4xx_hal_rtc_ex.o"
#        "D:\REPOSITORY\GIT\MySniperLocator\EWARM\MySniperLocator
#        Configuration\Obj\stm32f4xx_hal_sd.o"
#        "D:\REPOSITORY\GIT\MySniperLocator\EWARM\MySniperLocator
#        Configuration\Obj\stm32f4xx_it.o"
#        "D:\REPOSITORY\GIT\MySniperLocator\EWARM\MySniperLocator
#        Configuration\Obj\stm32f4xx_ll_sdmmc.o"
#        "D:\REPOSITORY\GIT\MySniperLocator\EWARM\MySniperLocator
#        Configuration\Obj\stm32f4xx_ll_usb.o"
#        "D:\REPOSITORY\GIT\MySniperLocator\EWARM\MySniperLocator
#        Configuration\Obj\syscall.o"
#        "D:\REPOSITORY\GIT\MySniperLocator\EWARM\MySniperLocator
#        Configuration\Obj\system_stm32f4xx.o"
#        "D:\REPOSITORY\GIT\MySniperLocator\EWARM\MySniperLocator
#        Configuration\Obj\tasks.o"
#        "D:\REPOSITORY\GIT\MySniperLocator\EWARM\MySniperLocator
#        Configuration\Obj\timers.o"
#        "D:\REPOSITORY\GIT\MySniperLocator\EWARM\MySniperLocator
#        Configuration\Obj\usb_device.o"
#        "D:\REPOSITORY\GIT\MySniperLocator\EWARM\MySniperLocator
#        Configuration\Obj\usbd_cdc.o"
#        "D:\REPOSITORY\GIT\MySniperLocator\EWARM\MySniperLocator
#        Configuration\Obj\usbd_cdc_if.o"
#        "D:\REPOSITORY\GIT\MySniperLocator\EWARM\MySniperLocator
#        Configuration\Obj\usbd_conf.o"
#        "D:\REPOSITORY\GIT\MySniperLocator\EWARM\MySniperLocator
#        Configuration\Obj\usbd_core.o"
#        "D:\REPOSITORY\GIT\MySniperLocator\EWARM\MySniperLocator
#        Configuration\Obj\usbd_ctlreq.o"
#        "D:\REPOSITORY\GIT\MySniperLocator\EWARM\MySniperLocator
#        Configuration\Obj\usbd_desc.o"
#        "D:\REPOSITORY\GIT\MySniperLocator\EWARM\MySniperLocator
#        Configuration\Obj\usbd_ioreq.o" --redirect _Printf=_PrintfFull
#        --redirect _Scanf=_ScanfFull -o
#        "D:\REPOSITORY\GIT\MySniperLocator\EWARM\MySniperLocator
#        Configuration\Exe\MySniperLocator Configuration.out" --map
#        "D:\REPOSITORY\GIT\MySniperLocator\EWARM\MySniperLocator
#        Configuration/List\MySniperLocator Configuration.map" --config
#        "C:\Program Files (x86)\IAR Systems\Embedded Workbench
#        7.0\arm\config\linker\ST\stm32f407xG.icf" --semihosting --entry
#        __iar_program_start --vfe
#
###############################################################################

*******************************************************************************
*** RUNTIME MODEL ATTRIBUTES
***

CppFlavor       = *
__Heap_Handler  = DLMalloc
__SystemLibrary = DLib


*******************************************************************************
*** PLACEMENT SUMMARY
***

"A1":  place at 0x08000000 { ro section .intvec };
"P1":  place in [from 0x08000000 to 0x080fffff] { ro };
"P2":  place in [from 0x20000000 to 0x2001ffff] { rw, block CSTACK, block HEAP };

  Section            Kind        Address    Size  Object
  -------            ----        -------    ----  ------
"A1":                                      0x188
  .intvec            ro code  0x08000000   0x188  startup_stm32f407xx.o [1]
                            - 0x08000188   0x188

"P1":                                     0x9c84
  .text              ro code  0x08000188  0x1d10  ff.o [1]
  .text              ro code  0x08001e98    0x66  ABImemset.o [5]
  .text              ro code  0x08001efe    0x22  zero_init3.o [5]
  .text              ro code  0x08001f20    0x4c  syscall.o [1]
  .text              ro code  0x08001f6c    0x70  diskio.o [1]
  .text              ro code  0x08001fdc   0x514  ccsbcs.o [1]
  .text              ro code  0x080024f0   0x174  cmsis_os.o [1]
  .text              ro code  0x08002664  0x1500  dlmalloc.o [3]
  .text              ro code  0x08003b64   0x6e4  tasks.o [1]
  .text              ro code  0x08004248   0x54c  queue.o [1]
  .text              ro code  0x08004794   0x194  port.o [1]
  .text              ro code  0x08004928     0x6  abort.o [3]
  .text              ro code  0x08004930    0x2c  xgetmemchunk.o [3]
  CODE               ro code  0x0800495c    0xb4  portasm.o [1]
  .text              ro code  0x08004a10    0x8e  list.o [1]
  .text              ro code  0x08004aa0   0x190  heap_4.o [1]
  .text              ro code  0x08004c30    0x3a  ABImemset48.o [5]
  .text              ro code  0x08004c6c    0x76  ABImemcpy_unaligned.o [5]
  .text              ro code  0x08004ce4    0x14  exit.o [6]
  .text              ro code  0x08004cf8   0xc36  stm32f4xx_hal_sd.o [1]
  .text              ro code  0x08005930   0x11c  stm32f4xx_hal_msp.o [1]
  .text              ro code  0x08005a4c    0xb4  stm32f4xx_ll_sdmmc.o [1]
  .text              ro code  0x08005b00    0x84  stm32f4xx_hal.o [1]
  .text              ro code  0x08005b84    0xd8  stm32f4xx_hal_cortex.o [1]
  .text              ro code  0x08005c5c   0x1f8  stm32f4xx_hal_gpio.o [1]
  .text              ro code  0x08005e54   0xaa2  stm32f4xx_hal_dma.o [1]
  .text              ro code  0x080068f8   0x4e4  stm32f4xx_hal_rcc.o [1]
  .text              ro code  0x08006ddc   0x504  main.o [1]
  .text              ro code  0x080072e0   0x354  stm32f4xx_hal_adc.o [1]
  .text              ro code  0x08007634    0x38  ff_gen_drv.o [1]
  .text              ro code  0x0800766c   0x120  stm32f4xx_hal_rcc_ex.o [1]
  .text              ro code  0x0800778c   0x498  stm32f4xx_hal_rtc.o [1]
  .text              ro code  0x08007c24    0x18  fatfs.o [1]
  .text              ro code  0x08007c3c    0x38  usb_device.o [1]
  .text              ro code  0x08007c74   0x266  usbd_core.o [1]
  .text              ro code  0x08007edc   0x1ee  usbd_cdc.o [1]
  .text              ro code  0x080080cc   0x224  usbd_conf.o [1]
  .text              ro code  0x080082f0   0x3c6  usbd_ctlreq.o [1]
  .text              ro code  0x080086b6    0x60  usbd_ioreq.o [1]
  .text              ro code  0x08008716   0x71e  stm32f4xx_hal_pcd.o [1]
  .text              ro code  0x08008e34    0x44  stm32f4xx_hal_pcd_ex.o [1]
  .text              ro code  0x08008e78   0x8c0  stm32f4xx_ll_usb.o [1]
  .text              ro code  0x08009738    0xd2  packbits_init.o [5]
  .text              ro code  0x0800980c    0xb0  usbd_desc.o [1]
  .text              ro code  0x080098bc    0xa8  sd_diskio.o [1]
  .text              ro code  0x08009964    0x68  bsp_driver_sd.o [1]
  .text              ro code  0x080099cc    0x50  system_stm32f4xx.o [1]
  .text              ro code  0x08009a1c    0x34  usbd_cdc_if.o [1]
  .text              ro code  0x08009a50    0x28  stm32f4xx_it.o [1]
  .text              ro code  0x08009a78    0x28  data_init.o [5]
  .iar.init_table    const    0x08009aa0    0x2c  - Linker created -
  .text              ro code  0x08009acc    0x1a  fpinit_M.o [4]
  .text              ro code  0x08009ae8    0x1a  cmain.o [5]
  .text              ro code  0x08009b02     0x4  low_level_init.o [3]
  .text              ro code  0x08009b06     0x4  exit.o [3]
  .text              ro code  0x08009b0c     0xa  cexit.o [5]
  .text              ro code  0x08009b18    0x10  startup_stm32f407xx.o [1]
  .rodata            const    0x08009b28     0xc  main.o [1]
  .text              ro code  0x08009b34     0xc  cstartup_M.o [5]
  .text              ro code  0x08009b40     0x4  startup_stm32f407xx.o [1]
  .text              ro code  0x08009b44     0x4  startup_stm32f407xx.o [1]
  .text              ro code  0x08009b48     0x4  startup_stm32f407xx.o [1]
  .text              ro code  0x08009b4c     0x4  startup_stm32f407xx.o [1]
  .text              ro code  0x08009b50     0x4  startup_stm32f407xx.o [1]
  .text              ro code  0x08009b54     0x4  startup_stm32f407xx.o [1]
  .text              ro code  0x08009b58     0x4  startup_stm32f407xx.o [1]
  .text              ro code  0x08009b5c     0x4  startup_stm32f407xx.o [1]
  .text              ro code  0x08009b60     0x4  startup_stm32f407xx.o [1]
  .text              ro code  0x08009b64     0x4  startup_stm32f407xx.o [1]
  .text              ro code  0x08009b68     0x4  startup_stm32f407xx.o [1]
  .text              ro code  0x08009b6c     0x4  startup_stm32f407xx.o [1]
  .text              ro code  0x08009b70     0x4  startup_stm32f407xx.o [1]
  .text              ro code  0x08009b74     0x4  startup_stm32f407xx.o [1]
  .text              ro code  0x08009b78     0x4  startup_stm32f407xx.o [1]
  .text              ro code  0x08009b7c     0x4  startup_stm32f407xx.o [1]
  .text              ro code  0x08009b80     0x4  startup_stm32f407xx.o [1]
  .text              ro code  0x08009b84     0x4  startup_stm32f407xx.o [1]
  .text              ro code  0x08009b88     0x4  startup_stm32f407xx.o [1]
  .text              ro code  0x08009b8c     0x4  startup_stm32f407xx.o [1]
  .text              ro code  0x08009b90     0x4  startup_stm32f407xx.o [1]
  .text              ro code  0x08009b94     0x4  startup_stm32f407xx.o [1]
  .text              ro code  0x08009b98     0x4  startup_stm32f407xx.o [1]
  .text              ro code  0x08009b9c     0x4  startup_stm32f407xx.o [1]
  .text              ro code  0x08009ba0     0x4  startup_stm32f407xx.o [1]
  .text              ro code  0x08009ba4     0x4  startup_stm32f407xx.o [1]
  .text              ro code  0x08009ba8     0x4  startup_stm32f407xx.o [1]
  .text              ro code  0x08009bac     0x4  startup_stm32f407xx.o [1]
  .text              ro code  0x08009bb0     0x4  startup_stm32f407xx.o [1]
  .text              ro code  0x08009bb4     0x4  startup_stm32f407xx.o [1]
  .text              ro code  0x08009bb8     0x4  startup_stm32f407xx.o [1]
  .text              ro code  0x08009bbc     0x4  startup_stm32f407xx.o [1]
  .text              ro code  0x08009bc0     0x4  startup_stm32f407xx.o [1]
  .text              ro code  0x08009bc4     0x4  startup_stm32f407xx.o [1]
  .text              ro code  0x08009bc8     0x4  startup_stm32f407xx.o [1]
  .text              ro code  0x08009bcc     0x4  startup_stm32f407xx.o [1]
  .text              ro code  0x08009bd0     0x4  startup_stm32f407xx.o [1]
  .text              ro code  0x08009bd4     0x4  startup_stm32f407xx.o [1]
  .text              ro code  0x08009bd8     0x4  startup_stm32f407xx.o [1]
  .text              ro code  0x08009bdc     0x4  startup_stm32f407xx.o [1]
  .text              ro code  0x08009be0     0x4  startup_stm32f407xx.o [1]
  .text              ro code  0x08009be4     0x4  startup_stm32f407xx.o [1]
  .text              ro code  0x08009be8     0x4  startup_stm32f407xx.o [1]
  .text              ro code  0x08009bec     0x4  startup_stm32f407xx.o [1]
  .text              ro code  0x08009bf0     0x4  startup_stm32f407xx.o [1]
  .text              ro code  0x08009bf4     0x4  startup_stm32f407xx.o [1]
  .text              ro code  0x08009bf8     0x4  startup_stm32f407xx.o [1]
  .text              ro code  0x08009bfc     0x4  startup_stm32f407xx.o [1]
  .text              ro code  0x08009c00     0x4  startup_stm32f407xx.o [1]
  .text              ro code  0x08009c04     0x4  startup_stm32f407xx.o [1]
  .text              ro code  0x08009c08     0x4  startup_stm32f407xx.o [1]
  .text              ro code  0x08009c0c     0x4  startup_stm32f407xx.o [1]
  .text              ro code  0x08009c10     0x4  startup_stm32f407xx.o [1]
  .text              ro code  0x08009c14     0x4  startup_stm32f407xx.o [1]
  .text              ro code  0x08009c18     0x4  startup_stm32f407xx.o [1]
  .text              ro code  0x08009c1c     0x4  startup_stm32f407xx.o [1]
  .text              ro code  0x08009c20     0x4  startup_stm32f407xx.o [1]
  .text              ro code  0x08009c24     0x4  startup_stm32f407xx.o [1]
  .text              ro code  0x08009c28     0x4  startup_stm32f407xx.o [1]
  .text              ro code  0x08009c2c     0x4  startup_stm32f407xx.o [1]
  .text              ro code  0x08009c30     0x4  startup_stm32f407xx.o [1]
  .text              ro code  0x08009c34     0x4  startup_stm32f407xx.o [1]
  .text              ro code  0x08009c38     0x4  startup_stm32f407xx.o [1]
  .text              ro code  0x08009c3c     0x4  startup_stm32f407xx.o [1]
  .text              ro code  0x08009c40     0x4  startup_stm32f407xx.o [1]
  .text              ro code  0x08009c44     0x4  startup_stm32f407xx.o [1]
  .text              ro code  0x08009c48     0x4  startup_stm32f407xx.o [1]
  .text              ro code  0x08009c4c     0x4  startup_stm32f407xx.o [1]
  .text              ro code  0x08009c50     0x4  startup_stm32f407xx.o [1]
  .text              ro code  0x08009c54     0x4  startup_stm32f407xx.o [1]
  .text              ro code  0x08009c58     0x4  startup_stm32f407xx.o [1]
  .text              ro code  0x08009c5c     0x4  startup_stm32f407xx.o [1]
  .text              ro code  0x08009c60     0x4  startup_stm32f407xx.o [1]
  .text              ro code  0x08009c64     0x4  startup_stm32f407xx.o [1]
  .text              ro code  0x08009c68     0x4  startup_stm32f407xx.o [1]
  .text              ro code  0x08009c6c     0x4  startup_stm32f407xx.o [1]
  .text              ro code  0x08009c70     0x4  startup_stm32f407xx.o [1]
  .text              ro code  0x08009c74     0x4  startup_stm32f407xx.o [1]
  .text              ro code  0x08009c78     0x4  startup_stm32f407xx.o [1]
  .text              ro code  0x08009c7c     0x4  startup_stm32f407xx.o [1]
  .text              ro code  0x08009c80     0x4  startup_stm32f407xx.o [1]
  .text              ro code  0x08009c84     0x4  startup_stm32f407xx.o [1]
  .text              ro code  0x08009c88     0x4  startup_stm32f407xx.o [1]
  .text              ro code  0x08009c8c     0x4  startup_stm32f407xx.o [1]
  .rodata            const    0x08009c90     0x0  zero_init3.o [5]
  .rodata            const    0x08009c90     0x0  packbits_init.o [5]
  Initializer bytes  ro data  0x08009c90   0x17c  <for P2 s0>
                            - 0x08009e0c  0x9c84

"P2":                                     0x8f20
  P2 s0                       0x20000000   0x225  <Init block>
    .data            inited   0x20000000    0x9c  tasks.o [1]
    .data            inited   0x2000009c    0x44  usbd_cdc.o [1]
    .data            inited   0x200000e0    0x44  usbd_cdc.o [1]
    .data            inited   0x20000124    0x44  usbd_cdc.o [1]
    .data            inited   0x20000168    0x38  usbd_cdc.o [1]
    .data            inited   0x200001a0    0x1c  usbd_desc.o [1]
    .data            inited   0x200001bc    0x14  sd_diskio.o [1]
    .data            inited   0x200001d0    0x14  system_stm32f4xx.o [1]
    .data            inited   0x200001e4    0x14  usbd_desc.o [1]
    .data            inited   0x200001f8    0x10  usbd_cdc_if.o [1]
    .data            inited   0x20000208     0xc  port.o [1]
    .data            inited   0x20000214     0xc  usbd_cdc.o [1]
    .data            inited   0x20000220     0x4  usbd_desc.o [1]
    .data            inited   0x20000224     0x1  sd_diskio.o [1]
  .bss               zero     0x20000228  0x3c18  heap_4.o [1]
  .bss               zero     0x20003e40   0x3b4  usbd_conf.o [1]
  .bss               zero     0x200041f4   0x2b8  main.o [1]
  .bss               zero     0x200044ac   0x29c  main.o [1]
  .bss               zero     0x20004748   0x224  usb_device.o [1]
  .bss               zero     0x2000496c   0x200  usbd_desc.o [1]
  .bss               zero     0x20004b6c   0x1d8  dlmalloc.o [3]
  .bss               zero     0x20004d44    0x8c  tasks.o [1]
  .bss               zero     0x20004dd0    0x58  main.o [1]
  .bss               zero     0x20004e28    0x50  main.o [1]
  .bss               zero     0x20004e78    0x40  queue.o [1]
  .bss               zero     0x20004eb8    0x18  ff.o [1]
  .bss               zero     0x20004ed0    0x18  dlmalloc.o [3]
  .bss               zero     0x20004ee8     0xc  ff_gen_drv.o [1]
  .bss               zero     0x20004ef4     0xc  usbd_cdc_if.o [1]
  .bss               zero     0x20004f00     0x8  fatfs.o [1]
  .bss               zero     0x20004f08     0x8  ff.o [1]
  .bss               zero     0x20004f10     0x4  stm32f4xx_hal.o [1]
  .bss               zero     0x20004f14     0x4  xgetmemchunk.o [3]
  .bss               zero     0x20004f18     0x1  usbd_cdc.o [1]
  .bss               zero     0x20004f19     0x1  usbd_ctlreq.o [1]
  CSTACK                      0x20004f20  0x2000  <Block>
    CSTACK           uninit   0x20004f20  0x2000  <Block tail>
  HEAP                        0x20006f20  0x2000  <Block>
    HEAP             uninit   0x20006f20  0x2000  <Block tail>
                            - 0x20008f20  0x8f20


*******************************************************************************
*** INIT TABLE
***

          Address     Size
          -------     ----
Zero (__iar_zero_init3)
    1 destination range, total size 0x4cf2:
          0x20000228  0x4cf2

Copy/packbits (__iar_packbits_init3)
    1 source range, total size 0x17c (69% of destination):
          0x08009c90   0x17c
    1 destination range, total size 0x225:
          0x20000000   0x225



*******************************************************************************
*** MODULE SUMMARY
***

    Module                  ro code  ro data  rw data
    ------                  -------  -------  -------
D:\REPOSITORY\GIT\MySniperLocator\EWARM\MySniperLocator Configuration\Obj: [1]
    bsp_driver_sd.o             104
    ccsbcs.o                  1 300
    cmsis_os.o                  372
    diskio.o                    112
    fatfs.o                      24                 8
    ff.o                      7 440                32
    ff_gen_drv.o                 56                12
    heap_4.o                    400            15 384
    list.o                      142
    main.o                    1 284       12    1 532
    port.o                      404        9       12
    portasm.o                   180
    queue.o                   1 356                64
    sd_diskio.o                 168       15       21
    startup_stm32f407xx.o       744
    stm32f4xx_hal.o             132                 4
    stm32f4xx_hal_adc.o         852
    stm32f4xx_hal_cortex.o      216
    stm32f4xx_hal_dma.o       2 722
    stm32f4xx_hal_gpio.o        504
    stm32f4xx_hal_msp.o         284
    stm32f4xx_hal_pcd.o       1 822
    stm32f4xx_hal_pcd_ex.o       68
    stm32f4xx_hal_rcc.o       1 252
    stm32f4xx_hal_rcc_ex.o      288
    stm32f4xx_hal_rtc.o       1 176
    stm32f4xx_hal_sd.o        3 126
    stm32f4xx_it.o               40
    stm32f4xx_ll_sdmmc.o        180
    stm32f4xx_ll_usb.o        2 240
    syscall.o                    76
    system_stm32f4xx.o           80       14       20
    tasks.o                   1 764      107      296
    usb_device.o                 56               548
    usbd_cdc.o                  494      188      273
    usbd_cdc_if.o                52       11       28
    usbd_conf.o                 548               948
    usbd_core.o                 614
    usbd_ctlreq.o               966                 1
    usbd_desc.o                 176       36      564
    usbd_ioreq.o                 96
    -------------------------------------------------
    Total:                   33 910      392   19 747

command line: [2]
    -------------------------------------------------
    Total:

dl7M_tlf.a: [3]
    abort.o                       6
    dlmalloc.o                5 376               496
    exit.o                        4
    low_level_init.o              4
    xgetmemchunk.o               44                 4
    -------------------------------------------------
    Total:                    5 434               500

m7M_tlv.a: [4]
    fpinit_M.o                   26
    -------------------------------------------------
    Total:                       26

rt7M_tl.a: [5]
    ABImemcpy_unaligned.o       118
    ABImemset.o                 102
    ABImemset48.o                58
    cexit.o                      10
    cmain.o                      26
    cstartup_M.o                 12
    data_init.o                  40
    packbits_init.o             210
    zero_init3.o                 34
    -------------------------------------------------
    Total:                      610

shb_l.a: [6]
    exit.o                       20
    -------------------------------------------------
    Total:                       20

    Gaps                         24                 3
    Linker created                        44   16 384
-----------------------------------------------------
    Grand Total:             40 024      436   36 634


*******************************************************************************
*** ENTRY LIST
***

Entry                      Address    Size  Type      Object
-----                      -------    ----  ----      ------
?main                   0x08009ae9          Code  Gb  cmain.o [5]
ADCConvValues           0x200044a0     0x8  Data  Gb  main.o [1]
ADC_DMAConvCplt         0x080075f5    0x1a  Code  Lc  stm32f4xx_hal_adc.o [1]
ADC_DMAError            0x0800761d    0x18  Code  Lc  stm32f4xx_hal_adc.o [1]
ADC_DMAHalfConvCplt     0x08007611     0xa  Code  Lc  stm32f4xx_hal_adc.o [1]
ADC_Init                0x080074f9    0xe8  Code  Lc  stm32f4xx_hal_adc.o [1]
AHBPrescTable           0x200001d0    0x10  Data  Gb  system_stm32f4xx.o [1]
APBAHBPrescTable        0x08006dcc    0x10  Data  Gb  stm32f4xx_hal_rcc.o [1]
BSP_SD_GetCardInfo      0x080099bb     0x8  Code  Gb  bsp_driver_sd.o [1]
BSP_SD_GetStatus        0x080099b5     0x6  Code  Gb  bsp_driver_sd.o [1]
BSP_SD_Init             0x08009965    0x22  Code  Gb  bsp_driver_sd.o [1]
BSP_SD_ReadBlocks       0x08009987     0xe  Code  Gb  bsp_driver_sd.o [1]
BSP_SD_WriteBlocks      0x08009995     0xc  Code  Gb  bsp_driver_sd.o [1]
CDC_Control_FS          0x08009a3f     0x4  Code  Lc  usbd_cdc_if.o [1]
CDC_DeInit_FS           0x08009a3b     0x4  Code  Lc  usbd_cdc_if.o [1]
CDC_Init_FS             0x08009a1d    0x1e  Code  Lc  usbd_cdc_if.o [1]
CDC_Receive_FS          0x08009a43     0x4  Code  Lc  usbd_cdc_if.o [1]
CSTACK$$Base            0x20004f20           --   Gb  - Linker created -
CSTACK$$Limit           0x20006f20           --   Gb  - Linker created -
DMA2_Stream0_IRQHandler
                        0x08009a5f     0x6  Code  Gb  stm32f4xx_it.o [1]
DMA_SetConfig           0x080068d9    0x1e  Code  Lc  stm32f4xx_hal_dma.o [1]
EXTI0_IRQHandler        0x08009a65     0x6  Code  Gb  stm32f4xx_it.o [1]
ExCvt                   0x08000eb0    0x80  Data  Lc  ff.o [1]
FATFS_LinkDriver        0x08007635    0x34  Code  Gb  ff_gen_drv.o [1]
FS_Desc                 0x200001a0    0x1c  Data  Gb  usbd_desc.o [1]
FatFs                   0x20004f0c     0x4  Data  Lc  ff.o [1]
Files                   0x20004eb8    0x18  Data  Lc  ff.o [1]
Fsid                    0x20004f08     0x2  Data  Lc  ff.o [1]
HAL_ADC_ConfigChannel   0x080073c1   0x138  Code  Gb  stm32f4xx_hal_adc.o [1]
HAL_ADC_ConvCpltCallback
                        0x08007177    0x1c  Code  Gb  main.o [1]
HAL_ADC_ConvHalfCpltCallback
                        0x080073bd     0x2  Code  Wk  stm32f4xx_hal_adc.o [1]
HAL_ADC_ErrorCallback   0x080073bf     0x2  Code  Wk  stm32f4xx_hal_adc.o [1]
HAL_ADC_Init            0x080072e1    0x36  Code  Gb  stm32f4xx_hal_adc.o [1]
HAL_ADC_MspInit         0x08005949    0x74  Code  Gb  stm32f4xx_hal_msp.o [1]
HAL_ADC_Start_DMA       0x08007317    0xa6  Code  Gb  stm32f4xx_hal_adc.o [1]
HAL_DMA_IRQHandler      0x08005f35   0x956  Code  Gb  stm32f4xx_hal_dma.o [1]
HAL_DMA_Init            0x08005e55    0x6c  Code  Gb  stm32f4xx_hal_dma.o [1]
HAL_DMA_Start_IT        0x08005ec5    0x46  Code  Gb  stm32f4xx_hal_dma.o [1]
HAL_Delay               0x08005b65    0x18  Code  Wk  stm32f4xx_hal.o [1]
HAL_GPIO_EXTI_Callback  0x08007193    0xa8  Code  Gb  main.o [1]
HAL_GPIO_EXTI_IRQHandler
                        0x08005e0b    0x14  Code  Gb  stm32f4xx_hal_gpio.o [1]
HAL_GPIO_Init           0x08005c5d   0x1a6  Code  Gb  stm32f4xx_hal_gpio.o [1]
HAL_GPIO_WritePin       0x08005e03     0x8  Code  Gb  stm32f4xx_hal_gpio.o [1]
HAL_GetTick             0x08005b5f     0x6  Code  Wk  stm32f4xx_hal.o [1]
HAL_IncTick             0x08005b55     0xa  Code  Wk  stm32f4xx_hal.o [1]
HAL_Init                0x08005b01    0x30  Code  Gb  stm32f4xx_hal.o [1]
HAL_InitTick            0x08005b31    0x24  Code  Wk  stm32f4xx_hal.o [1]
HAL_MspInit             0x08005931    0x18  Code  Gb  stm32f4xx_hal_msp.o [1]
HAL_NVIC_EnableIRQ      0x08005c07     0xc  Code  Gb  stm32f4xx_hal_cortex.o [1]
HAL_NVIC_SetPriority    0x08005bc3    0x44  Code  Gb  stm32f4xx_hal_cortex.o [1]
HAL_NVIC_SetPriorityGrouping
                        0x08005ba9    0x1a  Code  Gb  stm32f4xx_hal_cortex.o [1]
HAL_PCDEx_SetRxFiFo     0x08008e71     0x8  Code  Gb  stm32f4xx_hal_pcd_ex.o [1]
HAL_PCDEx_SetTxFiFo     0x08008e35    0x3c  Code  Gb  stm32f4xx_hal_pcd_ex.o [1]
HAL_PCD_ConnectCallback
                        0x080081d5     0x8  Code  Gb  usbd_conf.o [1]
HAL_PCD_DataInStageCallback
                        0x0800815b    0x10  Code  Gb  usbd_conf.o [1]
HAL_PCD_DataOutStageCallback
                        0x08008149    0x12  Code  Gb  usbd_conf.o [1]
HAL_PCD_DisconnectCallback
                        0x080081dd     0x8  Code  Gb  usbd_conf.o [1]
HAL_PCD_EP_Close        0x08008c19    0x38  Code  Gb  stm32f4xx_hal_pcd.o [1]
HAL_PCD_EP_ClrStall     0x08008d59    0x44  Code  Gb  stm32f4xx_hal_pcd.o [1]
HAL_PCD_EP_GetRxCount   0x08008c97    0x12  Code  Gb  stm32f4xx_hal_pcd.o [1]
HAL_PCD_EP_Open         0x08008bcd    0x4c  Code  Gb  stm32f4xx_hal_pcd.o [1]
HAL_PCD_EP_Receive      0x08008c5d    0x3a  Code  Gb  stm32f4xx_hal_pcd.o [1]
HAL_PCD_EP_SetStall     0x08008d01    0x58  Code  Gb  stm32f4xx_hal_pcd.o [1]
HAL_PCD_EP_Transmit     0x08008ca9    0x38  Code  Gb  stm32f4xx_hal_pcd.o [1]
HAL_PCD_IRQHandler      0x080087e3   0x392  Code  Gb  stm32f4xx_hal_pcd.o [1]
HAL_PCD_ISOINIncompleteCallback
                        0x080081cd     0x8  Code  Gb  usbd_conf.o [1]
HAL_PCD_ISOOUTIncompleteCallback
                        0x080081c5     0x8  Code  Gb  usbd_conf.o [1]
HAL_PCD_Init            0x08008717    0xa6  Code  Gb  stm32f4xx_hal_pcd.o [1]
HAL_PCD_MspInit         0x080080cd    0x70  Code  Gb  usbd_conf.o [1]
HAL_PCD_ResetCallback   0x08008173    0x20  Code  Gb  usbd_conf.o [1]
HAL_PCD_ResumeCallback  0x080081bd     0x8  Code  Gb  usbd_conf.o [1]
HAL_PCD_SOFCallback     0x0800816b     0x8  Code  Gb  usbd_conf.o [1]
HAL_PCD_SetAddress      0x08008ba9    0x1c  Code  Gb  stm32f4xx_hal_pcd.o [1]
HAL_PCD_SetupStageCallback
                        0x0800813d     0xc  Code  Gb  usbd_conf.o [1]
HAL_PCD_Start           0x080087c7    0x1c  Code  Gb  stm32f4xx_hal_pcd.o [1]
HAL_PCD_SuspendCallback
                        0x08008193    0x2a  Code  Gb  usbd_conf.o [1]
HAL_RCCEx_PeriphCLKConfig
                        0x0800766d   0x108  Code  Gb  stm32f4xx_hal_rcc_ex.o [1]
HAL_RCC_ClockConfig     0x08006b7d   0x1b0  Code  Gb  stm32f4xx_hal_rcc.o [1]
HAL_RCC_GetHCLKFreq     0x08006d81    0x1e  Code  Gb  stm32f4xx_hal_rcc.o [1]
HAL_RCC_GetSysClockFreq
                        0x08006d3b    0x46  Code  Wk  stm32f4xx_hal_rcc.o [1]
HAL_RCC_OscConfig       0x080068f9   0x27c  Code  Wk  stm32f4xx_hal_rcc.o [1]
HAL_RTC_GetDate         0x080079c3    0x3c  Code  Gb  stm32f4xx_hal_rtc.o [1]
HAL_RTC_GetTime         0x080078d9    0x3c  Code  Gb  stm32f4xx_hal_rtc.o [1]
HAL_RTC_Init            0x0800778d    0x7e  Code  Gb  stm32f4xx_hal_rtc.o [1]
HAL_RTC_MspInit         0x080059bd    0x10  Code  Gb  stm32f4xx_hal_msp.o [1]
HAL_RTC_SetAlarm        0x08007a05    0xd2  Code  Gb  stm32f4xx_hal_rtc.o [1]
HAL_RTC_SetDate         0x0800791b    0x90  Code  Gb  stm32f4xx_hal_rtc.o [1]
HAL_RTC_SetTime         0x08007821    0xb2  Code  Gb  stm32f4xx_hal_rtc.o [1]
HAL_RTC_WaitForSynchro  0x08007b99    0x2e  Code  Gb  stm32f4xx_hal_rtc.o [1]
HAL_SD_GetStatus        0x080053f1    0x36  Code  Gb  stm32f4xx_hal_sd.o [1]
HAL_SD_Get_CardInfo     0x080050f3   0x2c6  Code  Gb  stm32f4xx_hal_sd.o [1]
HAL_SD_Init             0x08004cf9    0xb2  Code  Gb  stm32f4xx_hal_sd.o [1]
HAL_SD_MspInit          0x080059cd    0x48  Code  Gb  stm32f4xx_hal_msp.o [1]
HAL_SD_ReadBlocks       0x08004dab   0x168  Code  Gb  stm32f4xx_hal_sd.o [1]
HAL_SD_StopTransfer     0x080053b9    0x1c  Code  Gb  stm32f4xx_hal_sd.o [1]
HAL_SD_WriteBlocks      0x08004f25   0x1bc  Code  Gb  stm32f4xx_hal_sd.o [1]
HAL_SYSTICK_Config      0x08005c1b    0x28  Code  Gb  stm32f4xx_hal_cortex.o [1]
HEAP$$Base              0x20006f20           --   Gb  - Linker created -
HEAP$$Limit             0x20008f20           --   Gb  - Linker created -
InStream_Read           0x08009739    0x22  Code  Lc  packbits_init.o [5]
LfnOfs                  0x08000ca4    0x10  Data  Lc  ff.o [1]
MX_FATFS_Init           0x08007c25    0x18  Code  Gb  fatfs.o [1]
MX_GPIO_Init            0x08007009   0x138  Code  Lc  main.o [1]
MX_RTC_Init             0x08006f6d    0x9c  Code  Lc  main.o [1]
MX_USB_DEVICE_Init      0x08007c3d    0x38  Code  Gb  usb_device.o [1]
MyFile                  0x20004270   0x22c  Data  Gb  main.o [1]
NVIC_GetPriorityGrouping
                        0x08005b85     0xa  Code  Lc  stm32f4xx_hal_cortex.o [1]
NVIC_SetPriority        0x08005b8f    0x1a  Code  Lc  stm32f4xx_hal_cortex.o [1]
OTG_FS_IRQHandler       0x08009a6b     0x6  Code  Gb  stm32f4xx_it.o [1]
PCD_WriteEmptyTxFifo    0x08008d9d    0x98  Code  Lc  stm32f4xx_hal_pcd.o [1]
PendSV_Handler          0x0800495d          Code  Gb  portasm.o [1]
RTC_Bcd2ToByte          0x08007c15    0x10  Code  Gb  stm32f4xx_hal_rtc.o [1]
RTC_ByteToBcd2          0x08007bff    0x16  Code  Gb  stm32f4xx_hal_rtc.o [1]
RTC_EnterInitMode       0x08007bcd    0x32  Code  Gb  stm32f4xx_hal_rtc.o [1]
Region$$Table$$Base     0x08009aa0           --   Gb  - Linker created -
Region$$Table$$Limit    0x08009acc           --   Gb  - Linker created -
SDCardInfo              0x20004dd0    0x58  Data  Gb  main.o [1]
SDFatFs                 0x20004510   0x234  Data  Gb  main.o [1]
SDIO_DataConfig         0x08005acd    0x24  Code  Gb  stm32f4xx_ll_sdmmc.o [1]
SDIO_GetCommandResponse
                        0x08005ab3     0x6  Code  Gb  stm32f4xx_ll_sdmmc.o [1]
SDIO_GetPowerState      0x08005a89     0x8  Code  Gb  stm32f4xx_ll_sdmmc.o [1]
SDIO_GetResponse        0x08005ab9    0x14  Code  Gb  stm32f4xx_ll_sdmmc.o [1]
SDIO_Init               0x08005a4d    0x26  Code  Gb  stm32f4xx_ll_sdmmc.o [1]
SDIO_PowerState_ON      0x08005a7f     0x4  Code  Gb  stm32f4xx_ll_sdmmc.o [1]
SDIO_ReadFIFO           0x08005a73     0x2  Code  Gb  stm32f4xx_ll_sdmmc.o [1]
SDIO_SendCommand        0x08005a91    0x22  Code  Gb  stm32f4xx_ll_sdmmc.o [1]
SDIO_WriteFIFO          0x08005a75     0xa  Code  Gb  stm32f4xx_ll_sdmmc.o [1]
SDPath                  0x20004744     0x4  Data  Gb  main.o [1]
SD_CmdResp1Error        0x080056d5    0xd8  Code  Lc  stm32f4xx_hal_sd.o [1]
SD_CmdResp2Error        0x080057af    0x30  Code  Lc  stm32f4xx_hal_sd.o [1]
SD_Driver               0x200001bc    0x14  Data  Gb  sd_diskio.o [1]
SD_Initialize_Cards     0x08005427   0x114  Code  Lc  stm32f4xx_hal_sd.o [1]
SD_IsCardProgramming    0x080057e7   0x136  Code  Lc  stm32f4xx_hal_sd.o [1]
SD_Path                 0x20004f04     0x4  Data  Gb  fatfs.o [1]
SD_PowerON              0x08005549   0x17e  Code  Lc  stm32f4xx_hal_sd.o [1]
SD_initialize           0x080098bd     0xe  Code  Gb  sd_diskio.o [1]
SD_ioctl                0x08009913    0x4c  Code  Gb  sd_diskio.o [1]
SD_read                 0x080098e5     0xc  Code  Gb  sd_diskio.o [1]
SD_status               0x080098cb     0xc  Code  Gb  sd_diskio.o [1]
SD_write                0x080098f1     0xa  Code  Gb  sd_diskio.o [1]
SVC_Handler             0x080049c1          Code  Gb  portasm.o [1]
StartDefaultTask        0x0800724f    0x30  Code  Gb  main.o [1]
Stat                    0x20000224     0x1  Data  Lc  sd_diskio.o [1]
SysTick_Handler         0x08009a51     0xe  Code  Gb  stm32f4xx_it.o [1]
SystemClock_Config      0x08006ee1    0x8c  Code  Gb  main.o [1]
SystemCoreClock         0x200001e0     0x4  Data  Gb  system_stm32f4xx.o [1]
SystemInit              0x080099cd    0x3a  Code  Gb  system_stm32f4xx.o [1]
Tbl                     0x08002030   0x100  Data  Lc  ccsbcs.o [1]
USBD_CDC                0x20000168    0x38  Data  Gb  usbd_cdc.o [1]
USBD_CDC_CfgFSDesc      0x200000e0    0x44  Data  Gb  usbd_cdc.o [1]
USBD_CDC_CfgHSDesc      0x2000009c    0x44  Data  Gb  usbd_cdc.o [1]
USBD_CDC_DataIn         0x08007fff    0x14  Code  Lc  usbd_cdc.o [1]
USBD_CDC_DataOut        0x08008013    0x2e  Code  Lc  usbd_cdc.o [1]
USBD_CDC_DeInit         0x08007f5d    0x3a  Code  Lc  usbd_cdc.o [1]
USBD_CDC_DeviceQualifierDesc
                        0x20000214     0xc  Data  Lc  usbd_cdc.o [1]
USBD_CDC_EP0_RxReady    0x08008041    0x2c  Code  Lc  usbd_cdc.o [1]
USBD_CDC_GetDeviceQualifierDescriptor
                        0x08008085     0x8  Code  Gb  usbd_cdc.o [1]
USBD_CDC_GetFSCfgDesc   0x0800806d     0x8  Code  Lc  usbd_cdc.o [1]
USBD_CDC_GetHSCfgDesc   0x08008075     0x8  Code  Lc  usbd_cdc.o [1]
USBD_CDC_GetOtherSpeedCfgDesc
                        0x0800807d     0x8  Code  Lc  usbd_cdc.o [1]
USBD_CDC_Init           0x08007edd    0x76  Code  Lc  usbd_cdc.o [1]
USBD_CDC_OtherSpeedCfgDesc
                        0x20000124    0x44  Data  Gb  usbd_cdc.o [1]
USBD_CDC_RegisterInterface
                        0x080080a1     0xe  Code  Gb  usbd_cdc.o [1]
USBD_CDC_SetRxBuffer    0x080080bf     0xc  Code  Gb  usbd_cdc.o [1]
USBD_CDC_SetTxBuffer    0x080080af    0x10  Code  Gb  usbd_cdc.o [1]
USBD_CDC_Setup          0x08007f97    0x68  Code  Lc  usbd_cdc.o [1]
USBD_ClrClassConfig     0x08007ccf     0xa  Code  Gb  usbd_core.o [1]
USBD_CtlContinueRx      0x080086e7     0x2  Code  Gb  usbd_ioreq.o [1]
USBD_CtlContinueSendData
                        0x080086c5     0x2  Code  Gb  usbd_ioreq.o [1]
USBD_CtlError           0x0800865d    0x16  Code  Gb  usbd_ctlreq.o [1]
USBD_CtlPrepareRx       0x080086d5    0x12  Code  Gb  usbd_ioreq.o [1]
USBD_CtlReceiveStatus   0x08008701     0xa  Code  Gb  usbd_ioreq.o [1]
USBD_CtlSendData        0x080086b7     0xe  Code  Gb  usbd_ioreq.o [1]
USBD_CtlSendStatus      0x080086f7     0xa  Code  Gb  usbd_ioreq.o [1]
USBD_FS_ConfigStrDescriptor
                        0x08009845     0xa  Code  Gb  usbd_desc.o [1]
USBD_FS_DeviceDesc      0x200001e4    0x14  Data  Gb  usbd_desc.o [1]
USBD_FS_DeviceDescriptor
                        0x0800980d     0x8  Code  Gb  usbd_desc.o [1]
USBD_FS_InterfaceStrDescriptor
                        0x0800984f     0xa  Code  Gb  usbd_desc.o [1]
USBD_FS_LangIDStrDescriptor
                        0x08009815     0x8  Code  Gb  usbd_desc.o [1]
USBD_FS_ManufacturerStrDescriptor
                        0x08009827     0x8  Code  Gb  usbd_desc.o [1]
USBD_FS_ProductStrDescriptor
                        0x0800981d     0xa  Code  Gb  usbd_desc.o [1]
USBD_FS_SerialStrDescriptor
                        0x0800983b     0xa  Code  Gb  usbd_desc.o [1]
USBD_GetDescriptor      0x0800853d    0xea  Code  Lc  usbd_ctlreq.o [1]
USBD_GetString          0x08008673    0x44  Code  Gb  usbd_ctlreq.o [1]
USBD_Init               0x08007c75    0x2a  Code  Gb  usbd_core.o [1]
USBD_Interface_fops_FS  0x200001f8    0x10  Data  Gb  usbd_cdc_if.o [1]
USBD_LL_ClearStallEP    0x08008293     0xe  Code  Gb  usbd_conf.o [1]
USBD_LL_CloseEP         0x08008277     0xe  Code  Gb  usbd_conf.o [1]
USBD_LL_DataInStage     0x08007d97    0xa4  Code  Gb  usbd_core.o [1]
USBD_LL_DataOutStage    0x08007d31    0x66  Code  Gb  usbd_core.o [1]
USBD_LL_DevConnected    0x08007ebf     0x4  Code  Gb  usbd_core.o [1]
USBD_LL_DevDisconnected
                        0x08007ec3    0x12  Code  Gb  usbd_core.o [1]
USBD_LL_GetRxDataSize   0x080082e9     0x8  Code  Gb  usbd_conf.o [1]
USBD_LL_Init            0x080081e5    0x5e  Code  Gb  usbd_conf.o [1]
USBD_LL_IsStallEP       0x080082a1    0x1e  Code  Gb  usbd_conf.o [1]
USBD_LL_IsoINIncomplete
                        0x08007eb7     0x4  Code  Gb  usbd_core.o [1]
USBD_LL_IsoOUTIncomplete
                        0x08007ebb     0x4  Code  Gb  usbd_core.o [1]
USBD_LL_OpenEP          0x08008263    0x14  Code  Gb  usbd_conf.o [1]
USBD_LL_PrepareReceive  0x080082db     0xe  Code  Gb  usbd_conf.o [1]
USBD_LL_Reset           0x08007e3b    0x42  Code  Gb  usbd_core.o [1]
USBD_LL_Resume          0x08007e8f     0x4  Code  Gb  usbd_core.o [1]
USBD_LL_SOF             0x08007e9b    0x1c  Code  Gb  usbd_core.o [1]
USBD_LL_SetSpeed        0x08007e7d     0x6  Code  Gb  usbd_core.o [1]
USBD_LL_SetUSBAddress   0x080082bf     0xe  Code  Gb  usbd_conf.o [1]
USBD_LL_SetupStage      0x08007cd9    0x58  Code  Gb  usbd_core.o [1]
USBD_LL_StallEP         0x08008285     0xe  Code  Gb  usbd_conf.o [1]
USBD_LL_Start           0x08008255     0xe  Code  Gb  usbd_conf.o [1]
USBD_LL_Suspend         0x08007e83     0xc  Code  Gb  usbd_core.o [1]
USBD_LL_Transmit        0x080082cd     0xe  Code  Gb  usbd_conf.o [1]
USBD_LangIDDesc         0x20000220     0x4  Data  Gb  usbd_desc.o [1]
USBD_ParseSetupRequest  0x08008635    0x28  Code  Gb  usbd_ctlreq.o [1]
USBD_RegisterClass      0x08007c9f    0x10  Code  Gb  usbd_core.o [1]
USBD_SetClassConfig     0x08007cb9    0x16  Code  Gb  usbd_core.o [1]
USBD_Start              0x08007caf     0xa  Code  Gb  usbd_core.o [1]
USBD_StdDevReq          0x080082f1   0x13c  Code  Gb  usbd_ctlreq.o [1]
USBD_StdEPReq           0x08008469    0xc8  Code  Gb  usbd_ctlreq.o [1]
USBD_StdItfReq          0x08008431    0x32  Code  Gb  usbd_ctlreq.o [1]
USBD_StrDesc            0x2000496c   0x200  Data  Gb  usbd_desc.o [1]
USB_ActivateEndpoint    0x080090b5    0x78  Code  Gb  stm32f4xx_ll_usb.o [1]
USB_ActivateSetup       0x08009695    0x2e  Code  Gb  stm32f4xx_ll_usb.o [1]
USB_CoreInit            0x08008e79    0x6e  Code  Gb  stm32f4xx_ll_usb.o [1]
USB_CoreReset           0x080096f3    0x2a  Code  Lc  stm32f4xx_ll_usb.o [1]
USB_DeactivateEndpoint  0x0800912d    0x62  Code  Gb  stm32f4xx_ll_usb.o [1]
USB_DevConnect          0x0800960d     0xe  Code  Gb  stm32f4xx_ll_usb.o [1]
USB_DevDisconnect       0x0800961b     0xc  Code  Gb  stm32f4xx_ll_usb.o [1]
USB_DevInit             0x08008f21   0x122  Code  Gb  stm32f4xx_ll_usb.o [1]
USB_DisableGlobalInt    0x08008eef     0x6  Code  Gb  stm32f4xx_ll_usb.o [1]
USB_EP0StartXfer        0x080093bf   0x134  Code  Gb  stm32f4xx_ll_usb.o [1]
USB_EP0_OutStart        0x080096c3    0x30  Code  Gb  stm32f4xx_ll_usb.o [1]
USB_EPClearStall        0x08009597    0x5a  Code  Gb  stm32f4xx_ll_usb.o [1]
USB_EPSetStall          0x08009549    0x4e  Code  Gb  stm32f4xx_ll_usb.o [1]
USB_EPStartXfer         0x0800918f   0x230  Code  Gb  stm32f4xx_ll_usb.o [1]
USB_EnableGlobalInt     0x08008ee7     0x8  Code  Gb  stm32f4xx_ll_usb.o [1]
USB_FlushRxFifo         0x08009061    0x1a  Code  Gb  stm32f4xx_ll_usb.o [1]
USB_FlushTxFifo         0x08009043    0x1e  Code  Gb  stm32f4xx_ll_usb.o [1]
USB_GetDevSpeed         0x08009081    0x34  Code  Gb  stm32f4xx_ll_usb.o [1]
USB_GetMode             0x0800968d     0x8  Code  Gb  stm32f4xx_ll_usb.o [1]
USB_ReadDevAllInEpInterrupt
                        0x08009649     0xe  Code  Gb  stm32f4xx_ll_usb.o [1]
USB_ReadDevAllOutEpInterrupt
                        0x0800963b     0xe  Code  Gb  stm32f4xx_ll_usb.o [1]
USB_ReadDevInEPInterrupt
                        0x0800966b    0x22  Code  Gb  stm32f4xx_ll_usb.o [1]
USB_ReadDevOutEPInterrupt
                        0x08009657    0x14  Code  Gb  stm32f4xx_ll_usb.o [1]
USB_ReadInterrupts      0x08009633     0x8  Code  Gb  stm32f4xx_ll_usb.o [1]
USB_ReadPacket          0x08009525    0x24  Code  Gb  stm32f4xx_ll_usb.o [1]
USB_SetCurrentMode      0x08008efb    0x26  Code  Gb  stm32f4xx_ll_usb.o [1]
USB_SetDevAddress       0x080095f1    0x12  Code  Gb  stm32f4xx_ll_usb.o [1]
USB_SetDevSpeed         0x0800907b     0x6  Code  Gb  stm32f4xx_ll_usb.o [1]
USB_WritePacket         0x080094f9    0x2c  Code  Gb  stm32f4xx_ll_usb.o [1]
UserRxBufferFS          0x20004ef8     0x4  Data  Gb  usbd_cdc_if.o [1]
UserTxBufferFS          0x20004efc     0x4  Data  Gb  usbd_cdc_if.o [1]
__aeabi_memset          0x08001e99          Code  Gb  ABImemset.o [5]
__aeabi_memset4         0x08004c31          Code  Gb  ABImemset48.o [5]
__aeabi_memset8         0x08004c31          Code  Gb  ABImemset48.o [5]
__as_entries_start      0xffffffff           --   Gb  command line/config [2]
__as_table_start        0xffffffff           --   Gb  command line/config [2]
__cmain                 0x08009ae9          Code  Gb  cmain.o [5]
__data_GetMemChunk      0x08004931    0x2c  Code  Gb  xgetmemchunk.o [3]
__exit                  0x08004ce5    0x14  Code  Gb  exit.o [6]
__iar_Memset            0x08001e99          Code  Gb  ABImemset.o [5]
__iar_Memset4_word      0x08004c39          Code  Gb  ABImemset48.o [5]
__iar_Memset8_word      0x08004c39          Code  Gb  ABImemset48.o [5]
__iar_Memset_word       0x08001ea1          Code  Gb  ABImemset.o [5]
__iar_data_init3        0x08009a79    0x28  Code  Gb  data_init.o [5]
__iar_dlfree            0x0800364d   0x510  Code  Gb  dlmalloc.o [3]
__iar_dlmalloc          0x08003397   0x2aa  Code  Gb  dlmalloc.o [3]
__iar_gm_               0x20004b6c   0x1d8  Data  Gb  dlmalloc.o [3]
__iar_init_vfp          0x08009acd          Code  Gb  fpinit_M.o [4]
__iar_packbits_init3    0x0800975b    0xb0  Code  Gb  packbits_init.o [5]
__iar_program_start     0x08009b35          Code  Gb  cstartup_M.o [5]
__iar_unaligned___aeabi_memcpy
                        0x08004c6d          Code  Gb  ABImemcpy_unaligned.o [5]
__iar_unaligned___aeabi_memcpy4
                        0x08004c8d          Code  Gb  ABImemcpy_unaligned.o [5]
__iar_unaligned___aeabi_memcpy8
                        0x08004c8d          Code  Gb  ABImemcpy_unaligned.o [5]
__iar_zero_init3        0x08001eff    0x22  Code  Gb  zero_init3.o [5]
__low_level_init        0x08009b03     0x4  Code  Gb  low_level_init.o [3]
__vector_table          0x08000000          Data  Gb  startup_stm32f407xx.o [1]
_call_main              0x08009af5          Code  Gb  cmain.o [5]
_exit                   0x08009b0d          Code  Gb  cexit.o [5]
_main                   0x08009aff          Code  Gb  cmain.o [5]
abort                   0x08004929     0x6  Code  Gb  abort.o [3]
byteswritten            0x2000449c     0x4  Data  Gb  main.o [1]
check_fs                0x08000fe5    0x6c  Code  Lc  ff.o [1]
chk_chr                 0x080001ab    0x12  Code  Lc  ff.o [1]
chk_lock                0x080001e3    0x62  Code  Lc  ff.o [1]
clear_lock              0x080002f1    0x1c  Code  Lc  ff.o [1]
clmt_clust              0x08000723    0x2e  Code  Lc  ff.o [1]
clust2sect              0x08000445    0x1e  Code  Gb  ff.o [1]
create_chain            0x08000675    0xae  Code  Lc  ff.o [1]
create_name             0x08000cc9   0x1da  Code  Lc  ff.o [1]
dec_lock                0x080002bd    0x34  Code  Lc  ff.o [1]
defaultTaskHandle       0x2000450c     0x4  Data  Gb  main.o [1]
dir_find                0x080009b7   0x13e  Code  Lc  ff.o [1]
dir_next                0x080007e5   0x108  Code  Lc  ff.o [1]
dir_register            0x08000af5   0x1ac  Code  Lc  ff.o [1]
dir_sdi                 0x08000751    0x94  Code  Lc  ff.o [1]
disk                    0x20004ee8     0xc  Data  Gb  ff_gen_drv.o [1]
disk_initialize         0x08001f6d    0x1a  Code  Gb  diskio.o [1]
disk_ioctl              0x08001fc1    0x12  Code  Gb  diskio.o [1]
disk_read               0x08001f93     0xe  Code  Gb  diskio.o [1]
disk_status             0x08001f87     0xc  Code  Gb  diskio.o [1]
disk_write              0x08001fa1     0xe  Code  Gb  diskio.o [1]
exit                    0x08009b07     0x4  Code  Gb  exit.o [3]
f_close                 0x08001889    0x38  Code  Gb  ff.o [1]
f_mkfs                  0x08001903   0x4c6  Code  Gb  ff.o [1]
f_mount                 0x08001397    0x7e  Code  Gb  ff.o [1]
f_open                  0x08001415   0x1b0  Code  Gb  ff.o [1]
f_sync                  0x080017cb    0xbe  Code  Gb  ff.o [1]
f_write                 0x080015eb   0x17c  Code  Gb  ff.o [1]
ff_convert              0x08001fdd    0x36  Code  Gb  ccsbcs.o [1]
ff_cre_syncobj          0x08001f21    0x1e  Code  Gb  syscall.o [1]
ff_del_syncobj          0x08001f3f     0xa  Code  Gb  syscall.o [1]
ff_memalloc             0x08001f61     0x4  Code  Gb  syscall.o [1]
ff_memfree              0x08001f65     0x4  Code  Gb  syscall.o [1]
ff_rel_grant            0x08001f5d     0x4  Code  Gb  syscall.o [1]
ff_req_grant            0x08001f49    0x14  Code  Gb  syscall.o [1]
ff_wtoupper             0x08002013    0x1e  Code  Gb  ccsbcs.o [1]
find_volume             0x08001051   0x300  Code  Lc  ff.o [1]
follow_path             0x08000f39    0x66  Code  Lc  ff.o [1]
gen_numname             0x0800091f    0x7c  Code  Lc  ff.o [1]
get_fat                 0x08000463    0xb8  Code  Gb  ff.o [1]
get_fattime             0x08001fd9     0x4  Code  Gb  diskio.o [1]
get_ldnumber            0x08000fa7    0x3e  Code  Lc  ff.o [1]
hUsbDeviceFS            0x20004748   0x224  Data  Gb  usb_device.o [1]
hUsbDevice_0            0x20004ef4     0x4  Data  Gb  usbd_cdc_if.o [1]
hadc1                   0x2000420c    0x44  Data  Gb  main.o [1]
hdma_adc1               0x20004e28    0x50  Data  Gb  main.o [1]
hpcd_USB_OTG_FS         0x20003e40   0x3b4  Data  Gb  usbd_conf.o [1]
hrtc                    0x20004250    0x20  Data  Gb  main.o [1]
hsd                     0x200044ac    0x60  Data  Gb  main.o [1]
inHandlerMode           0x080024fd     0xc  Code  Lc  cmsis_os.o [1]
inc_lock                0x08000245    0x78  Code  Lc  ff.o [1]
init_mparams            0x0800267f    0x32  Code  Lc  dlmalloc.o [3]
init_top                0x080026b1    0x34  Code  Lc  dlmalloc.o [3]
ld_clust                0x080008ed    0x20  Code  Lc  ff.o [1]
lock_fs                 0x080001bd     0x8  Code  Lc  ff.o [1]
main                    0x08006ddd    0xf2  Code  Gb  main.o [1]
makeFreeRtosPriority    0x080024f1     0xc  Code  Lc  cmsis_os.o [1]
mem_cpy                 0x08000189    0x14  Code  Lc  ff.o [1]
mem_set                 0x0800019d     0xe  Code  Lc  ff.o [1]
move_window             0x08000363    0x32  Code  Lc  ff.o [1]
mparams                 0x20004ed0    0x18  Data  Lc  dlmalloc.o [3]
osDelay                 0x08002549     0xe  Code  Gb  cmsis_os.o [1]
osKernelStart           0x08002509     0xa  Code  Gb  cmsis_os.o [1]
osSemaphoreCreate       0x08002557    0x2c  Code  Gb  cmsis_os.o [1]
osSemaphoreDelete       0x08002635     0xe  Code  Gb  cmsis_os.o [1]
osSemaphoreRelease      0x080025e5    0x34  Code  Gb  cmsis_os.o [1]
osSemaphoreWait         0x08002583    0x44  Code  Gb  cmsis_os.o [1]
osSystickHandler        0x0800264d    0x14  Code  Gb  cmsis_os.o [1]
osThreadCreate          0x08002513    0x36  Code  Gb  cmsis_os.o [1]
prepend_alloc           0x080026e5   0x36e  Code  Lc  dlmalloc.o [3]
prvAddCurrentTaskToDelayedList
                        0x0800409d    0x30  Code  Lc  tasks.o [1]
prvAllocateTCBAndStack  0x080040cd    0x36  Code  Lc  tasks.o [1]
prvCopyDataFromQueue    0x080046ed    0x26  Code  Lc  queue.o [1]
prvCopyDataToQueue      0x0800467f    0x6e  Code  Lc  queue.o [1]
prvIdleTask             0x08003ffd    0x56  Code  Lc  tasks.o [1]
prvInitialiseTCBVariables
                        0x08004053    0x4a  Code  Lc  tasks.o [1]
prvInsertBlockIntoFreeList
                        0x08004be5    0x46  Code  Lc  heap_4.o [1]
prvResetNextTaskUnblockTime
                        0x08004103    0x1a  Code  Lc  tasks.o [1]
prvTaskExitError        0x080047b9    0x18  Code  Lc  port.o [1]
prvUnlockQueue          0x08004713    0x5c  Code  Lc  queue.o [1]
put_fat                 0x0800051b    0xe4  Code  Gb  ff.o [1]
pvPortMalloc            0x08004aa1   0x102  Code  Gb  heap_4.o [1]
pvTaskIncrementMutexHeldCount
                        0x08004225    0x12  Code  Gb  tasks.o [1]
pxCurrentTCB            0x20000028     0x4  Data  Gb  tasks.o [1]
pxDelayedTaskList       0x2000002c     0x4  Data  Lc  tasks.o [1]
pxEnd                   0x20000230     0x4  Data  Lc  heap_4.o [1]
pxOverflowDelayedTaskList
                        0x20000030     0x4  Data  Lc  tasks.o [1]
pxPortInitialiseStack   0x08004795    0x24  Code  Gb  port.o [1]
pxReadyTasksLists       0x20004d44    0x8c  Data  Lc  tasks.o [1]
remove_chain            0x08000607    0x6e  Code  Lc  ff.o [1]
retSD                   0x20004f00     0x1  Data  Gb  fatfs.o [1]
sDateNow                0x200044a8     0x4  Data  Gb  main.o [1]
sTimeNow                0x200041f4    0x14  Data  Gb  main.o [1]
segment_holding         0x08002665    0x1a  Code  Lc  dlmalloc.o [3]
st_clust                0x0800090d    0x12  Code  Lc  ff.o [1]
startConversion         0x20004208     0x2  Data  Gb  main.o [1]
startWrite              0x2000420a     0x2  Data  Gb  main.o [1]
sum_sfn                 0x0800099b    0x1c  Code  Lc  ff.o [1]
sync_fs                 0x08000395    0xb0  Code  Lc  ff.o [1]
sync_window             0x08000311    0x52  Code  Lc  ff.o [1]
sys_alloc               0x08002a53   0x38c  Code  Lc  dlmalloc.o [3]
tmalloc_large           0x08002ded   0x39a  Code  Lc  dlmalloc.o [3]
tmalloc_small           0x08003187   0x210  Code  Lc  dlmalloc.o [3]
ucHeap                  0x20000240  0x3c00  Data  Lc  heap_4.o [1]
ucMaxSysCallPriority    0x20000208     0x1  Data  Lc  port.o [1]
ulMaxPRIGROUPValue      0x20000210     0x4  Data  Lc  port.o [1]
ulPortSetInterruptMask  0x080049ad          Code  Gb  portasm.o [1]
unlock_fs               0x080001c5    0x1e  Code  Lc  ff.o [1]
uwTick                  0x20004f10     0x4  Data  Lc  stm32f4xx_hal.o [1]
uxCriticalNesting       0x2000020c     0x4  Data  Lc  port.o [1]
uxCurrentNumberOfTasks  0x2000004c     0x4  Data  Lc  tasks.o [1]
uxListRemove            0x08004a7b    0x24  Code  Gb  list.o [1]
uxPendedTicks           0x2000005c     0x4  Data  Lc  tasks.o [1]
uxSchedulerSuspended    0x20000070     0x4  Data  Lc  tasks.o [1]
uxTaskNumber            0x20000068     0x4  Data  Lc  tasks.o [1]
uxTasksDeleted          0x20000034     0x4  Data  Lc  tasks.o [1]
uxTopReadyPriority      0x20000054     0x4  Data  Lc  tasks.o [1]
vListInitialise         0x08004a11    0x1a  Code  Gb  list.o [1]
vListInitialiseItem     0x08004a2b     0x6  Code  Gb  list.o [1]
vListInsert             0x08004a49    0x32  Code  Gb  list.o [1]
vListInsertEnd          0x08004a31    0x18  Code  Gb  list.o [1]
vPortClearInterruptMask
                        0x080049bb          Code  Gb  portasm.o [1]
vPortEnableVFP          0x080049f5          Code  Gb  portasm.o [1]
vPortEnterCritical      0x08004855    0x2c  Code  Gb  port.o [1]
vPortExitCritical       0x08004881    0x18  Code  Gb  port.o [1]
vPortFree               0x08004ba3    0x42  Code  Gb  heap_4.o [1]
vPortSetupTimerInterrupt
                        0x080048b7    0x18  Code  Wk  port.o [1]
vPortStartFirstTask     0x080049dd          Code  Gb  portasm.o [1]
vPortValidateInterruptPriority
                        0x080048d1    0x32  Code  Gb  port.o [1]
vPortYield              0x08004843    0x12  Code  Gb  port.o [1]
vQueueDelete            0x0800465d    0x22  Code  Gb  queue.o [1]
vQueueUnregisterQueue   0x0800476f    0x1e  Code  Gb  queue.o [1]
vTaskDelay              0x08003c79    0x46  Code  Gb  tasks.o [1]
vTaskMissedYield        0x08003ff5     0x8  Code  Gb  tasks.o [1]
vTaskPlaceOnEventList   0x08003ebb    0x26  Code  Gb  tasks.o [1]
vTaskPriorityInherit    0x08004133    0x80  Code  Gb  tasks.o [1]
vTaskSetTimeOutState    0x08003f89    0x18  Code  Gb  tasks.o [1]
vTaskStartScheduler     0x08003cd1    0x4a  Code  Gb  tasks.o [1]
vTaskSuspendAll         0x08003d1b     0xc  Code  Gb  tasks.o [1]
vTaskSwitchContext      0x08003e71    0x4a  Code  Gb  tasks.o [1]
validate                0x08001351    0x46  Code  Lc  ff.o [1]
xBlockAllocatedBit      0x2000023c     0x4  Data  Lc  heap_4.o [1]
xDelayedTaskList1       0x20000074    0x14  Data  Lc  tasks.o [1]
xDelayedTaskList2       0x20000088    0x14  Data  Lc  tasks.o [1]
xFreeBytesRemaining     0x20000234     0x4  Data  Lc  heap_4.o [1]
xMinimumEverFreeBytesRemaining
                        0x20000238     0x4  Data  Lc  heap_4.o [1]
xNextTaskUnblockTime    0x2000006c     0x4  Data  Lc  tasks.o [1]
xNumOfOverflows         0x20000064     0x4  Data  Lc  tasks.o [1]
xPendingReadyList       0x20000000    0x14  Data  Lc  tasks.o [1]
xPortStartScheduler     0x080047d1    0x72  Code  Gb  port.o [1]
xPortSysTickHandler     0x08004899    0x14  Code  Gb  port.o [1]
xQueueCreateCountingSemaphore
                        0x080042f5    0x2a  Code  Gb  queue.o [1]
xQueueGenericCreate     0x080042b1    0x44  Code  Gb  queue.o [1]
xQueueGenericReceive    0x080044b9   0x114  Code  Gb  queue.o [1]
xQueueGenericReset      0x08004249    0x68  Code  Gb  queue.o [1]
xQueueGenericSend       0x0800431f   0x10a  Code  Gb  queue.o [1]
xQueueGenericSendFromISR
                        0x08004429    0x90  Code  Gb  queue.o [1]
xQueueReceiveFromISR    0x080045df    0x64  Code  Gb  queue.o [1]
xQueueRegistry          0x20004e78    0x40  Data  Gb  queue.o [1]
xSchedulerRunning       0x20000058     0x4  Data  Lc  tasks.o [1]
xStart                  0x20000228     0x8  Data  Lc  heap_4.o [1]
xSuspendedTaskList      0x20000038    0x14  Data  Lc  tasks.o [1]
xTaskCheckForTimeOut    0x08003fa1    0x4c  Code  Gb  tasks.o [1]
xTaskGenericCreate      0x08003b65   0x114  Code  Gb  tasks.o [1]
xTaskGetSchedulerState  0x0800411d    0x16  Code  Gb  tasks.o [1]
xTaskIncrementTick      0x08003daf    0xb8  Code  Gb  tasks.o [1]
xTaskPriorityDisinherit
                        0x080041b3    0x72  Code  Gb  tasks.o [1]
xTaskRemoveFromEventList
                        0x08003f1d    0x58  Code  Gb  tasks.o [1]
xTaskResumeAll          0x08003d27    0x88  Code  Gb  tasks.o [1]
xTasksWaitingTermination
                        0x20000014    0x14  Data  Lc  tasks.o [1]
xTickCount              0x20000050     0x4  Data  Lc  tasks.o [1]
xYieldPending           0x20000060     0x4  Data  Lc  tasks.o [1]


[1] = D:\REPOSITORY\GIT\MySniperLocator\EWARM\MySniperLocator Configuration\Obj
[2] = command line
[3] = dl7M_tlf.a
[4] = m7M_tlv.a
[5] = rt7M_tl.a
[6] = shb_l.a

  40 024 bytes of readonly  code memory
     436 bytes of readonly  data memory
  36 634 bytes of readwrite data memory

Errors: none
Warnings: none
