###############################################################################
#                                                                             #
# IAR ELF Linker V6.50.3.4676/W32 for ARM               08/Apr/2015  14:20:34 #
# Copyright 2007-2013 IAR Systems AB.                                         #
#                                                                             #
#    Output file  =  K:\GIT\mySniperLocator\EWARM\MySniperLocator             #
#                    Configuration\Exe\MySniperLocator Configuration.out      #
#    Map file     =  K:\GIT\mySniperLocator\EWARM\MySniperLocator             #
#                    Configuration/List\MySniperLocator Configuration.map     #
#    Command line =  "K:\GIT\mySniperLocator\EWARM\MySniperLocator            #
#                    Configuration\Obj\bsp_driver_sd.o"                       #
#                    "K:\GIT\mySniperLocator\EWARM\MySniperLocator            #
#                    Configuration\Obj\ccsbcs.o"                              #
#                    "K:\GIT\mySniperLocator\EWARM\MySniperLocator            #
#                    Configuration\Obj\cmsis_os.o"                            #
#                    "K:\GIT\mySniperLocator\EWARM\MySniperLocator            #
#                    Configuration\Obj\croutine.o"                            #
#                    "K:\GIT\mySniperLocator\EWARM\MySniperLocator            #
#                    Configuration\Obj\diskio.o"                              #
#                    "K:\GIT\mySniperLocator\EWARM\MySniperLocator            #
#                    Configuration\Obj\event_groups.o"                        #
#                    "K:\GIT\mySniperLocator\EWARM\MySniperLocator            #
#                    Configuration\Obj\fatfs.o" "K:\GIT\mySniperLocator\EWARM #
#                    \MySniperLocator Configuration\Obj\ff.o"                 #
#                    "K:\GIT\mySniperLocator\EWARM\MySniperLocator            #
#                    Configuration\Obj\ff_gen_drv.o"                          #
#                    "K:\GIT\mySniperLocator\EWARM\MySniperLocator            #
#                    Configuration\Obj\freertos.o"                            #
#                    "K:\GIT\mySniperLocator\EWARM\MySniperLocator            #
#                    Configuration\Obj\heap_4.o"                              #
#                    "K:\GIT\mySniperLocator\EWARM\MySniperLocator            #
#                    Configuration\Obj\list.o" "K:\GIT\mySniperLocator\EWARM\ #
#                    MySniperLocator Configuration\Obj\main.o"                #
#                    "K:\GIT\mySniperLocator\EWARM\MySniperLocator            #
#                    Configuration\Obj\port.o" "K:\GIT\mySniperLocator\EWARM\ #
#                    MySniperLocator Configuration\Obj\portasm.o"             #
#                    "K:\GIT\mySniperLocator\EWARM\MySniperLocator            #
#                    Configuration\Obj\queue.o" "K:\GIT\mySniperLocator\EWARM #
#                    \MySniperLocator Configuration\Obj\sd_diskio.o"          #
#                    "K:\GIT\mySniperLocator\EWARM\MySniperLocator            #
#                    Configuration\Obj\startup_stm32f407xx.o"                 #
#                    "K:\GIT\mySniperLocator\EWARM\MySniperLocator            #
#                    Configuration\Obj\stm32f4xx_hal.o"                       #
#                    "K:\GIT\mySniperLocator\EWARM\MySniperLocator            #
#                    Configuration\Obj\stm32f4xx_hal_adc.o"                   #
#                    "K:\GIT\mySniperLocator\EWARM\MySniperLocator            #
#                    Configuration\Obj\stm32f4xx_hal_adc_ex.o"                #
#                    "K:\GIT\mySniperLocator\EWARM\MySniperLocator            #
#                    Configuration\Obj\stm32f4xx_hal_cortex.o"                #
#                    "K:\GIT\mySniperLocator\EWARM\MySniperLocator            #
#                    Configuration\Obj\stm32f4xx_hal_dma.o"                   #
#                    "K:\GIT\mySniperLocator\EWARM\MySniperLocator            #
#                    Configuration\Obj\stm32f4xx_hal_dma_ex.o"                #
#                    "K:\GIT\mySniperLocator\EWARM\MySniperLocator            #
#                    Configuration\Obj\stm32f4xx_hal_flash.o"                 #
#                    "K:\GIT\mySniperLocator\EWARM\MySniperLocator            #
#                    Configuration\Obj\stm32f4xx_hal_flash_ex.o"              #
#                    "K:\GIT\mySniperLocator\EWARM\MySniperLocator            #
#                    Configuration\Obj\stm32f4xx_hal_flash_ramfunc.o"         #
#                    "K:\GIT\mySniperLocator\EWARM\MySniperLocator            #
#                    Configuration\Obj\stm32f4xx_hal_gpio.o"                  #
#                    "K:\GIT\mySniperLocator\EWARM\MySniperLocator            #
#                    Configuration\Obj\stm32f4xx_hal_msp.o"                   #
#                    "K:\GIT\mySniperLocator\EWARM\MySniperLocator            #
#                    Configuration\Obj\stm32f4xx_hal_pcd.o"                   #
#                    "K:\GIT\mySniperLocator\EWARM\MySniperLocator            #
#                    Configuration\Obj\stm32f4xx_hal_pcd_ex.o"                #
#                    "K:\GIT\mySniperLocator\EWARM\MySniperLocator            #
#                    Configuration\Obj\stm32f4xx_hal_pwr.o"                   #
#                    "K:\GIT\mySniperLocator\EWARM\MySniperLocator            #
#                    Configuration\Obj\stm32f4xx_hal_pwr_ex.o"                #
#                    "K:\GIT\mySniperLocator\EWARM\MySniperLocator            #
#                    Configuration\Obj\stm32f4xx_hal_rcc.o"                   #
#                    "K:\GIT\mySniperLocator\EWARM\MySniperLocator            #
#                    Configuration\Obj\stm32f4xx_hal_rcc_ex.o"                #
#                    "K:\GIT\mySniperLocator\EWARM\MySniperLocator            #
#                    Configuration\Obj\stm32f4xx_hal_rtc.o"                   #
#                    "K:\GIT\mySniperLocator\EWARM\MySniperLocator            #
#                    Configuration\Obj\stm32f4xx_hal_rtc_ex.o"                #
#                    "K:\GIT\mySniperLocator\EWARM\MySniperLocator            #
#                    Configuration\Obj\stm32f4xx_hal_sd.o"                    #
#                    "K:\GIT\mySniperLocator\EWARM\MySniperLocator            #
#                    Configuration\Obj\stm32f4xx_it.o"                        #
#                    "K:\GIT\mySniperLocator\EWARM\MySniperLocator            #
#                    Configuration\Obj\stm32f4xx_ll_sdmmc.o"                  #
#                    "K:\GIT\mySniperLocator\EWARM\MySniperLocator            #
#                    Configuration\Obj\stm32f4xx_ll_usb.o"                    #
#                    "K:\GIT\mySniperLocator\EWARM\MySniperLocator            #
#                    Configuration\Obj\syscall.o"                             #
#                    "K:\GIT\mySniperLocator\EWARM\MySniperLocator            #
#                    Configuration\Obj\system_stm32f4xx.o"                    #
#                    "K:\GIT\mySniperLocator\EWARM\MySniperLocator            #
#                    Configuration\Obj\tasks.o" "K:\GIT\mySniperLocator\EWARM #
#                    \MySniperLocator Configuration\Obj\timers.o"             #
#                    "K:\GIT\mySniperLocator\EWARM\MySniperLocator            #
#                    Configuration\Obj\usb_device.o"                          #
#                    "K:\GIT\mySniperLocator\EWARM\MySniperLocator            #
#                    Configuration\Obj\usbd_cdc.o"                            #
#                    "K:\GIT\mySniperLocator\EWARM\MySniperLocator            #
#                    Configuration\Obj\usbd_cdc_if.o"                         #
#                    "K:\GIT\mySniperLocator\EWARM\MySniperLocator            #
#                    Configuration\Obj\usbd_conf.o"                           #
#                    "K:\GIT\mySniperLocator\EWARM\MySniperLocator            #
#                    Configuration\Obj\usbd_core.o"                           #
#                    "K:\GIT\mySniperLocator\EWARM\MySniperLocator            #
#                    Configuration\Obj\usbd_ctlreq.o"                         #
#                    "K:\GIT\mySniperLocator\EWARM\MySniperLocator            #
#                    Configuration\Obj\usbd_desc.o"                           #
#                    "K:\GIT\mySniperLocator\EWARM\MySniperLocator            #
#                    Configuration\Obj\usbd_ioreq.o" --redirect               #
#                    _Printf=_PrintfFull --redirect _Scanf=_ScanfFull -o      #
#                    "K:\GIT\mySniperLocator\EWARM\MySniperLocator            #
#                    Configuration\Exe\MySniperLocator Configuration.out"     #
#                    --map "K:\GIT\mySniperLocator\EWARM\MySniperLocator      #
#                    Configuration/List\MySniperLocator Configuration.map"    #
#                    --config "C:\Program Files (x86)\IAR Systems\Embedded    #
#                    Workbench 7.2\arm\config\linker\ST\stm32f407xG.icf"      #
#                    --semihosting --entry __iar_program_start --vfe          #
#                                                                             #
#                                                                             #
###############################################################################

*******************************************************************************
*** RUNTIME MODEL ATTRIBUTES
***

CppFlavor       = *
__Heap_Handler  = DLMalloc
__SystemLibrary = DLib


*******************************************************************************
*** PLACEMENT SUMMARY
***

"A1":  place at 0x08000000 { ro section .intvec };
"P1":  place in [from 0x08000000 to 0x080fffff] { ro };
"P2":  place in [from 0x20000000 to 0x2001ffff] { rw, block CSTACK, block HEAP };

  Section            Kind        Address    Size  Object
  -------            ----        -------    ----  ------
"A1":                                      0x188
  .intvec            ro code  0x08000000   0x188  startup_stm32f407xx.o [1]
                            - 0x08000188   0x188

"P1":                                     0x9c04
  .text              ro code  0x08000188  0x1b10  ff.o [1]
  .text              ro code  0x08001c98    0x66  ABImemset.o [5]
  .text              ro code  0x08001cfe    0x22  zero_init3.o [5]
  .text              ro code  0x08001d20    0x4c  syscall.o [1]
  .text              ro code  0x08001d6c    0x70  diskio.o [1]
  .text              ro code  0x08001ddc   0x514  ccsbcs.o [1]
  .text              ro code  0x080022f0   0x174  cmsis_os.o [1]
  .text              ro code  0x08002464  0x1510  dlmalloc.o [3]
  .text              ro code  0x08003974   0x6d8  tasks.o [1]
  .text              ro code  0x0800404c   0x54c  queue.o [1]
  .text              ro code  0x08004598   0x194  port.o [1]
  .text              ro code  0x0800472c     0x6  abort.o [3]
  .text              ro code  0x08004734    0x2c  xgetmemchunk.o [3]
  CODE               ro code  0x08004760    0xb4  portasm.o [1]
  .text              ro code  0x08004814    0x8e  list.o [1]
  .text              ro code  0x080048a4   0x18c  heap_4.o [1]
  .text              ro code  0x08004a30    0x3a  ABImemset48.o [5]
  .text              ro code  0x08004a6c    0xa6  ABImemcpy.o [5]
  .text              ro code  0x08004b14    0x14  exit.o [6]
  .text              ro code  0x08004b28   0xc36  stm32f4xx_hal_sd.o [1]
  .text              ro code  0x08005760   0x11c  stm32f4xx_hal_msp.o [1]
  .text              ro code  0x0800587c    0xb4  stm32f4xx_ll_sdmmc.o [1]
  .text              ro code  0x08005930    0x84  stm32f4xx_hal.o [1]
  .text              ro code  0x080059b4    0xd8  stm32f4xx_hal_cortex.o [1]
  .text              ro code  0x08005a8c   0x1f8  stm32f4xx_hal_gpio.o [1]
  .text              ro code  0x08005c84   0xaf2  stm32f4xx_hal_dma.o [1]
  .text              ro code  0x08006778   0x4e4  stm32f4xx_hal_rcc.o [1]
  .text              ro code  0x08006c5c   0x5e4  main.o [1]
  .text              ro code  0x08007240   0x354  stm32f4xx_hal_adc.o [1]
  .text              ro code  0x08007594    0x38  ff_gen_drv.o [1]
  .text              ro code  0x080075cc   0x120  stm32f4xx_hal_rcc_ex.o [1]
  .text              ro code  0x080076ec   0x4a0  stm32f4xx_hal_rtc.o [1]
  .text              ro code  0x08007b8c    0x18  fatfs.o [1]
  .text              ro code  0x08007ba4    0x38  usb_device.o [1]
  .text              ro code  0x08007bdc   0x266  usbd_core.o [1]
  .text              ro code  0x08007e44   0x1ee  usbd_cdc.o [1]
  .text              ro code  0x08008034   0x224  usbd_conf.o [1]
  .text              ro code  0x08008258   0x3c6  usbd_ctlreq.o [1]
  .text              ro code  0x0800861e    0x60  usbd_ioreq.o [1]
  .text              ro code  0x0800867e   0x720  stm32f4xx_hal_pcd.o [1]
  .text              ro code  0x08008d9e    0x44  stm32f4xx_hal_pcd_ex.o [1]
  .text              ro code  0x08008de4   0x8c0  stm32f4xx_ll_usb.o [1]
  .text              ro code  0x080096a4    0xd0  packbits_init.o [5]
  .text              ro code  0x08009774    0xb0  usbd_desc.o [1]
  .text              ro code  0x08009824    0xa8  sd_diskio.o [1]
  .text              ro code  0x080098cc    0x64  bsp_driver_sd.o [1]
  .text              ro code  0x08009930    0x50  system_stm32f4xx.o [1]
  .text              ro code  0x08009980    0x34  usbd_cdc_if.o [1]
  .text              ro code  0x080099b4    0x28  stm32f4xx_it.o [1]
  .text              ro code  0x080099dc    0x28  data_init.o [5]
  .text              ro code  0x08009a04    0x22  fpinit_M.o [4]
  .iar.init_table    const    0x08009a28    0x2c  - Linker created -
  .text              ro code  0x08009a54    0x1a  cmain.o [5]
  .text              ro code  0x08009a6e     0x4  low_level_init.o [3]
  .text              ro code  0x08009a72     0x4  exit.o [3]
  .text              ro code  0x08009a78     0xa  cexit.o [5]
  .text              ro code  0x08009a84    0x10  startup_stm32f407xx.o [1]
  .rodata            const    0x08009a94     0xc  main.o [1]
  .text              ro code  0x08009aa0     0xc  cstartup_M.o [5]
  .text              ro code  0x08009aac     0x4  startup_stm32f407xx.o [1]
  .text              ro code  0x08009ab0     0x4  startup_stm32f407xx.o [1]
  .text              ro code  0x08009ab4     0x4  startup_stm32f407xx.o [1]
  .text              ro code  0x08009ab8     0x4  startup_stm32f407xx.o [1]
  .text              ro code  0x08009abc     0x4  startup_stm32f407xx.o [1]
  .text              ro code  0x08009ac0     0x4  startup_stm32f407xx.o [1]
  .text              ro code  0x08009ac4     0x4  startup_stm32f407xx.o [1]
  .text              ro code  0x08009ac8     0x4  startup_stm32f407xx.o [1]
  .text              ro code  0x08009acc     0x4  startup_stm32f407xx.o [1]
  .text              ro code  0x08009ad0     0x4  startup_stm32f407xx.o [1]
  .text              ro code  0x08009ad4     0x4  startup_stm32f407xx.o [1]
  .text              ro code  0x08009ad8     0x4  startup_stm32f407xx.o [1]
  .text              ro code  0x08009adc     0x4  startup_stm32f407xx.o [1]
  .text              ro code  0x08009ae0     0x4  startup_stm32f407xx.o [1]
  .text              ro code  0x08009ae4     0x4  startup_stm32f407xx.o [1]
  .text              ro code  0x08009ae8     0x4  startup_stm32f407xx.o [1]
  .text              ro code  0x08009aec     0x4  startup_stm32f407xx.o [1]
  .text              ro code  0x08009af0     0x4  startup_stm32f407xx.o [1]
  .text              ro code  0x08009af4     0x4  startup_stm32f407xx.o [1]
  .text              ro code  0x08009af8     0x4  startup_stm32f407xx.o [1]
  .text              ro code  0x08009afc     0x4  startup_stm32f407xx.o [1]
  .text              ro code  0x08009b00     0x4  startup_stm32f407xx.o [1]
  .text              ro code  0x08009b04     0x4  startup_stm32f407xx.o [1]
  .text              ro code  0x08009b08     0x4  startup_stm32f407xx.o [1]
  .text              ro code  0x08009b0c     0x4  startup_stm32f407xx.o [1]
  .text              ro code  0x08009b10     0x4  startup_stm32f407xx.o [1]
  .text              ro code  0x08009b14     0x4  startup_stm32f407xx.o [1]
  .text              ro code  0x08009b18     0x4  startup_stm32f407xx.o [1]
  .text              ro code  0x08009b1c     0x4  startup_stm32f407xx.o [1]
  .text              ro code  0x08009b20     0x4  startup_stm32f407xx.o [1]
  .text              ro code  0x08009b24     0x4  startup_stm32f407xx.o [1]
  .text              ro code  0x08009b28     0x4  startup_stm32f407xx.o [1]
  .text              ro code  0x08009b2c     0x4  startup_stm32f407xx.o [1]
  .text              ro code  0x08009b30     0x4  startup_stm32f407xx.o [1]
  .text              ro code  0x08009b34     0x4  startup_stm32f407xx.o [1]
  .text              ro code  0x08009b38     0x4  startup_stm32f407xx.o [1]
  .text              ro code  0x08009b3c     0x4  startup_stm32f407xx.o [1]
  .text              ro code  0x08009b40     0x4  startup_stm32f407xx.o [1]
  .text              ro code  0x08009b44     0x4  startup_stm32f407xx.o [1]
  .text              ro code  0x08009b48     0x4  startup_stm32f407xx.o [1]
  .text              ro code  0x08009b4c     0x4  startup_stm32f407xx.o [1]
  .text              ro code  0x08009b50     0x4  startup_stm32f407xx.o [1]
  .text              ro code  0x08009b54     0x4  startup_stm32f407xx.o [1]
  .text              ro code  0x08009b58     0x4  startup_stm32f407xx.o [1]
  .text              ro code  0x08009b5c     0x4  startup_stm32f407xx.o [1]
  .text              ro code  0x08009b60     0x4  startup_stm32f407xx.o [1]
  .text              ro code  0x08009b64     0x4  startup_stm32f407xx.o [1]
  .text              ro code  0x08009b68     0x4  startup_stm32f407xx.o [1]
  .text              ro code  0x08009b6c     0x4  startup_stm32f407xx.o [1]
  .text              ro code  0x08009b70     0x4  startup_stm32f407xx.o [1]
  .text              ro code  0x08009b74     0x4  startup_stm32f407xx.o [1]
  .text              ro code  0x08009b78     0x4  startup_stm32f407xx.o [1]
  .text              ro code  0x08009b7c     0x4  startup_stm32f407xx.o [1]
  .text              ro code  0x08009b80     0x4  startup_stm32f407xx.o [1]
  .text              ro code  0x08009b84     0x4  startup_stm32f407xx.o [1]
  .text              ro code  0x08009b88     0x4  startup_stm32f407xx.o [1]
  .text              ro code  0x08009b8c     0x4  startup_stm32f407xx.o [1]
  .text              ro code  0x08009b90     0x4  startup_stm32f407xx.o [1]
  .text              ro code  0x08009b94     0x4  startup_stm32f407xx.o [1]
  .text              ro code  0x08009b98     0x4  startup_stm32f407xx.o [1]
  .text              ro code  0x08009b9c     0x4  startup_stm32f407xx.o [1]
  .text              ro code  0x08009ba0     0x4  startup_stm32f407xx.o [1]
  .text              ro code  0x08009ba4     0x4  startup_stm32f407xx.o [1]
  .text              ro code  0x08009ba8     0x4  startup_stm32f407xx.o [1]
  .text              ro code  0x08009bac     0x4  startup_stm32f407xx.o [1]
  .text              ro code  0x08009bb0     0x4  startup_stm32f407xx.o [1]
  .text              ro code  0x08009bb4     0x4  startup_stm32f407xx.o [1]
  .text              ro code  0x08009bb8     0x4  startup_stm32f407xx.o [1]
  .text              ro code  0x08009bbc     0x4  startup_stm32f407xx.o [1]
  .text              ro code  0x08009bc0     0x4  startup_stm32f407xx.o [1]
  .text              ro code  0x08009bc4     0x4  startup_stm32f407xx.o [1]
  .text              ro code  0x08009bc8     0x4  startup_stm32f407xx.o [1]
  .text              ro code  0x08009bcc     0x4  startup_stm32f407xx.o [1]
  .text              ro code  0x08009bd0     0x4  startup_stm32f407xx.o [1]
  .text              ro code  0x08009bd4     0x4  startup_stm32f407xx.o [1]
  .text              ro code  0x08009bd8     0x4  startup_stm32f407xx.o [1]
  .text              ro code  0x08009bdc     0x4  startup_stm32f407xx.o [1]
  .text              ro code  0x08009be0     0x4  startup_stm32f407xx.o [1]
  .text              ro code  0x08009be4     0x4  startup_stm32f407xx.o [1]
  .text              ro code  0x08009be8     0x4  startup_stm32f407xx.o [1]
  .text              ro code  0x08009bec     0x4  startup_stm32f407xx.o [1]
  .text              ro code  0x08009bf0     0x4  startup_stm32f407xx.o [1]
  .text              ro code  0x08009bf4     0x4  startup_stm32f407xx.o [1]
  .text              ro code  0x08009bf8     0x4  startup_stm32f407xx.o [1]
  .rodata            const    0x08009bfc     0x0  zero_init3.o [5]
  .rodata            const    0x08009bfc     0x0  packbits_init.o [5]
  Initializer bytes  ro data  0x08009bfc   0x18e  <for P2 s0>
                            - 0x08009d8a  0x9c02

"P2", part 1 of 3:                         0x560
  P2 s0                       0x20000000   0x55d  <Init block>
    .data            inited   0x20000000   0x2ec  main.o [1]
    .data            inited   0x200002ec    0x9c  tasks.o [1]
    .data            inited   0x20000388    0x4c  main.o [1]
    .data            inited   0x200003d4    0x44  usbd_cdc.o [1]
    .data            inited   0x20000418    0x44  usbd_cdc.o [1]
    .data            inited   0x2000045c    0x44  usbd_cdc.o [1]
    .data            inited   0x200004a0    0x38  usbd_cdc.o [1]
    .data            inited   0x200004d8    0x1c  usbd_desc.o [1]
    .data            inited   0x200004f4    0x14  sd_diskio.o [1]
    .data            inited   0x20000508    0x14  system_stm32f4xx.o [1]
    .data            inited   0x2000051c    0x14  usbd_desc.o [1]
    .data            inited   0x20000530    0x10  usbd_cdc_if.o [1]
    .data            inited   0x20000540     0xc  port.o [1]
    .data            inited   0x2000054c     0xc  usbd_cdc.o [1]
    .data            inited   0x20000558     0x4  usbd_desc.o [1]
    .data            inited   0x2000055c     0x1  sd_diskio.o [1]
                            - 0x2000055d   0x55d

"P2", part 2 of 3:                        0x49d0
  .bss               zero     0x20000560  0x3c18  heap_4.o [1]
  .bss               zero     0x20004178   0x3b4  usbd_conf.o [1]
  .bss               zero     0x2000452c   0x22c  main.o [1]
  .bss               zero     0x20004758   0x224  usb_device.o [1]
  .bss               zero     0x2000497c   0x200  usbd_desc.o [1]
  .bss               zero     0x20004b7c   0x1d8  dlmalloc.o [3]
  .bss               zero     0x20004d54    0x8c  tasks.o [1]
  .bss               zero     0x20004de0    0x58  main.o [1]
  .bss               zero     0x20004e38    0x50  main.o [1]
  .bss               zero     0x20004e88    0x40  queue.o [1]
  .bss               zero     0x20004ec8    0x18  ff.o [1]
  .bss               zero     0x20004ee0    0x18  dlmalloc.o [3]
  .bss               zero     0x20004ef8     0xc  ff_gen_drv.o [1]
  .bss               zero     0x20004f04     0xc  usbd_cdc_if.o [1]
  .bss               zero     0x20004f10     0x8  fatfs.o [1]
  .bss               zero     0x20004f18     0x8  ff.o [1]
  .bss               zero     0x20004f20     0x4  stm32f4xx_hal.o [1]
  .bss               zero     0x20004f24     0x4  xgetmemchunk.o [3]
  .bss               zero     0x20004f28     0x1  usbd_cdc.o [1]
  .bss               zero     0x20004f29     0x1  usbd_ctlreq.o [1]
                            - 0x20004f2a  0x49ca

"P2", part 3 of 3:                        0x4000
  CSTACK                      0x20004f30  0x2000  <Block>
    CSTACK           uninit   0x20004f30  0x2000  <Block tail>
  HEAP                        0x20006f30  0x2000  <Block>
    HEAP             uninit   0x20006f30  0x2000  <Block tail>
                            - 0x20008f30  0x4000


*******************************************************************************
*** INIT TABLE
***

          Address     Size
          -------     ----
Zero (__iar_zero_init3)
    1 destination range, total size 0x49ca:
          0x20000560  0x49ca

Copy/packbits (__iar_packbits_init3)
    1 source range, total size 0x18e (28% of destination):
          0x08009bfc   0x18e
    1 destination range, total size 0x55d:
          0x20000000   0x55d



*******************************************************************************
*** MODULE SUMMARY
***

    Module                  ro code  ro data  rw data
    ------                  -------  -------  -------
K:\GIT\mySniperLocator\EWARM\MySniperLocator Configuration\Obj: [1]
    bsp_driver_sd.o             100
    ccsbcs.o                  1 300
    cmsis_os.o                  372
    diskio.o                    112
    fatfs.o                      24                 8
    ff.o                      6 928                32
    ff_gen_drv.o                 56                12
    heap_4.o                    396            15 384
    list.o                      142
    main.o                    1 508      250    1 548
    port.o                      404        4       12
    portasm.o                   180
    queue.o                   1 356                64
    sd_diskio.o                 168        6       21
    startup_stm32f407xx.o       744
    stm32f4xx_hal.o             132                 4
    stm32f4xx_hal_adc.o         852
    stm32f4xx_hal_cortex.o      216
    stm32f4xx_hal_dma.o       2 802
    stm32f4xx_hal_gpio.o        504
    stm32f4xx_hal_msp.o         284
    stm32f4xx_hal_pcd.o       1 824
    stm32f4xx_hal_pcd_ex.o       68
    stm32f4xx_hal_rcc.o       1 252
    stm32f4xx_hal_rcc_ex.o      288
    stm32f4xx_hal_rtc.o       1 184
    stm32f4xx_hal_sd.o        3 126
    stm32f4xx_it.o               40
    stm32f4xx_ll_sdmmc.o        180
    stm32f4xx_ll_usb.o        2 240
    syscall.o                    76
    system_stm32f4xx.o           80        6       20
    tasks.o                   1 752       46      296
    usb_device.o                 56               548
    usbd_cdc.o                  494       78      273
    usbd_cdc_if.o                52        5       28
    usbd_conf.o                 548               948
    usbd_core.o                 614
    usbd_ctlreq.o               966                 1
    usbd_desc.o                 176       14      564
    usbd_ioreq.o                 96
    -------------------------------------------------
    Total:                   33 692      409   19 763

command line: [2]
    -------------------------------------------------
    Total:

dl7M_tlf.a: [3]
    abort.o                       6
    dlmalloc.o                5 392               496
    exit.o                        4
    low_level_init.o              4
    xgetmemchunk.o               44                 4
    -------------------------------------------------
    Total:                    5 450               500

m7M_tlv.a: [4]
    fpinit_M.o                   34
    -------------------------------------------------
    Total:                       34

rt7M_tl.a: [5]
    ABImemcpy.o                 166
    ABImemset.o                 102
    ABImemset48.o                58
    cexit.o                      10
    cmain.o                      26
    cstartup_M.o                 12
    data_init.o                  40
    packbits_init.o             208
    zero_init3.o                 34
    -------------------------------------------------
    Total:                      656

shb_l.a: [6]
    exit.o                       20
    -------------------------------------------------
    Total:                       20

    Gaps                         22        2
    Linker created                        45   16 384
-----------------------------------------------------
    Grand Total:             39 874      456   36 647


*******************************************************************************
*** ENTRY LIST
***

Entry                      Address    Size  Type      Object
-----                      -------    ----  ----      ------
?main                   0x08009a55          Code  Gb  cmain.o [5]
ADCConvValues           0x200003c8     0x8  Data  Gb  main.o [1]
ADC_DMAConvCplt         0x08007555    0x1a  Code  Lc  stm32f4xx_hal_adc.o [1]
ADC_DMAError            0x0800757d    0x18  Code  Lc  stm32f4xx_hal_adc.o [1]
ADC_DMAHalfConvCplt     0x08007571     0xa  Code  Lc  stm32f4xx_hal_adc.o [1]
ADC_IRQHandler          0x08009b09          Code  Wk  startup_stm32f407xx.o [1]
ADC_Init                0x08007459    0xe8  Code  Lc  stm32f4xx_hal_adc.o [1]
AHBPrescTable           0x20000508    0x10  Data  Gb  system_stm32f4xx.o [1]
APBAHBPrescTable        0x08006c4c    0x10  Data  Gb  stm32f4xx_hal_rcc.o [1]
BSP_SD_GetCardInfo      0x0800991f     0x8  Code  Gb  bsp_driver_sd.o [1]
BSP_SD_GetStatus        0x08009919     0x6  Code  Gb  bsp_driver_sd.o [1]
BSP_SD_Init             0x080098cd    0x22  Code  Gb  bsp_driver_sd.o [1]
BSP_SD_ReadBlocks       0x080098ef     0xc  Code  Gb  bsp_driver_sd.o [1]
BSP_SD_WriteBlocks      0x080098fb     0xa  Code  Gb  bsp_driver_sd.o [1]
BusFault_Handler        0x08009ab9          Code  Wk  startup_stm32f407xx.o [1]
CAN1_RX0_IRQHandler     0x08009b11          Code  Wk  startup_stm32f407xx.o [1]
CAN1_RX1_IRQHandler     0x08009b15          Code  Wk  startup_stm32f407xx.o [1]
CAN1_SCE_IRQHandler     0x08009b19          Code  Wk  startup_stm32f407xx.o [1]
CAN1_TX_IRQHandler      0x08009b0d          Code  Wk  startup_stm32f407xx.o [1]
CAN2_RX0_IRQHandler     0x08009bbd          Code  Wk  startup_stm32f407xx.o [1]
CAN2_RX1_IRQHandler     0x08009bc1          Code  Wk  startup_stm32f407xx.o [1]
CAN2_SCE_IRQHandler     0x08009bc5          Code  Wk  startup_stm32f407xx.o [1]
CAN2_TX_IRQHandler      0x08009bb9          Code  Wk  startup_stm32f407xx.o [1]
CDC_Control_FS          0x080099a3     0x4  Code  Lc  usbd_cdc_if.o [1]
CDC_DeInit_FS           0x0800999f     0x4  Code  Lc  usbd_cdc_if.o [1]
CDC_Init_FS             0x08009981    0x1e  Code  Lc  usbd_cdc_if.o [1]
CDC_Receive_FS          0x080099a7     0x4  Code  Lc  usbd_cdc_if.o [1]
CSTACK$$Base            0x20004f30           --   Gb  - Linker created -
CSTACK$$Limit           0x20006f30           --   Gb  - Linker created -
DCMI_IRQHandler         0x08009bf1          Code  Wk  startup_stm32f407xx.o [1]
DMA1_Stream0_IRQHandler
                        0x08009aed          Code  Wk  startup_stm32f407xx.o [1]
DMA1_Stream1_IRQHandler
                        0x08009af1          Code  Wk  startup_stm32f407xx.o [1]
DMA1_Stream2_IRQHandler
                        0x08009af5          Code  Wk  startup_stm32f407xx.o [1]
DMA1_Stream3_IRQHandler
                        0x08009af9          Code  Wk  startup_stm32f407xx.o [1]
DMA1_Stream4_IRQHandler
                        0x08009afd          Code  Wk  startup_stm32f407xx.o [1]
DMA1_Stream5_IRQHandler
                        0x08009b01          Code  Wk  startup_stm32f407xx.o [1]
DMA1_Stream6_IRQHandler
                        0x08009b05          Code  Wk  startup_stm32f407xx.o [1]
DMA1_Stream7_IRQHandler
                        0x08009b7d          Code  Wk  startup_stm32f407xx.o [1]
DMA2_Stream0_IRQHandler
                        0x080099c3     0x6  Code  Gb  stm32f4xx_it.o [1]
DMA2_Stream1_IRQHandler
                        0x08009ba1          Code  Wk  startup_stm32f407xx.o [1]
DMA2_Stream2_IRQHandler
                        0x08009ba5          Code  Wk  startup_stm32f407xx.o [1]
DMA2_Stream3_IRQHandler
                        0x08009ba9          Code  Wk  startup_stm32f407xx.o [1]
DMA2_Stream4_IRQHandler
                        0x08009bad          Code  Wk  startup_stm32f407xx.o [1]
DMA2_Stream5_IRQHandler
                        0x08009bc9          Code  Wk  startup_stm32f407xx.o [1]
DMA2_Stream6_IRQHandler
                        0x08009bcd          Code  Wk  startup_stm32f407xx.o [1]
DMA2_Stream7_IRQHandler
                        0x08009bd1          Code  Wk  startup_stm32f407xx.o [1]
DMA_SetConfig           0x08006759    0x1e  Code  Lc  stm32f4xx_hal_dma.o [1]
DebugMon_Handler        0x08009ac1          Code  Wk  startup_stm32f407xx.o [1]
ETH_IRQHandler          0x08009bb1          Code  Wk  startup_stm32f407xx.o [1]
ETH_WKUP_IRQHandler     0x08009bb5          Code  Wk  startup_stm32f407xx.o [1]
EXTI0_IRQHandler        0x080099c9     0x6  Code  Gb  stm32f4xx_it.o [1]
EXTI15_10_IRQHandler    0x08009b61          Code  Wk  startup_stm32f407xx.o [1]
EXTI1_IRQHandler        0x08009add          Code  Wk  startup_stm32f407xx.o [1]
EXTI2_IRQHandler        0x08009ae1          Code  Wk  startup_stm32f407xx.o [1]
EXTI3_IRQHandler        0x08009ae5          Code  Wk  startup_stm32f407xx.o [1]
EXTI4_IRQHandler        0x08009ae9          Code  Wk  startup_stm32f407xx.o [1]
EXTI9_5_IRQHandler      0x08009b1d          Code  Wk  startup_stm32f407xx.o [1]
Error_HandlerSD         0x08006c5d    0x26  Code  Lc  main.o [1]
ExCvt                   0x08000e90    0x80  Data  Lc  ff.o [1]
FATFS_LinkDriver        0x08007595    0x34  Code  Gb  ff_gen_drv.o [1]
FLASH_IRQHandler        0x08009ad5          Code  Wk  startup_stm32f407xx.o [1]
FPU_IRQHandler          0x08009bf9          Code  Wk  startup_stm32f407xx.o [1]
FSMC_IRQHandler         0x08009b81          Code  Wk  startup_stm32f407xx.o [1]
FS_Desc                 0x200004d8    0x1c  Data  Gb  usbd_desc.o [1]
FatFs                   0x20004f1c     0x4  Data  Lc  ff.o [1]
Files                   0x20004ec8    0x18  Data  Lc  ff.o [1]
Fsid                    0x20004f18     0x2  Data  Lc  ff.o [1]
HAL_ADC_ConfigChannel   0x08007321   0x138  Code  Gb  stm32f4xx_hal_adc.o [1]
HAL_ADC_ConvCpltCallback
                        0x080070e7    0x1c  Code  Gb  main.o [1]
HAL_ADC_ConvHalfCpltCallback
                        0x0800731d     0x2  Code  Wk  stm32f4xx_hal_adc.o [1]
HAL_ADC_ErrorCallback   0x0800731f     0x2  Code  Wk  stm32f4xx_hal_adc.o [1]
HAL_ADC_Init            0x08007241    0x36  Code  Gb  stm32f4xx_hal_adc.o [1]
HAL_ADC_MspInit         0x08005779    0x74  Code  Gb  stm32f4xx_hal_msp.o [1]
HAL_ADC_Start_DMA       0x08007277    0xa6  Code  Gb  stm32f4xx_hal_adc.o [1]
HAL_DMA_IRQHandler      0x08005d65   0x9a6  Code  Gb  stm32f4xx_hal_dma.o [1]
HAL_DMA_Init            0x08005c85    0x6c  Code  Gb  stm32f4xx_hal_dma.o [1]
HAL_DMA_Start_IT        0x08005cf5    0x46  Code  Gb  stm32f4xx_hal_dma.o [1]
HAL_Delay               0x08005995    0x18  Code  Wk  stm32f4xx_hal.o [1]
HAL_GPIO_EXTI_Callback  0x08007103    0xb0  Code  Gb  main.o [1]
HAL_GPIO_EXTI_IRQHandler
                        0x08005c3b    0x14  Code  Gb  stm32f4xx_hal_gpio.o [1]
HAL_GPIO_Init           0x08005a8d   0x1a6  Code  Gb  stm32f4xx_hal_gpio.o [1]
HAL_GPIO_WritePin       0x08005c33     0x8  Code  Gb  stm32f4xx_hal_gpio.o [1]
HAL_GetTick             0x0800598f     0x6  Code  Wk  stm32f4xx_hal.o [1]
HAL_IncTick             0x08005985     0xa  Code  Wk  stm32f4xx_hal.o [1]
HAL_Init                0x08005931    0x30  Code  Gb  stm32f4xx_hal.o [1]
HAL_InitTick            0x08005961    0x24  Code  Wk  stm32f4xx_hal.o [1]
HAL_MspInit             0x08005761    0x18  Code  Gb  stm32f4xx_hal_msp.o [1]
HAL_NVIC_EnableIRQ      0x08005a35     0x6  Code  Gb  stm32f4xx_hal_cortex.o [1]
HAL_NVIC_SetPriority    0x080059f3    0x42  Code  Gb  stm32f4xx_hal_cortex.o [1]
HAL_NVIC_SetPriorityGrouping
                        0x080059d9    0x1a  Code  Gb  stm32f4xx_hal_cortex.o [1]
HAL_PCDEx_SetRxFiFo     0x08008ddb     0x8  Code  Gb  stm32f4xx_hal_pcd_ex.o [1]
HAL_PCDEx_SetTxFiFo     0x08008d9f    0x3c  Code  Gb  stm32f4xx_hal_pcd_ex.o [1]
HAL_PCD_ConnectCallback
                        0x0800813d     0x8  Code  Gb  usbd_conf.o [1]
HAL_PCD_DataInStageCallback
                        0x080080c3    0x10  Code  Gb  usbd_conf.o [1]
HAL_PCD_DataOutStageCallback
                        0x080080b1    0x12  Code  Gb  usbd_conf.o [1]
HAL_PCD_DisconnectCallback
                        0x08008145     0x8  Code  Gb  usbd_conf.o [1]
HAL_PCD_EP_Close        0x08008b81    0x38  Code  Gb  stm32f4xx_hal_pcd.o [1]
HAL_PCD_EP_ClrStall     0x08008cc1    0x44  Code  Gb  stm32f4xx_hal_pcd.o [1]
HAL_PCD_EP_GetRxCount   0x08008bff    0x12  Code  Gb  stm32f4xx_hal_pcd.o [1]
HAL_PCD_EP_Open         0x08008b35    0x4c  Code  Gb  stm32f4xx_hal_pcd.o [1]
HAL_PCD_EP_Receive      0x08008bc5    0x3a  Code  Gb  stm32f4xx_hal_pcd.o [1]
HAL_PCD_EP_SetStall     0x08008c69    0x58  Code  Gb  stm32f4xx_hal_pcd.o [1]
HAL_PCD_EP_Transmit     0x08008c11    0x38  Code  Gb  stm32f4xx_hal_pcd.o [1]
HAL_PCD_IRQHandler      0x0800874b   0x392  Code  Gb  stm32f4xx_hal_pcd.o [1]
HAL_PCD_ISOINIncompleteCallback
                        0x08008135     0x8  Code  Gb  usbd_conf.o [1]
HAL_PCD_ISOOUTIncompleteCallback
                        0x0800812d     0x8  Code  Gb  usbd_conf.o [1]
HAL_PCD_Init            0x0800867f    0xa6  Code  Gb  stm32f4xx_hal_pcd.o [1]
HAL_PCD_MspInit         0x08008035    0x70  Code  Gb  usbd_conf.o [1]
HAL_PCD_ResetCallback   0x080080db    0x20  Code  Gb  usbd_conf.o [1]
HAL_PCD_ResumeCallback  0x08008125     0x8  Code  Gb  usbd_conf.o [1]
HAL_PCD_SOFCallback     0x080080d3     0x8  Code  Gb  usbd_conf.o [1]
HAL_PCD_SetAddress      0x08008b11    0x1c  Code  Gb  stm32f4xx_hal_pcd.o [1]
HAL_PCD_SetupStageCallback
                        0x080080a5     0xc  Code  Gb  usbd_conf.o [1]
HAL_PCD_Start           0x0800872f    0x1c  Code  Gb  stm32f4xx_hal_pcd.o [1]
HAL_PCD_SuspendCallback
                        0x080080fb    0x2a  Code  Gb  usbd_conf.o [1]
HAL_RCCEx_PeriphCLKConfig
                        0x080075cd   0x108  Code  Gb  stm32f4xx_hal_rcc_ex.o [1]
HAL_RCC_ClockConfig     0x080069fd   0x1b0  Code  Gb  stm32f4xx_hal_rcc.o [1]
HAL_RCC_GetHCLKFreq     0x08006c01    0x1e  Code  Gb  stm32f4xx_hal_rcc.o [1]
HAL_RCC_GetSysClockFreq
                        0x08006bbb    0x46  Code  Wk  stm32f4xx_hal_rcc.o [1]
HAL_RCC_OscConfig       0x08006779   0x27c  Code  Wk  stm32f4xx_hal_rcc.o [1]
HAL_RTC_GetDate         0x08007939    0x3c  Code  Gb  stm32f4xx_hal_rtc.o [1]
HAL_RTC_GetTime         0x08007831    0x3c  Code  Gb  stm32f4xx_hal_rtc.o [1]
HAL_RTC_Init            0x080076ed    0x7e  Code  Gb  stm32f4xx_hal_rtc.o [1]
HAL_RTC_MspInit         0x080057ed    0x10  Code  Gb  stm32f4xx_hal_msp.o [1]
HAL_RTC_SetAlarm        0x0800797b    0xd2  Code  Gb  stm32f4xx_hal_rtc.o [1]
HAL_RTC_SetDate         0x08007873    0x96  Code  Gb  stm32f4xx_hal_rtc.o [1]
HAL_RTC_SetTime         0x08007781    0xaa  Code  Gb  stm32f4xx_hal_rtc.o [1]
HAL_RTC_WaitForSynchro  0x08007b01    0x2e  Code  Gb  stm32f4xx_hal_rtc.o [1]
HAL_SD_GetStatus        0x0800522d    0x36  Code  Gb  stm32f4xx_hal_sd.o [1]
HAL_SD_Get_CardInfo     0x08004f25   0x2c2  Code  Gb  stm32f4xx_hal_sd.o [1]
HAL_SD_Init             0x08004b29    0xb2  Code  Gb  stm32f4xx_hal_sd.o [1]
HAL_SD_MspInit          0x080057fd    0x48  Code  Gb  stm32f4xx_hal_msp.o [1]
HAL_SD_ReadBlocks       0x08004bdb   0x168  Code  Gb  stm32f4xx_hal_sd.o [1]
HAL_SD_StopTransfer     0x080051e7    0x1c  Code  Gb  stm32f4xx_hal_sd.o [1]
HAL_SD_WriteBlocks      0x08004d57   0x1bc  Code  Gb  stm32f4xx_hal_sd.o [1]
HAL_SYSTICK_Config      0x08005a4b    0x28  Code  Gb  stm32f4xx_hal_cortex.o [1]
HASH_RNG_IRQHandler     0x08009bf5          Code  Wk  startup_stm32f407xx.o [1]
HEAP$$Base              0x20006f30           --   Gb  - Linker created -
HEAP$$Limit             0x20008f30           --   Gb  - Linker created -
HardFault_Handler       0x08009ab1          Code  Wk  startup_stm32f407xx.o [1]
I2C1_ER_IRQHandler      0x08009b41          Code  Wk  startup_stm32f407xx.o [1]
I2C1_EV_IRQHandler      0x08009b3d          Code  Wk  startup_stm32f407xx.o [1]
I2C2_ER_IRQHandler      0x08009b49          Code  Wk  startup_stm32f407xx.o [1]
I2C2_EV_IRQHandler      0x08009b45          Code  Wk  startup_stm32f407xx.o [1]
I2C3_ER_IRQHandler      0x08009bdd          Code  Wk  startup_stm32f407xx.o [1]
I2C3_EV_IRQHandler      0x08009bd9          Code  Wk  startup_stm32f407xx.o [1]
InStream_Read           0x080096a5    0x22  Code  Lc  packbits_init.o [5]
LfnOfs                  0x08000c88    0x10  Data  Lc  ff.o [1]
MX_FATFS_Init           0x08007b8d    0x18  Code  Gb  fatfs.o [1]
MX_GPIO_Init            0x08006f79   0x138  Code  Lc  main.o [1]
MX_RTC_Init             0x08006edd    0x9c  Code  Lc  main.o [1]
MX_USB_DEVICE_Init      0x08007ba5    0x38  Code  Gb  usb_device.o [1]
MemManage_Handler       0x08009ab5          Code  Wk  startup_stm32f407xx.o [1]
MyFile                  0x2000452c   0x22c  Data  Gb  main.o [1]
NMI_Handler             0x08009aad          Code  Wk  startup_stm32f407xx.o [1]
NVIC_GetPriorityGrouping
                        0x080059b5     0xa  Code  Lc  stm32f4xx_hal_cortex.o [1]
NVIC_SetPriority        0x080059bf    0x1a  Code  Lc  stm32f4xx_hal_cortex.o [1]
OTG_FS_IRQHandler       0x080099cf     0x6  Code  Gb  stm32f4xx_it.o [1]
OTG_FS_WKUP_IRQHandler  0x08009b69          Code  Wk  startup_stm32f407xx.o [1]
OTG_HS_EP1_IN_IRQHandler
                        0x08009be5          Code  Wk  startup_stm32f407xx.o [1]
OTG_HS_EP1_OUT_IRQHandler
                        0x08009be1          Code  Wk  startup_stm32f407xx.o [1]
OTG_HS_IRQHandler       0x08009bed          Code  Wk  startup_stm32f407xx.o [1]
OTG_HS_WKUP_IRQHandler  0x08009be9          Code  Wk  startup_stm32f407xx.o [1]
PCD_WriteEmptyTxFifo    0x08008d05    0x9a  Code  Lc  stm32f4xx_hal_pcd.o [1]
PVD_IRQHandler          0x08009ac9          Code  Wk  startup_stm32f407xx.o [1]
PendSV_Handler          0x08004761          Code  Gb  portasm.o [1]
RCC_IRQHandler          0x08009ad9          Code  Wk  startup_stm32f407xx.o [1]
RTC_Alarm_IRQHandler    0x08009b65          Code  Wk  startup_stm32f407xx.o [1]
RTC_Bcd2ToByte          0x08007b7d    0x10  Code  Gb  stm32f4xx_hal_rtc.o [1]
RTC_ByteToBcd2          0x08007b67    0x16  Code  Gb  stm32f4xx_hal_rtc.o [1]
RTC_EnterInitMode       0x08007b35    0x32  Code  Gb  stm32f4xx_hal_rtc.o [1]
RTC_WKUP_IRQHandler     0x08009ad1          Code  Wk  startup_stm32f407xx.o [1]
Region$$Table$$Base     0x08009a28           --   Gb  - Linker created -
Region$$Table$$Limit    0x08009a54           --   Gb  - Linker created -
Reset_Handler           0x08009a85          Code  Wk  startup_stm32f407xx.o [1]
SDCardInfo              0x20004de0    0x58  Data  Gb  main.o [1]
SDFatFs                 0x200000b0   0x234  Data  Gb  main.o [1]
SDIO_DataConfig         0x080058fd    0x24  Code  Gb  stm32f4xx_ll_sdmmc.o [1]
SDIO_GetCommandResponse
                        0x080058e3     0x6  Code  Gb  stm32f4xx_ll_sdmmc.o [1]
SDIO_GetPowerState      0x080058b9     0x8  Code  Gb  stm32f4xx_ll_sdmmc.o [1]
SDIO_GetResponse        0x080058e9    0x14  Code  Gb  stm32f4xx_ll_sdmmc.o [1]
SDIO_IRQHandler         0x08009b85          Code  Wk  startup_stm32f407xx.o [1]
SDIO_Init               0x0800587d    0x26  Code  Gb  stm32f4xx_ll_sdmmc.o [1]
SDIO_PowerState_ON      0x080058af     0x4  Code  Gb  stm32f4xx_ll_sdmmc.o [1]
SDIO_ReadFIFO           0x080058a3     0x2  Code  Gb  stm32f4xx_ll_sdmmc.o [1]
SDIO_SendCommand        0x080058c1    0x22  Code  Gb  stm32f4xx_ll_sdmmc.o [1]
SDIO_WriteFIFO          0x080058a5     0xa  Code  Gb  stm32f4xx_ll_sdmmc.o [1]
SDPath                  0x200002e4     0x4  Data  Gb  main.o [1]
SD_CmdResp1Error        0x08005509    0xd8  Code  Lc  stm32f4xx_hal_sd.o [1]
SD_CmdResp2Error        0x080055e3    0x30  Code  Lc  stm32f4xx_hal_sd.o [1]
SD_Driver               0x200004f4    0x14  Data  Gb  sd_diskio.o [1]
SD_Initialize_Cards     0x08005263   0x10a  Code  Lc  stm32f4xx_hal_sd.o [1]
SD_IsCardProgramming    0x08005613   0x136  Code  Lc  stm32f4xx_hal_sd.o [1]
SD_Path                 0x20004f14     0x4  Data  Gb  fatfs.o [1]
SD_PowerON              0x0800537b   0x17e  Code  Lc  stm32f4xx_hal_sd.o [1]
SD_initialize           0x08009825     0xe  Code  Gb  sd_diskio.o [1]
SD_ioctl                0x0800987b    0x4c  Code  Gb  sd_diskio.o [1]
SD_read                 0x0800984d     0xc  Code  Gb  sd_diskio.o [1]
SD_status               0x08009833     0xc  Code  Gb  sd_diskio.o [1]
SD_write                0x08009859     0xa  Code  Gb  sd_diskio.o [1]
SPI1_IRQHandler         0x08009b4d          Code  Wk  startup_stm32f407xx.o [1]
SPI2_IRQHandler         0x08009b51          Code  Wk  startup_stm32f407xx.o [1]
SPI3_IRQHandler         0x08009b8d          Code  Wk  startup_stm32f407xx.o [1]
SVC_Handler             0x080047c5          Code  Gb  portasm.o [1]
StartDefaultTask        0x08007207     0xc  Code  Gb  main.o [1]
Stat                    0x2000055c     0x1  Data  Lc  sd_diskio.o [1]
SysTick_Handler         0x080099b5     0xe  Code  Gb  stm32f4xx_it.o [1]
SystemClock_Config      0x08006e51    0x8c  Code  Gb  main.o [1]
SystemCoreClock         0x20000518     0x4  Data  Gb  system_stm32f4xx.o [1]
SystemInit              0x08009931    0x3a  Code  Gb  system_stm32f4xx.o [1]
TAMP_STAMP_IRQHandler   0x08009acd          Code  Wk  startup_stm32f407xx.o [1]
TIM1_BRK_TIM9_IRQHandler
                        0x08009b21          Code  Wk  startup_stm32f407xx.o [1]
TIM1_CC_IRQHandler      0x08009b2d          Code  Wk  startup_stm32f407xx.o [1]
TIM1_TRG_COM_TIM11_IRQHandler
                        0x08009b29          Code  Wk  startup_stm32f407xx.o [1]
TIM1_UP_TIM10_IRQHandler
                        0x08009b25          Code  Wk  startup_stm32f407xx.o [1]
TIM2_IRQHandler         0x08009b31          Code  Wk  startup_stm32f407xx.o [1]
TIM3_IRQHandler         0x08009b35          Code  Wk  startup_stm32f407xx.o [1]
TIM4_IRQHandler         0x08009b39          Code  Wk  startup_stm32f407xx.o [1]
TIM5_IRQHandler         0x08009b89          Code  Wk  startup_stm32f407xx.o [1]
TIM6_DAC_IRQHandler     0x08009b99          Code  Wk  startup_stm32f407xx.o [1]
TIM7_IRQHandler         0x08009b9d          Code  Wk  startup_stm32f407xx.o [1]
TIM8_BRK_TIM12_IRQHandler
                        0x08009b6d          Code  Wk  startup_stm32f407xx.o [1]
TIM8_CC_IRQHandler      0x08009b79          Code  Wk  startup_stm32f407xx.o [1]
TIM8_TRG_COM_TIM14_IRQHandler
                        0x08009b75          Code  Wk  startup_stm32f407xx.o [1]
TIM8_UP_TIM13_IRQHandler
                        0x08009b71          Code  Wk  startup_stm32f407xx.o [1]
Tbl                     0x08001e30   0x100  Data  Lc  ccsbcs.o [1]
UART4_IRQHandler        0x08009b91          Code  Wk  startup_stm32f407xx.o [1]
UART5_IRQHandler        0x08009b95          Code  Wk  startup_stm32f407xx.o [1]
USART1_IRQHandler       0x08009b55          Code  Wk  startup_stm32f407xx.o [1]
USART2_IRQHandler       0x08009b59          Code  Wk  startup_stm32f407xx.o [1]
USART3_IRQHandler       0x08009b5d          Code  Wk  startup_stm32f407xx.o [1]
USART6_IRQHandler       0x08009bd5          Code  Wk  startup_stm32f407xx.o [1]
USBD_CDC                0x200004a0    0x38  Data  Gb  usbd_cdc.o [1]
USBD_CDC_CfgFSDesc      0x20000418    0x44  Data  Gb  usbd_cdc.o [1]
USBD_CDC_CfgHSDesc      0x200003d4    0x44  Data  Gb  usbd_cdc.o [1]
USBD_CDC_DataIn         0x08007f67    0x14  Code  Lc  usbd_cdc.o [1]
USBD_CDC_DataOut        0x08007f7b    0x2e  Code  Lc  usbd_cdc.o [1]
USBD_CDC_DeInit         0x08007ec5    0x3a  Code  Lc  usbd_cdc.o [1]
USBD_CDC_DeviceQualifierDesc
                        0x2000054c     0xc  Data  Lc  usbd_cdc.o [1]
USBD_CDC_EP0_RxReady    0x08007fa9    0x2c  Code  Lc  usbd_cdc.o [1]
USBD_CDC_GetDeviceQualifierDescriptor
                        0x08007fed     0x8  Code  Gb  usbd_cdc.o [1]
USBD_CDC_GetFSCfgDesc   0x08007fd5     0x8  Code  Lc  usbd_cdc.o [1]
USBD_CDC_GetHSCfgDesc   0x08007fdd     0x8  Code  Lc  usbd_cdc.o [1]
USBD_CDC_GetOtherSpeedCfgDesc
                        0x08007fe5     0x8  Code  Lc  usbd_cdc.o [1]
USBD_CDC_Init           0x08007e45    0x76  Code  Lc  usbd_cdc.o [1]
USBD_CDC_OtherSpeedCfgDesc
                        0x2000045c    0x44  Data  Gb  usbd_cdc.o [1]
USBD_CDC_RegisterInterface
                        0x08008009     0xe  Code  Gb  usbd_cdc.o [1]
USBD_CDC_SetRxBuffer    0x08008027     0xc  Code  Gb  usbd_cdc.o [1]
USBD_CDC_SetTxBuffer    0x08008017    0x10  Code  Gb  usbd_cdc.o [1]
USBD_CDC_Setup          0x08007eff    0x68  Code  Lc  usbd_cdc.o [1]
USBD_ClrClassConfig     0x08007c37     0xa  Code  Gb  usbd_core.o [1]
USBD_CtlContinueRx      0x0800864f     0x2  Code  Gb  usbd_ioreq.o [1]
USBD_CtlContinueSendData
                        0x0800862d     0x2  Code  Gb  usbd_ioreq.o [1]
USBD_CtlError           0x080085c5    0x16  Code  Gb  usbd_ctlreq.o [1]
USBD_CtlPrepareRx       0x0800863d    0x12  Code  Gb  usbd_ioreq.o [1]
USBD_CtlReceiveStatus   0x08008669     0xa  Code  Gb  usbd_ioreq.o [1]
USBD_CtlSendData        0x0800861f     0xe  Code  Gb  usbd_ioreq.o [1]
USBD_CtlSendStatus      0x0800865f     0xa  Code  Gb  usbd_ioreq.o [1]
USBD_FS_ConfigStrDescriptor
                        0x080097ad     0xa  Code  Gb  usbd_desc.o [1]
USBD_FS_DeviceDesc      0x2000051c    0x14  Data  Gb  usbd_desc.o [1]
USBD_FS_DeviceDescriptor
                        0x08009775     0x8  Code  Gb  usbd_desc.o [1]
USBD_FS_InterfaceStrDescriptor
                        0x080097b7     0xa  Code  Gb  usbd_desc.o [1]
USBD_FS_LangIDStrDescriptor
                        0x0800977d     0x8  Code  Gb  usbd_desc.o [1]
USBD_FS_ManufacturerStrDescriptor
                        0x0800978f     0x8  Code  Gb  usbd_desc.o [1]
USBD_FS_ProductStrDescriptor
                        0x08009785     0xa  Code  Gb  usbd_desc.o [1]
USBD_FS_SerialStrDescriptor
                        0x080097a3     0xa  Code  Gb  usbd_desc.o [1]
USBD_GetDescriptor      0x080084a5    0xea  Code  Lc  usbd_ctlreq.o [1]
USBD_GetString          0x080085db    0x44  Code  Gb  usbd_ctlreq.o [1]
USBD_Init               0x08007bdd    0x2a  Code  Gb  usbd_core.o [1]
USBD_Interface_fops_FS  0x20000530    0x10  Data  Gb  usbd_cdc_if.o [1]
USBD_LL_ClearStallEP    0x080081fb     0xe  Code  Gb  usbd_conf.o [1]
USBD_LL_CloseEP         0x080081df     0xe  Code  Gb  usbd_conf.o [1]
USBD_LL_DataInStage     0x08007cff    0xa4  Code  Gb  usbd_core.o [1]
USBD_LL_DataOutStage    0x08007c99    0x66  Code  Gb  usbd_core.o [1]
USBD_LL_DevConnected    0x08007e27     0x4  Code  Gb  usbd_core.o [1]
USBD_LL_DevDisconnected
                        0x08007e2b    0x12  Code  Gb  usbd_core.o [1]
USBD_LL_GetRxDataSize   0x08008251     0x8  Code  Gb  usbd_conf.o [1]
USBD_LL_Init            0x0800814d    0x5e  Code  Gb  usbd_conf.o [1]
USBD_LL_IsStallEP       0x08008209    0x1e  Code  Gb  usbd_conf.o [1]
USBD_LL_IsoINIncomplete
                        0x08007e1f     0x4  Code  Gb  usbd_core.o [1]
USBD_LL_IsoOUTIncomplete
                        0x08007e23     0x4  Code  Gb  usbd_core.o [1]
USBD_LL_OpenEP          0x080081cb    0x14  Code  Gb  usbd_conf.o [1]
USBD_LL_PrepareReceive  0x08008243     0xe  Code  Gb  usbd_conf.o [1]
USBD_LL_Reset           0x08007da3    0x42  Code  Gb  usbd_core.o [1]
USBD_LL_Resume          0x08007df7     0x4  Code  Gb  usbd_core.o [1]
USBD_LL_SOF             0x08007e03    0x1c  Code  Gb  usbd_core.o [1]
USBD_LL_SetSpeed        0x08007de5     0x6  Code  Gb  usbd_core.o [1]
USBD_LL_SetUSBAddress   0x08008227     0xe  Code  Gb  usbd_conf.o [1]
USBD_LL_SetupStage      0x08007c41    0x58  Code  Gb  usbd_core.o [1]
USBD_LL_StallEP         0x080081ed     0xe  Code  Gb  usbd_conf.o [1]
USBD_LL_Start           0x080081bd     0xe  Code  Gb  usbd_conf.o [1]
USBD_LL_Suspend         0x08007deb     0xc  Code  Gb  usbd_core.o [1]
USBD_LL_Transmit        0x08008235     0xe  Code  Gb  usbd_conf.o [1]
USBD_LangIDDesc         0x20000558     0x4  Data  Gb  usbd_desc.o [1]
USBD_ParseSetupRequest  0x0800859d    0x28  Code  Gb  usbd_ctlreq.o [1]
USBD_RegisterClass      0x08007c07    0x10  Code  Gb  usbd_core.o [1]
USBD_SetClassConfig     0x08007c21    0x16  Code  Gb  usbd_core.o [1]
USBD_Start              0x08007c17     0xa  Code  Gb  usbd_core.o [1]
USBD_StdDevReq          0x08008259   0x13c  Code  Gb  usbd_ctlreq.o [1]
USBD_StdEPReq           0x080083d1    0xc8  Code  Gb  usbd_ctlreq.o [1]
USBD_StdItfReq          0x08008399    0x32  Code  Gb  usbd_ctlreq.o [1]
USBD_StrDesc            0x2000497c   0x200  Data  Gb  usbd_desc.o [1]
USB_ActivateEndpoint    0x0800901f    0x78  Code  Gb  stm32f4xx_ll_usb.o [1]
USB_ActivateSetup       0x080095ff    0x2e  Code  Gb  stm32f4xx_ll_usb.o [1]
USB_CoreInit            0x08008de5    0x6e  Code  Gb  stm32f4xx_ll_usb.o [1]
USB_CoreReset           0x0800965d    0x2a  Code  Lc  stm32f4xx_ll_usb.o [1]
USB_DeactivateEndpoint  0x08009097    0x62  Code  Gb  stm32f4xx_ll_usb.o [1]
USB_DevConnect          0x08009577     0xe  Code  Gb  stm32f4xx_ll_usb.o [1]
USB_DevDisconnect       0x08009585     0xc  Code  Gb  stm32f4xx_ll_usb.o [1]
USB_DevInit             0x08008e8d   0x120  Code  Gb  stm32f4xx_ll_usb.o [1]
USB_DisableGlobalInt    0x08008e5b     0x6  Code  Gb  stm32f4xx_ll_usb.o [1]
USB_EP0StartXfer        0x08009329   0x134  Code  Gb  stm32f4xx_ll_usb.o [1]
USB_EP0_OutStart        0x0800962d    0x30  Code  Gb  stm32f4xx_ll_usb.o [1]
USB_EPClearStall        0x08009501    0x5a  Code  Gb  stm32f4xx_ll_usb.o [1]
USB_EPSetStall          0x080094b3    0x4e  Code  Gb  stm32f4xx_ll_usb.o [1]
USB_EPStartXfer         0x080090f9   0x230  Code  Gb  stm32f4xx_ll_usb.o [1]
USB_EnableGlobalInt     0x08008e53     0x8  Code  Gb  stm32f4xx_ll_usb.o [1]
USB_FlushRxFifo         0x08008fcb    0x1a  Code  Gb  stm32f4xx_ll_usb.o [1]
USB_FlushTxFifo         0x08008fad    0x1e  Code  Gb  stm32f4xx_ll_usb.o [1]
USB_GetDevSpeed         0x08008feb    0x34  Code  Gb  stm32f4xx_ll_usb.o [1]
USB_GetMode             0x080095f7     0x8  Code  Gb  stm32f4xx_ll_usb.o [1]
USB_ReadDevAllInEpInterrupt
                        0x080095b3     0xe  Code  Gb  stm32f4xx_ll_usb.o [1]
USB_ReadDevAllOutEpInterrupt
                        0x080095a5     0xe  Code  Gb  stm32f4xx_ll_usb.o [1]
USB_ReadDevInEPInterrupt
                        0x080095d5    0x22  Code  Gb  stm32f4xx_ll_usb.o [1]
USB_ReadDevOutEPInterrupt
                        0x080095c1    0x14  Code  Gb  stm32f4xx_ll_usb.o [1]
USB_ReadInterrupts      0x0800959d     0x8  Code  Gb  stm32f4xx_ll_usb.o [1]
USB_ReadPacket          0x0800948f    0x24  Code  Gb  stm32f4xx_ll_usb.o [1]
USB_SetCurrentMode      0x08008e67    0x26  Code  Gb  stm32f4xx_ll_usb.o [1]
USB_SetDevAddress       0x0800955b    0x12  Code  Gb  stm32f4xx_ll_usb.o [1]
USB_SetDevSpeed         0x08008fe5     0x6  Code  Gb  stm32f4xx_ll_usb.o [1]
USB_WritePacket         0x08009463    0x2c  Code  Gb  stm32f4xx_ll_usb.o [1]
UsageFault_Handler      0x08009abd          Code  Wk  startup_stm32f407xx.o [1]
UserRxBufferFS          0x20004f08     0x4  Data  Gb  usbd_cdc_if.o [1]
UserTxBufferFS          0x20004f0c     0x4  Data  Gb  usbd_cdc_if.o [1]
WWDG_IRQHandler         0x08009ac5          Code  Wk  startup_stm32f407xx.o [1]
__aeabi_memcpy          0x08004a6d          Code  Gb  ABImemcpy.o [5]
__aeabi_memcpy4         0x08004a8d          Code  Gb  ABImemcpy.o [5]
__aeabi_memcpy8         0x08004a8d          Code  Gb  ABImemcpy.o [5]
__aeabi_memset          0x08001c99          Code  Gb  ABImemset.o [5]
__aeabi_memset4         0x08004a31          Code  Gb  ABImemset48.o [5]
__aeabi_memset8         0x08004a31          Code  Gb  ABImemset48.o [5]
__cmain                 0x08009a55          Code  Gb  cmain.o [5]
__data_GetMemChunk      0x08004735    0x2c  Code  Gb  xgetmemchunk.o [3]
__exit                  0x08004b15    0x14  Code  Gb  exit.o [6]
__iar_Memset            0x08001c99          Code  Gb  ABImemset.o [5]
__iar_Memset4_word      0x08004a39          Code  Gb  ABImemset48.o [5]
__iar_Memset8_word      0x08004a39          Code  Gb  ABImemset48.o [5]
__iar_Memset_word       0x08001ca1          Code  Gb  ABImemset.o [5]
__iar_data_init3        0x080099dd    0x28  Code  Gb  data_init.o [5]
__iar_dlfree            0x0800345d   0x510  Code  Gb  dlmalloc.o [3]
__iar_dlmalloc          0x0800319d   0x2b4  Code  Gb  dlmalloc.o [3]
__iar_init_vfp          0x08009a05          Code  Gb  fpinit_M.o [4]
__iar_packbits_init3    0x080096c7    0xae  Code  Gb  packbits_init.o [5]
__iar_program_start     0x08009aa1          Code  Gb  cstartup_M.o [5]
__iar_zero_init3        0x08001cff    0x22  Code  Gb  zero_init3.o [5]
__low_level_init        0x08009a6f     0x4  Code  Gb  low_level_init.o [3]
__vector_table          0x08000000          Data  Gb  startup_stm32f407xx.o [1]
_call_main              0x08009a61          Code  Gb  cmain.o [5]
_exit                   0x08009a79          Code  Gb  cexit.o [5]
_gm_                    0x20004b7c   0x1d8  Data  Lc  dlmalloc.o [3]
_main                   0x08009a6b          Code  Gb  cmain.o [5]
abort                   0x0800472d     0x6  Code  Gb  abort.o [3]
bytesread               0x200002e8     0x4  Data  Gb  main.o [1]
byteswritten            0x200003c4     0x4  Data  Gb  main.o [1]
check_fs                0x08000fc5    0x6c  Code  Lc  ff.o [1]
chk_chr                 0x080001ab    0x12  Code  Lc  ff.o [1]
chk_lock                0x080001e3    0x62  Code  Lc  ff.o [1]
clear_lock              0x080002f1    0x1c  Code  Lc  ff.o [1]
clmt_clust              0x0800071d    0x2e  Code  Lc  ff.o [1]
clust2sect              0x0800043f    0x1e  Code  Gb  ff.o [1]
create_chain            0x0800066f    0xae  Code  Lc  ff.o [1]
create_name             0x08000cab   0x1d8  Code  Lc  ff.o [1]
dec_lock                0x080002bd    0x34  Code  Lc  ff.o [1]
defaultTaskHandle       0x200000a8     0x4  Data  Gb  main.o [1]
dir_find                0x080009af   0x13e  Code  Lc  ff.o [1]
dir_next                0x080007df   0x106  Code  Lc  ff.o [1]
dir_register            0x08000aed   0x19a  Code  Lc  ff.o [1]
dir_sdi                 0x0800074b    0x94  Code  Lc  ff.o [1]
disk                    0x20004ef8     0xc  Data  Gb  ff_gen_drv.o [1]
disk_initialize         0x08001d6d    0x1a  Code  Gb  diskio.o [1]
disk_ioctl              0x08001dc1    0x12  Code  Gb  diskio.o [1]
disk_read               0x08001d93     0xe  Code  Gb  diskio.o [1]
disk_status             0x08001d87     0xc  Code  Gb  diskio.o [1]
disk_write              0x08001da1     0xe  Code  Gb  diskio.o [1]
exit                    0x08009a73     0x4  Code  Gb  exit.o [3]
f_close                 0x080019c1    0x38  Code  Gb  ff.o [1]
f_lseek                 0x080019f9   0x200  Code  Gb  ff.o [1]
f_mount                 0x08001377    0x7c  Code  Gb  ff.o [1]
f_open                  0x080013f3   0x1ae  Code  Gb  ff.o [1]
f_read                  0x080015bd   0x156  Code  Gb  ff.o [1]
f_sync                  0x080018fd    0xb8  Code  Gb  ff.o [1]
f_write                 0x0800171d   0x17c  Code  Gb  ff.o [1]
ff_convert              0x08001ddd    0x36  Code  Gb  ccsbcs.o [1]
ff_cre_syncobj          0x08001d21    0x1e  Code  Gb  syscall.o [1]
ff_del_syncobj          0x08001d3f     0xa  Code  Gb  syscall.o [1]
ff_memalloc             0x08001d61     0x4  Code  Gb  syscall.o [1]
ff_memfree              0x08001d65     0x4  Code  Gb  syscall.o [1]
ff_rel_grant            0x08001d5d     0x4  Code  Gb  syscall.o [1]
ff_req_grant            0x08001d49    0x14  Code  Gb  syscall.o [1]
ff_wtoupper             0x08001e13    0x1e  Code  Gb  ccsbcs.o [1]
find_volume             0x08001031   0x300  Code  Lc  ff.o [1]
follow_path             0x08000f19    0x66  Code  Lc  ff.o [1]
gen_numname             0x08000917    0x7c  Code  Lc  ff.o [1]
get_fat                 0x0800045d    0xb8  Code  Gb  ff.o [1]
get_fattime             0x08001dd9     0x4  Code  Gb  diskio.o [1]
get_ldnumber            0x08000f87    0x3e  Code  Lc  ff.o [1]
hUsbDeviceFS            0x20004758   0x224  Data  Gb  usb_device.o [1]
hUsbDevice_0            0x20004f04     0x4  Data  Gb  usbd_cdc_if.o [1]
hadc1                   0x20000004    0x44  Data  Gb  main.o [1]
hdma_adc1               0x20004e38    0x50  Data  Gb  main.o [1]
hpcd_USB_OTG_FS         0x20004178   0x3b4  Data  Gb  usbd_conf.o [1]
hrtc                    0x200003a4    0x20  Data  Gb  main.o [1]
hsd                     0x20000048    0x60  Data  Gb  main.o [1]
inHandlerMode           0x080022fd     0xc  Code  Lc  cmsis_os.o [1]
inc_lock                0x08000245    0x78  Code  Lc  ff.o [1]
init_mparams            0x0800247f    0x32  Code  Lc  dlmalloc.o [3]
init_top                0x080024b1    0x34  Code  Lc  dlmalloc.o [3]
last                    0x2000039c     0x2  Data  Gb  main.o [1]
ld_clust                0x080008e5    0x20  Code  Lc  ff.o [1]
lock_fs                 0x080001bd     0x8  Code  Lc  ff.o [1]
main                    0x08006c8d   0x1a2  Code  Gb  main.o [1]
makeFreeRtosPriority    0x080022f1     0xc  Code  Lc  cmsis_os.o [1]
mem_cpy                 0x08000189    0x14  Code  Lc  ff.o [1]
mem_set                 0x0800019d     0xe  Code  Lc  ff.o [1]
move_window             0x08000363    0x32  Code  Lc  ff.o [1]
mparams                 0x20004ee0    0x18  Data  Lc  dlmalloc.o [3]
osDelay                 0x08002349     0xe  Code  Gb  cmsis_os.o [1]
osKernelStart           0x08002309     0xa  Code  Gb  cmsis_os.o [1]
osSemaphoreCreate       0x08002357    0x2c  Code  Gb  cmsis_os.o [1]
osSemaphoreDelete       0x08002435     0xe  Code  Gb  cmsis_os.o [1]
osSemaphoreRelease      0x080023e5    0x34  Code  Gb  cmsis_os.o [1]
osSemaphoreWait         0x08002383    0x44  Code  Gb  cmsis_os.o [1]
osSystickHandler        0x0800244d    0x14  Code  Gb  cmsis_os.o [1]
osThreadCreate          0x08002313    0x36  Code  Gb  cmsis_os.o [1]
prepend_alloc           0x080024e5   0x36c  Code  Lc  dlmalloc.o [3]
prvAddCurrentTaskToDelayedList
                        0x08003ea1    0x30  Code  Lc  tasks.o [1]
prvAllocateTCBAndStack  0x08003ed1    0x36  Code  Lc  tasks.o [1]
prvCopyDataFromQueue    0x080044f3    0x26  Code  Lc  queue.o [1]
prvCopyDataToQueue      0x08004485    0x6e  Code  Lc  queue.o [1]
prvIdleTask             0x08003e01    0x56  Code  Lc  tasks.o [1]
prvInitialiseTCBVariables
                        0x08003e57    0x4a  Code  Lc  tasks.o [1]
prvInsertBlockIntoFreeList
                        0x080049e3    0x46  Code  Lc  heap_4.o [1]
prvResetNextTaskUnblockTime
                        0x08003f07    0x1a  Code  Lc  tasks.o [1]
prvTaskExitError        0x080045bd    0x18  Code  Lc  port.o [1]
prvUnlockQueue          0x08004519    0x5c  Code  Lc  queue.o [1]
put_fat                 0x08000515    0xe4  Code  Gb  ff.o [1]
pvPortMalloc            0x080048a5    0xfa  Code  Gb  heap_4.o [1]
pvTaskIncrementMutexHeldCount
                        0x08004029    0x12  Code  Gb  tasks.o [1]
pxCurrentTCB            0x20000314     0x4  Data  Gb  tasks.o [1]
pxDelayedTaskList       0x20000318     0x4  Data  Lc  tasks.o [1]
pxEnd                   0x20000568     0x4  Data  Lc  heap_4.o [1]
pxOverflowDelayedTaskList
                        0x2000031c     0x4  Data  Lc  tasks.o [1]
pxPortInitialiseStack   0x08004599    0x24  Code  Gb  port.o [1]
pxReadyTasksLists       0x20004d54    0x8c  Data  Lc  tasks.o [1]
readbuf                 0x20000000     0x2  Data  Gb  main.o [1]
remove_chain            0x08000601    0x6e  Code  Lc  ff.o [1]
retSD                   0x20004f10     0x1  Data  Gb  fatfs.o [1]
sDateNow                0x200003d0     0x4  Data  Gb  main.o [1]
sTimeNow                0x20000388    0x14  Data  Gb  main.o [1]
segment_holding         0x08002465    0x1a  Code  Lc  dlmalloc.o [3]
size                    0x200000ac     0x4  Data  Gb  main.o [1]
st_clust                0x08000905    0x12  Code  Lc  ff.o [1]
startConversion         0x2000039e     0x2  Data  Gb  main.o [1]
startWrite              0x200003a0     0x2  Data  Gb  main.o [1]
sum_sfn                 0x08000993    0x1c  Code  Lc  ff.o [1]
sync_fs                 0x08000395    0xaa  Code  Lc  ff.o [1]
sync_window             0x08000311    0x52  Code  Lc  ff.o [1]
sys_alloc               0x08002851   0x386  Code  Lc  dlmalloc.o [3]
tmalloc_large           0x08002be5   0x39e  Code  Lc  dlmalloc.o [3]
tmalloc_small           0x08002f83   0x21a  Code  Lc  dlmalloc.o [3]
ucHeap                  0x20000578  0x3c00  Data  Lc  heap_4.o [1]
ucMaxSysCallPriority    0x20000540     0x1  Data  Lc  port.o [1]
ulMaxPRIGROUPValue      0x20000548     0x4  Data  Lc  port.o [1]
ulPortSetInterruptMask  0x080047b1          Code  Gb  portasm.o [1]
unlock_fs               0x080001c5    0x1e  Code  Lc  ff.o [1]
uwTick                  0x20004f20     0x4  Data  Lc  stm32f4xx_hal.o [1]
uxCriticalNesting       0x20000544     0x4  Data  Lc  port.o [1]
uxCurrentNumberOfTasks  0x20000338     0x4  Data  Lc  tasks.o [1]
uxListRemove            0x0800487f    0x24  Code  Gb  list.o [1]
uxPendedTicks           0x20000348     0x4  Data  Lc  tasks.o [1]
uxSchedulerSuspended    0x2000035c     0x4  Data  Lc  tasks.o [1]
uxTaskNumber            0x20000354     0x4  Data  Lc  tasks.o [1]
uxTasksDeleted          0x20000320     0x4  Data  Lc  tasks.o [1]
uxTopReadyPriority      0x20000340     0x4  Data  Lc  tasks.o [1]
vListInitialise         0x08004815    0x1a  Code  Gb  list.o [1]
vListInitialiseItem     0x0800482f     0x6  Code  Gb  list.o [1]
vListInsert             0x0800484d    0x32  Code  Gb  list.o [1]
vListInsertEnd          0x08004835    0x18  Code  Gb  list.o [1]
vPortClearInterruptMask
                        0x080047bf          Code  Gb  portasm.o [1]
vPortEnableVFP          0x080047f9          Code  Gb  portasm.o [1]
vPortEnterCritical      0x08004659    0x2c  Code  Gb  port.o [1]
vPortExitCritical       0x08004685    0x18  Code  Gb  port.o [1]
vPortFree               0x0800499f    0x44  Code  Gb  heap_4.o [1]
vPortSetupTimerInterrupt
                        0x080046bb    0x18  Code  Wk  port.o [1]
vPortStartFirstTask     0x080047e1          Code  Gb  portasm.o [1]
vPortValidateInterruptPriority
                        0x080046d5    0x32  Code  Gb  port.o [1]
vPortYield              0x08004647    0x12  Code  Gb  port.o [1]
vQueueDelete            0x08004463    0x22  Code  Gb  queue.o [1]
vQueueUnregisterQueue   0x08004575    0x1e  Code  Gb  queue.o [1]
vTaskDelay              0x08003a87    0x42  Code  Gb  tasks.o [1]
vTaskMissedYield        0x08003df9     0x8  Code  Gb  tasks.o [1]
vTaskPlaceOnEventList   0x08003cc7    0x26  Code  Gb  tasks.o [1]
vTaskPriorityInherit    0x08003f37    0x80  Code  Gb  tasks.o [1]
vTaskSetTimeOutState    0x08003d8d    0x18  Code  Gb  tasks.o [1]
vTaskStartScheduler     0x08003adb    0x4a  Code  Gb  tasks.o [1]
vTaskSuspendAll         0x08003b25     0xc  Code  Gb  tasks.o [1]
vTaskSwitchContext      0x08003c7d    0x4a  Code  Gb  tasks.o [1]
validate                0x08001331    0x46  Code  Lc  ff.o [1]
xBlockAllocatedBit      0x20000574     0x4  Data  Lc  heap_4.o [1]
xDelayedTaskList1       0x20000360    0x14  Data  Lc  tasks.o [1]
xDelayedTaskList2       0x20000374    0x14  Data  Lc  tasks.o [1]
xFreeBytesRemaining     0x2000056c     0x4  Data  Lc  heap_4.o [1]
xMinimumEverFreeBytesRemaining
                        0x20000570     0x4  Data  Lc  heap_4.o [1]
xNextTaskUnblockTime    0x20000358     0x4  Data  Lc  tasks.o [1]
xNumOfOverflows         0x20000350     0x4  Data  Lc  tasks.o [1]
xPendingReadyList       0x200002ec    0x14  Data  Lc  tasks.o [1]
xPortStartScheduler     0x080045d5    0x72  Code  Gb  port.o [1]
xPortSysTickHandler     0x0800469d    0x14  Code  Gb  port.o [1]
xQueueCreateCountingSemaphore
                        0x080040fb    0x2a  Code  Gb  queue.o [1]
xQueueGenericCreate     0x080040b5    0x46  Code  Gb  queue.o [1]
xQueueGenericReceive    0x080042bf   0x114  Code  Gb  queue.o [1]
xQueueGenericReset      0x0800404d    0x68  Code  Gb  queue.o [1]
xQueueGenericSend       0x08004125   0x10a  Code  Gb  queue.o [1]
xQueueGenericSendFromISR
                        0x0800422f    0x90  Code  Gb  queue.o [1]
xQueueReceiveFromISR    0x080043e5    0x64  Code  Gb  queue.o [1]
xQueueRegistry          0x20004e88    0x40  Data  Gb  queue.o [1]
xSchedulerRunning       0x20000344     0x4  Data  Lc  tasks.o [1]
xStart                  0x20000560     0x8  Data  Lc  heap_4.o [1]
xSuspendedTaskList      0x20000324    0x14  Data  Lc  tasks.o [1]
xTaskCheckForTimeOut    0x08003da5    0x4c  Code  Gb  tasks.o [1]
xTaskGenericCreate      0x08003975   0x112  Code  Gb  tasks.o [1]
xTaskGetSchedulerState  0x08003f21    0x16  Code  Gb  tasks.o [1]
xTaskIncrementTick      0x08003bc1    0xbc  Code  Gb  tasks.o [1]
xTaskPriorityDisinherit
                        0x08003fb7    0x72  Code  Gb  tasks.o [1]
xTaskRemoveFromEventList
                        0x08003d25    0x52  Code  Gb  tasks.o [1]
xTaskResumeAll          0x08003b31    0x88  Code  Gb  tasks.o [1]
xTasksWaitingTermination
                        0x20000300    0x14  Data  Lc  tasks.o [1]
xTickCount              0x2000033c     0x4  Data  Lc  tasks.o [1]
xYieldPending           0x2000034c     0x4  Data  Lc  tasks.o [1]


[1] = K:\GIT\mySniperLocator\EWARM\MySniperLocator Configuration\Obj
[2] = command line
[3] = dl7M_tlf.a
[4] = m7M_tlv.a
[5] = rt7M_tl.a
[6] = shb_l.a

  39 874 bytes of readonly  code memory
     456 bytes of readonly  data memory
  36 647 bytes of readwrite data memory

Errors: none
Warnings: none
