###############################################################################
#                                                                             #
# IAR ELF Linker V6.50.3.4676/W32 for ARM               13/May/2015  11:40:27 #
# Copyright 2007-2013 IAR Systems AB.                                         #
#                                                                             #
#    Output file  =  D:\REPOSITORY\GIT\mySniperLocator\EWARM\MySniperLocator  #
#                    Configuration\Exe\MySniperLocator Configuration.out      #
#    Map file     =  D:\REPOSITORY\GIT\mySniperLocator\EWARM\MySniperLocator  #
#                    Configuration/List\MySniperLocator Configuration.map     #
#    Command line =  "D:\REPOSITORY\GIT\mySniperLocator\EWARM\MySniperLocator #
#                     Configuration\Obj\bsp_driver_sd.o"                      #
#                    "D:\REPOSITORY\GIT\mySniperLocator\EWARM\MySniperLocator #
#                     Configuration\Obj\ccsbcs.o"                             #
#                    "D:\REPOSITORY\GIT\mySniperLocator\EWARM\MySniperLocator #
#                     Configuration\Obj\diskio.o"                             #
#                    "D:\REPOSITORY\GIT\mySniperLocator\EWARM\MySniperLocator #
#                     Configuration\Obj\fatfs.o"                              #
#                    "D:\REPOSITORY\GIT\mySniperLocator\EWARM\MySniperLocator #
#                     Configuration\Obj\ff.o" "D:\REPOSITORY\GIT\mySniperLoca #
#                    tor\EWARM\MySniperLocator Configuration\Obj\ff_gen_drv.o #
#                    " "D:\REPOSITORY\GIT\mySniperLocator\EWARM\MySniperLocat #
#                    or Configuration\Obj\main.o"                             #
#                    "D:\REPOSITORY\GIT\mySniperLocator\EWARM\MySniperLocator #
#                     Configuration\Obj\sd_diskio.o"                          #
#                    "D:\REPOSITORY\GIT\mySniperLocator\EWARM\MySniperLocator #
#                     Configuration\Obj\startup_stm32f407xx.o"                #
#                    "D:\REPOSITORY\GIT\mySniperLocator\EWARM\MySniperLocator #
#                     Configuration\Obj\stm32f4xx_hal.o"                      #
#                    "D:\REPOSITORY\GIT\mySniperLocator\EWARM\MySniperLocator #
#                     Configuration\Obj\stm32f4xx_hal_adc.o"                  #
#                    "D:\REPOSITORY\GIT\mySniperLocator\EWARM\MySniperLocator #
#                     Configuration\Obj\stm32f4xx_hal_adc_ex.o"               #
#                    "D:\REPOSITORY\GIT\mySniperLocator\EWARM\MySniperLocator #
#                     Configuration\Obj\stm32f4xx_hal_cortex.o"               #
#                    "D:\REPOSITORY\GIT\mySniperLocator\EWARM\MySniperLocator #
#                     Configuration\Obj\stm32f4xx_hal_dma.o"                  #
#                    "D:\REPOSITORY\GIT\mySniperLocator\EWARM\MySniperLocator #
#                     Configuration\Obj\stm32f4xx_hal_dma_ex.o"               #
#                    "D:\REPOSITORY\GIT\mySniperLocator\EWARM\MySniperLocator #
#                     Configuration\Obj\stm32f4xx_hal_flash.o"                #
#                    "D:\REPOSITORY\GIT\mySniperLocator\EWARM\MySniperLocator #
#                     Configuration\Obj\stm32f4xx_hal_flash_ex.o"             #
#                    "D:\REPOSITORY\GIT\mySniperLocator\EWARM\MySniperLocator #
#                     Configuration\Obj\stm32f4xx_hal_flash_ramfunc.o"        #
#                    "D:\REPOSITORY\GIT\mySniperLocator\EWARM\MySniperLocator #
#                     Configuration\Obj\stm32f4xx_hal_gpio.o"                 #
#                    "D:\REPOSITORY\GIT\mySniperLocator\EWARM\MySniperLocator #
#                     Configuration\Obj\stm32f4xx_hal_msp.o"                  #
#                    "D:\REPOSITORY\GIT\mySniperLocator\EWARM\MySniperLocator #
#                     Configuration\Obj\stm32f4xx_hal_pcd.o"                  #
#                    "D:\REPOSITORY\GIT\mySniperLocator\EWARM\MySniperLocator #
#                     Configuration\Obj\stm32f4xx_hal_pcd_ex.o"               #
#                    "D:\REPOSITORY\GIT\mySniperLocator\EWARM\MySniperLocator #
#                     Configuration\Obj\stm32f4xx_hal_pwr.o"                  #
#                    "D:\REPOSITORY\GIT\mySniperLocator\EWARM\MySniperLocator #
#                     Configuration\Obj\stm32f4xx_hal_pwr_ex.o"               #
#                    "D:\REPOSITORY\GIT\mySniperLocator\EWARM\MySniperLocator #
#                     Configuration\Obj\stm32f4xx_hal_rcc.o"                  #
#                    "D:\REPOSITORY\GIT\mySniperLocator\EWARM\MySniperLocator #
#                     Configuration\Obj\stm32f4xx_hal_rcc_ex.o"               #
#                    "D:\REPOSITORY\GIT\mySniperLocator\EWARM\MySniperLocator #
#                     Configuration\Obj\stm32f4xx_hal_rtc.o"                  #
#                    "D:\REPOSITORY\GIT\mySniperLocator\EWARM\MySniperLocator #
#                     Configuration\Obj\stm32f4xx_hal_rtc_ex.o"               #
#                    "D:\REPOSITORY\GIT\mySniperLocator\EWARM\MySniperLocator #
#                     Configuration\Obj\stm32f4xx_hal_sd.o"                   #
#                    "D:\REPOSITORY\GIT\mySniperLocator\EWARM\MySniperLocator #
#                     Configuration\Obj\stm32f4xx_hal_uart.o"                 #
#                    "D:\REPOSITORY\GIT\mySniperLocator\EWARM\MySniperLocator #
#                     Configuration\Obj\stm32f4xx_it.o"                       #
#                    "D:\REPOSITORY\GIT\mySniperLocator\EWARM\MySniperLocator #
#                     Configuration\Obj\stm32f4xx_ll_sdmmc.o"                 #
#                    "D:\REPOSITORY\GIT\mySniperLocator\EWARM\MySniperLocator #
#                     Configuration\Obj\stm32f4xx_ll_usb.o"                   #
#                    "D:\REPOSITORY\GIT\mySniperLocator\EWARM\MySniperLocator #
#                     Configuration\Obj\syscall.o"                            #
#                    "D:\REPOSITORY\GIT\mySniperLocator\EWARM\MySniperLocator #
#                     Configuration\Obj\system_stm32f4xx.o" --redirect        #
#                    _Printf=_PrintfFull --redirect _Scanf=_ScanfFull -o      #
#                    "D:\REPOSITORY\GIT\mySniperLocator\EWARM\MySniperLocator #
#                     Configuration\Exe\MySniperLocator Configuration.out"    #
#                    --map "D:\REPOSITORY\GIT\mySniperLocator\EWARM\MySniperL #
#                    ocator Configuration/List\MySniperLocator                #
#                    Configuration.map" --config                              #
#                    D:\REPOSITORY\GIT\mySniperLocator\EWARM\MySniperLocator. #
#                    icf --semihosting --entry __iar_program_start --vfe      #
#                                                                             #
#                                                                             #
###############################################################################

*******************************************************************************
*** RUNTIME MODEL ATTRIBUTES
***

CppFlavor                     = *
__Heap_Handler                = DLMalloc
__SystemLibrary               = DLib
__dlib_dynamic_initialization = normal


*******************************************************************************
*** PLACEMENT SUMMARY
***

"A1":  place at 0x08000000 { ro section .intvec };
"P1":  place in [from 0x08000000 to 0x080fffff] { ro };
"P2":  place in [from 0x20000000 to 0x2001ffff] { rw, block CSTACK, block HEAP };

  Section             Kind        Address    Size  Object
  -------             ----        -------    ----  ------
"A1":                                       0x188
  .intvec             ro code  0x08000000   0x188  startup_stm32f407xx.o [1]
                             - 0x08000188   0x188

"P1":                                      0xcb50
  .text               ro code  0x08000188  0x2976  stm32f4xx_hal_dma.o [1]
  .text               ro code  0x08002afe    0x22  zero_init3.o [5]
  .text               ro code  0x08002b20    0x94  stm32f4xx_hal.o [1]
  .text               ro code  0x08002bb4   0x146  stm32f4xx_hal_cortex.o [1]
  .text               ro code  0x08002cfa     0xa  xsprout.o [3]
  .text               ro code  0x08002d04   0x234  stm32f4xx_hal_msp.o [1]
  .text               ro code  0x08002f38   0x764  stm32f4xx_hal_rcc.o [1]
  .text               ro code  0x0800369c   0x25c  stm32f4xx_hal_gpio.o [1]
  .text               ro code  0x080038f8  0x21a8  ff.o [1]
  .text               ro code  0x08005aa0    0xc8  diskio.o [1]
  .text               ro code  0x08005b68    0x90  ccsbcs.o [1]
  .text               ro code  0x08005bf8    0x18  syscall.o [1]
  .text               ro code  0x08005c10  0x1510  dlmalloc.o [3]
  .text               ro code  0x08007120     0x6  abort.o [3]
  .text               ro code  0x08007128    0x2c  xgetmemchunk.o [3]
  .text               ro code  0x08007154    0x14  exit.o [6]
  .text               ro code  0x08007168  0x1156  xprintffull.o [3]
  .text               ro code  0x080082be    0x20  xmbtowc.o [3]
  .text               ro code  0x080082e0    0x16  strchr.o [5]
  .text               ro code  0x080082f8    0x36  strlen.o [5]
  .text               ro code  0x08008330    0x58  memchr.o [5]
  .text               ro code  0x08008388     0xa  xmbcurmax.o [3]
  .text               ro code  0x08008392    0x1a  xwctomb.o [3]
  .text               ro code  0x080083ac    0x76  ABImemcpy_unaligned.o [5]
  .text               ro code  0x08008424    0xee  I64DivMod.o [5]
  .text               ro code  0x08008512    0x42  xdnorm.o [4]
  .text               ro code  0x08008554    0x2e  DblCmpLe.o [4]
  .text               ro code  0x08008584    0x2e  DblCmpGe.o [4]
  .text               ro code  0x080085b4   0x118  xdscale.o [4]
  .text               ro code  0x080086cc     0xe  DblToS32.o [4]
  .text               ro code  0x080086da     0xe  S32ToDbl.o [4]
  .text               ro code  0x080086e8    0x12  DblSub.o [4]
  .text               ro code  0x080086fa    0x12  DblMul.o [4]
  .text               ro code  0x0800870c    0x12  DblDiv.o [4]
  .text               ro code  0x0800871e     0xe  DblToU32.o [4]
  .text               ro code  0x0800872c     0xe  U32ToDbl.o [4]
  .text               ro code  0x0800873c    0x6c  localeconv.o [3]
  .text               ro code  0x080087a8     0xe  div.o [3]
  .text               ro code  0x080087b8    0x24  setlocale.o [3]
  .text               ro code  0x080087dc    0x60  xencoding_sb.o [3]
  .text               ro code  0x0800883c     0x2  I64DivZer.o [5]
  .text               ro code  0x0800883e     0x2  xtls.o [3]
  .text               ro code  0x08008840  0x10ec  stm32f4xx_hal_sd.o [1]
  .text               ro code  0x0800992c    0xd0  stm32f4xx_ll_sdmmc.o [1]
  .text               ro code  0x080099fc   0xd48  main.o [1]
  .text               ro code  0x0800a744   0x7bc  stm32f4xx_hal_uart.o [1]
  .text               ro code  0x0800af00    0x54  ff_gen_drv.o [1]
  .text               ro code  0x0800af54     0x8  atoi.o [3]
  .text               ro code  0x0800af5c    0x34  sprintf.o [3]
  .text               ro code  0x0800af90   0x5ec  stm32f4xx_hal_rtc.o [1]
  .text               ro code  0x0800b57c   0x48c  stm32f4xx_hal_adc.o [1]
  .text               ro code  0x0800ba08   0x174  stm32f4xx_hal_rcc_ex.o [1]
  .text               ro code  0x0800bb7c   0x11e  stm32f4xx_hal_pcd.o [1]
  .text               ro code  0x0800bc9c   0x198  xstoul.o [3]
  .text               ro code  0x0800be34   0x324  stm32f4xx_ll_usb.o [1]
  .text               ro code  0x0800c158    0x14  isxxx.o [3]
  .text               ro code  0x0800c16c    0x14  tolower.o [3]
  .text               ro code  0x0800c180     0xc  errno.o [3]
  .text               ro code  0x0800c18c    0x14  xlocale_c.o [3]
  .text               ro code  0x0800c1a0     0xc  xlocale_c.o [3]
  .rodata             const    0x0800c1ac   0x1e0  ccsbcs.o [1]
  .rodata             const    0x0800c38c   0x1e0  ccsbcs.o [1]
  .text               ro code  0x0800c56c   0x114  sd_diskio.o [1]
  .text               ro code  0x0800c680    0xb0  bsp_driver_sd.o [1]
  .rodata             const    0x0800c730   0x100  ccsbcs.o [1]
  .text               ro code  0x0800c830    0xd0  packbits_init.o [5]
  .rodata             const    0x0800c900    0x80  ff.o [1]
  .text               ro code  0x0800c980    0x6c  system_stm32f4xx.o [1]
  .text               ro code  0x0800c9ec    0x28  stm32f4xx_it.o [1]
  .text               ro code  0x0800ca14    0x28  data_init.o [5]
  .text               ro code  0x0800ca3c    0x22  fpinit_M.o [4]
  .iar.init_table     const    0x0800ca60    0x2c  - Linker created -
  .text               ro code  0x0800ca8c    0x1a  cmain.o [5]
  .text               ro code  0x0800caa6     0x4  low_level_init.o [3]
  .text               ro code  0x0800caaa     0x4  exit.o [3]
  .text               ro code  0x0800cab0     0xa  cexit.o [5]
  .rodata             const    0x0800cabc    0x18  main.o [1]
  .rodata             const    0x0800cad4    0x10  ff.o [1]
  .rodata             const    0x0800cae4    0x10  main.o [1]
  .rodata             const    0x0800caf4    0x10  stm32f4xx_hal_rcc.o [1]
  .text               ro code  0x0800cb04    0x10  startup_stm32f407xx.o [1]
  .rodata             const    0x0800cb14     0xc  ff.o [1]
  .rodata             const    0x0800cb20     0xc  main.o [1]
  .text               ro code  0x0800cb2c     0xc  cstartup_M.o [5]
  .rodata             const    0x0800cb38     0x8  ff.o [1]
  .rodata             const    0x0800cb40     0x8  main.o [1]
  .rodata             const    0x0800cb48     0x8  main.o [1]
  .text               ro code  0x0800cb50     0x4  startup_stm32f407xx.o [1]
  .text               ro code  0x0800cb54     0x4  startup_stm32f407xx.o [1]
  .text               ro code  0x0800cb58     0x4  startup_stm32f407xx.o [1]
  .text               ro code  0x0800cb5c     0x4  startup_stm32f407xx.o [1]
  .text               ro code  0x0800cb60     0x4  startup_stm32f407xx.o [1]
  .text               ro code  0x0800cb64     0x4  startup_stm32f407xx.o [1]
  .text               ro code  0x0800cb68     0x4  startup_stm32f407xx.o [1]
  .text               ro code  0x0800cb6c     0x4  startup_stm32f407xx.o [1]
  .text               ro code  0x0800cb70     0x4  startup_stm32f407xx.o [1]
  .text               ro code  0x0800cb74     0x4  startup_stm32f407xx.o [1]
  .text               ro code  0x0800cb78     0x4  startup_stm32f407xx.o [1]
  .text               ro code  0x0800cb7c     0x4  startup_stm32f407xx.o [1]
  .text               ro code  0x0800cb80     0x4  startup_stm32f407xx.o [1]
  .text               ro code  0x0800cb84     0x4  startup_stm32f407xx.o [1]
  .text               ro code  0x0800cb88     0x4  startup_stm32f407xx.o [1]
  .text               ro code  0x0800cb8c     0x4  startup_stm32f407xx.o [1]
  .text               ro code  0x0800cb90     0x4  startup_stm32f407xx.o [1]
  .text               ro code  0x0800cb94     0x4  startup_stm32f407xx.o [1]
  .text               ro code  0x0800cb98     0x4  startup_stm32f407xx.o [1]
  .text               ro code  0x0800cb9c     0x4  startup_stm32f407xx.o [1]
  .text               ro code  0x0800cba0     0x4  startup_stm32f407xx.o [1]
  .text               ro code  0x0800cba4     0x4  startup_stm32f407xx.o [1]
  .text               ro code  0x0800cba8     0x4  startup_stm32f407xx.o [1]
  .text               ro code  0x0800cbac     0x4  startup_stm32f407xx.o [1]
  .text               ro code  0x0800cbb0     0x4  startup_stm32f407xx.o [1]
  .text               ro code  0x0800cbb4     0x4  startup_stm32f407xx.o [1]
  .text               ro code  0x0800cbb8     0x4  startup_stm32f407xx.o [1]
  .text               ro code  0x0800cbbc     0x4  startup_stm32f407xx.o [1]
  .text               ro code  0x0800cbc0     0x4  startup_stm32f407xx.o [1]
  .text               ro code  0x0800cbc4     0x4  startup_stm32f407xx.o [1]
  .text               ro code  0x0800cbc8     0x4  startup_stm32f407xx.o [1]
  .text               ro code  0x0800cbcc     0x4  startup_stm32f407xx.o [1]
  .text               ro code  0x0800cbd0     0x4  startup_stm32f407xx.o [1]
  .text               ro code  0x0800cbd4     0x4  startup_stm32f407xx.o [1]
  .text               ro code  0x0800cbd8     0x4  startup_stm32f407xx.o [1]
  .text               ro code  0x0800cbdc     0x4  startup_stm32f407xx.o [1]
  .text               ro code  0x0800cbe0     0x4  startup_stm32f407xx.o [1]
  .text               ro code  0x0800cbe4     0x4  startup_stm32f407xx.o [1]
  .text               ro code  0x0800cbe8     0x4  startup_stm32f407xx.o [1]
  .text               ro code  0x0800cbec     0x4  startup_stm32f407xx.o [1]
  .text               ro code  0x0800cbf0     0x4  startup_stm32f407xx.o [1]
  .text               ro code  0x0800cbf4     0x4  startup_stm32f407xx.o [1]
  .text               ro code  0x0800cbf8     0x4  startup_stm32f407xx.o [1]
  .text               ro code  0x0800cbfc     0x4  startup_stm32f407xx.o [1]
  .text               ro code  0x0800cc00     0x4  startup_stm32f407xx.o [1]
  .text               ro code  0x0800cc04     0x4  startup_stm32f407xx.o [1]
  .text               ro code  0x0800cc08     0x4  startup_stm32f407xx.o [1]
  .text               ro code  0x0800cc0c     0x4  startup_stm32f407xx.o [1]
  .text               ro code  0x0800cc10     0x4  startup_stm32f407xx.o [1]
  .text               ro code  0x0800cc14     0x4  startup_stm32f407xx.o [1]
  .text               ro code  0x0800cc18     0x4  startup_stm32f407xx.o [1]
  .text               ro code  0x0800cc1c     0x4  startup_stm32f407xx.o [1]
  .text               ro code  0x0800cc20     0x4  startup_stm32f407xx.o [1]
  .text               ro code  0x0800cc24     0x4  startup_stm32f407xx.o [1]
  .text               ro code  0x0800cc28     0x4  startup_stm32f407xx.o [1]
  .text               ro code  0x0800cc2c     0x4  startup_stm32f407xx.o [1]
  .text               ro code  0x0800cc30     0x4  startup_stm32f407xx.o [1]
  .text               ro code  0x0800cc34     0x4  startup_stm32f407xx.o [1]
  .text               ro code  0x0800cc38     0x4  startup_stm32f407xx.o [1]
  .text               ro code  0x0800cc3c     0x4  startup_stm32f407xx.o [1]
  .text               ro code  0x0800cc40     0x4  startup_stm32f407xx.o [1]
  .text               ro code  0x0800cc44     0x4  startup_stm32f407xx.o [1]
  .text               ro code  0x0800cc48     0x4  startup_stm32f407xx.o [1]
  .text               ro code  0x0800cc4c     0x4  startup_stm32f407xx.o [1]
  .text               ro code  0x0800cc50     0x4  startup_stm32f407xx.o [1]
  .text               ro code  0x0800cc54     0x4  startup_stm32f407xx.o [1]
  .text               ro code  0x0800cc58     0x4  startup_stm32f407xx.o [1]
  .text               ro code  0x0800cc5c     0x4  startup_stm32f407xx.o [1]
  .text               ro code  0x0800cc60     0x4  startup_stm32f407xx.o [1]
  .text               ro code  0x0800cc64     0x4  startup_stm32f407xx.o [1]
  .text               ro code  0x0800cc68     0x4  startup_stm32f407xx.o [1]
  .text               ro code  0x0800cc6c     0x4  startup_stm32f407xx.o [1]
  .text               ro code  0x0800cc70     0x4  startup_stm32f407xx.o [1]
  .text               ro code  0x0800cc74     0x4  startup_stm32f407xx.o [1]
  .text               ro code  0x0800cc78     0x4  startup_stm32f407xx.o [1]
  .text               ro code  0x0800cc7c     0x4  startup_stm32f407xx.o [1]
  .text               ro code  0x0800cc80     0x4  startup_stm32f407xx.o [1]
  .text               ro code  0x0800cc84     0x4  startup_stm32f407xx.o [1]
  .text               ro code  0x0800cc88     0x4  startup_stm32f407xx.o [1]
  .text               ro code  0x0800cc8c     0x4  startup_stm32f407xx.o [1]
  .text               ro code  0x0800cc90     0x4  startup_stm32f407xx.o [1]
  .text               ro code  0x0800cc94     0x4  startup_stm32f407xx.o [1]
  .text               ro code  0x0800cc98     0x4  startup_stm32f407xx.o [1]
  .text               ro code  0x0800cc9c     0x4  startup_stm32f407xx.o [1]
  .text               ro code  0x0800cca0     0x4  startup_stm32f407xx.o [1]
  .text               ro code  0x0800cca4     0x4  startup_stm32f407xx.o [1]
  .text               ro code  0x0800cca8     0x4  startup_stm32f407xx.o [1]
  .rodata             const    0x0800ccac     0x0  zero_init3.o [5]
  .rodata             const    0x0800ccac     0x0  packbits_init.o [5]
  Initializer bytes   ro data  0x0800ccac    0x2c  <for P2 s0>
                             - 0x0800ccd8  0xcb50

"P2", part 1 of 3:                          0x120
  P2 s0                        0x20000000   0x11d  <Init block>
    __DLIB_PERTHREAD  inited   0x20000000    0x88  localeconv.o [3]
    __DLIB_PERTHREAD  inited   0x20000088    0x74  setlocale.o [3]
    .data             inited   0x200000fc    0x14  sd_diskio.o [1]
    .data             inited   0x20000110     0x4  main.o [1]
    .data             inited   0x20000114     0x4  system_stm32f4xx.o [1]
    __DLIB_PERTHREAD  inited   0x20000118     0x4  errno.o [3]
    .data             inited   0x2000011c     0x1  sd_diskio.o [1]
                             - 0x2000011d   0x11d

"P2", part 2 of 3:                         0x2e50
  .bss                zero     0x20000120  0x2010  main.o [1]
  .bss                zero     0x20002130   0x3b4  main.o [1]
  .bss                zero     0x200024e4   0x230  main.o [1]
  .bss                zero     0x20002714   0x22c  main.o [1]
  .bss                zero     0x20002940   0x22c  main.o [1]
  .bss                zero     0x20002b6c   0x1d8  dlmalloc.o [3]
  .bss                zero     0x20002d44    0x60  main.o [1]
  .bss                zero     0x20002da4    0x44  main.o [1]
  .bss                zero     0x20002de8    0x58  main.o [1]
  .bss                zero     0x20002e40    0x50  main.o [1]
  .bss                zero     0x20002e90    0x40  main.o [1]
  .bss                zero     0x20002ed0    0x20  main.o [1]
  .bss                zero     0x20002ef0    0x18  ff.o [1]
  .bss                zero     0x20002f08    0x18  dlmalloc.o [3]
  .bss                zero     0x20002f20    0x14  main.o [1]
  .bss                zero     0x20002f34     0xc  ff_gen_drv.o [1]
  .bss                zero     0x20002f40     0x4  fatfs.o [1]
  .bss                zero     0x20002f44     0x4  ff.o [1]
  .bss                zero     0x20002f48     0x4  main.o [1]
  .bss                zero     0x20002f4c     0x4  main.o [1]
  .bss                zero     0x20002f50     0x4  main.o [1]
  .bss                zero     0x20002f54     0x4  main.o [1]
  .bss                zero     0x20002f58     0x4  main.o [1]
  .bss                zero     0x20002f5c     0x4  stm32f4xx_hal.o [1]
  .bss                zero     0x20002f60     0x4  xgetmemchunk.o [3]
  .bss                zero     0x20002f64     0x2  ff.o [1]
  .bss                zero     0x20002f66     0x2  main.o [1]
  .bss                zero     0x20002f68     0x2  main.o [1]
  .bss                zero     0x20002f6a     0x1  main.o [1]
  .bss                zero     0x20002f6b     0x1  main.o [1]
  .bss                zero     0x20002f6c     0x1  main.o [1]
  .bss                zero     0x20002f6d     0x1  main.o [1]
                             - 0x20002f6e  0x2e4e

"P2", part 3 of 3:                         0x8000
  CSTACK                       0x20002f70  0x4000  <Block>
    CSTACK            uninit   0x20002f70  0x4000  <Block tail>
  HEAP                         0x20006f70  0x4000  <Block>
    HEAP              uninit   0x20006f70  0x4000  <Block tail>
                             - 0x2000af70  0x8000


*******************************************************************************
*** INIT TABLE
***

          Address     Size
          -------     ----
Zero (__iar_zero_init3)
    1 destination range, total size 0x2e4e:
          0x20000120  0x2e4e

Copy/packbits (__iar_packbits_init3)
    1 source range, total size 0x2c (15% of destination):
          0x0800ccac    0x2c
    1 destination range, total size 0x11d:
          0x20000000   0x11d



*******************************************************************************
*** MODULE SUMMARY
***

    Module                  ro code  ro data  rw data
    ------                  -------  -------  -------
D:\REPOSITORY\GIT\mySniperLocator\EWARM\MySniperLocator Configuration\Obj: [1]
    bsp_driver_sd.o             176
    ccsbcs.o                    144    1 216
    diskio.o                    200
    fatfs.o                                         4
    ff.o                      8 616      164       30
    ff_gen_drv.o                 84                12
    main.o                    3 400       69   11 308
    sd_diskio.o                 276        4       21
    startup_stm32f407xx.o       756
    stm32f4xx_hal.o             148                 4
    stm32f4xx_hal_adc.o       1 164
    stm32f4xx_hal_cortex.o      326
    stm32f4xx_hal_dma.o      10 614
    stm32f4xx_hal_gpio.o        604
    stm32f4xx_hal_msp.o         564
    stm32f4xx_hal_pcd.o         286
    stm32f4xx_hal_rcc.o       1 892       16
    stm32f4xx_hal_rcc_ex.o      372
    stm32f4xx_hal_rtc.o       1 516
    stm32f4xx_hal_sd.o        4 332
    stm32f4xx_hal_uart.o      1 980
    stm32f4xx_it.o               40
    stm32f4xx_ll_sdmmc.o        208
    stm32f4xx_ll_usb.o          804
    syscall.o                    24
    system_stm32f4xx.o          108        1        4
    -------------------------------------------------
    Total:                   38 634    1 470   11 383

command line: [2]
    -------------------------------------------------
    Total:

dl7M_tlf.a: [3]
    abort.o                       6
    atoi.o                        8
    div.o                        14
    dlmalloc.o                5 392               496
    errno.o                      12                 4
    exit.o                        4
    isxxx.o                      20
    localeconv.o                108       20      136
    low_level_init.o              4
    setlocale.o                  36       18      116
    sprintf.o                    52
    tolower.o                    20
    xencoding_sb.o               96
    xgetmemchunk.o               44                 4
    xlocale_c.o                  32
    xmbcurmax.o                  10
    xmbtowc.o                    32
    xprintffull.o             4 438
    xsprout.o                    10
    xstoul.o                    408
    xtls.o                        2
    xwctomb.o                    26
    -------------------------------------------------
    Total:                   10 774       38      756

m7M_tlv.a: [4]
    DblCmpGe.o                   46
    DblCmpLe.o                   46
    DblDiv.o                     18
    DblMul.o                     18
    DblSub.o                     18
    DblToS32.o                   14
    DblToU32.o                   14
    S32ToDbl.o                   14
    U32ToDbl.o                   14
    fpinit_M.o                   34
    xdnorm.o                     66
    xdscale.o                   280
    -------------------------------------------------
    Total:                      582

rt7M_tl.a: [5]
    ABImemcpy_unaligned.o       118
    I64DivMod.o                 238
    I64DivZer.o                   2
    cexit.o                      10
    cmain.o                      26
    cstartup_M.o                 12
    data_init.o                  40
    memchr.o                     88
    packbits_init.o             208
    strchr.o                     22
    strlen.o                     54
    zero_init3.o                 34
    -------------------------------------------------
    Total:                      852

shb_l.a: [6]
    exit.o                       20
    -------------------------------------------------
    Total:                       20

    Gaps                         22        4
    Linker created                        44   32 768
-----------------------------------------------------
    Grand Total:             50 884    1 556   44 907


*******************************************************************************
*** ENTRY LIST
***

Entry                      Address    Size  Type      Object
-----                      -------    ----  ----      ------
?main                   0x0800ca8d          Code  Gb  cmain.o [5]
ADCConvValues           0x20000120  0x2010  Data  Gb  main.o [1]
ADC_DMAConvCplt         0x0800b9b9    0x24  Code  Lc  stm32f4xx_hal_adc.o [1]
ADC_DMAError            0x0800b9ed    0x1c  Code  Lc  stm32f4xx_hal_adc.o [1]
ADC_DMAHalfConvCplt     0x0800b9dd     0xe  Code  Lc  stm32f4xx_hal_adc.o [1]
ADC_IRQHandler          0x0800cbb9          Code  Wk  startup_stm32f407xx.o [1]
ADC_Init                0x0800b83f   0x164  Code  Lc  stm32f4xx_hal_adc.o [1]
APBAHBPrescTable        0x0800caf4    0x10  Data  Gb  stm32f4xx_hal_rcc.o [1]
BSP_SD_GetCardInfo      0x0800c70b     0xe  Code  Gb  bsp_driver_sd.o [1]
BSP_SD_GetStatus        0x0800c701     0xa  Code  Gb  bsp_driver_sd.o [1]
BSP_SD_Init             0x0800c681    0x20  Code  Gb  bsp_driver_sd.o [1]
BSP_SD_IsDetected       0x0800c721    0x10  Code  Gb  bsp_driver_sd.o [1]
BSP_SD_ReadBlocks       0x0800c6a1    0x30  Code  Gb  bsp_driver_sd.o [1]
BSP_SD_WriteBlocks      0x0800c6d1    0x30  Code  Gb  bsp_driver_sd.o [1]
BusFault_Handler        0x0800cb5d          Code  Wk  startup_stm32f407xx.o [1]
CAN1_RX0_IRQHandler     0x0800cbc1          Code  Wk  startup_stm32f407xx.o [1]
CAN1_RX1_IRQHandler     0x0800cbc5          Code  Wk  startup_stm32f407xx.o [1]
CAN1_SCE_IRQHandler     0x0800cbc9          Code  Wk  startup_stm32f407xx.o [1]
CAN1_TX_IRQHandler      0x0800cbbd          Code  Wk  startup_stm32f407xx.o [1]
CAN2_RX0_IRQHandler     0x0800cc69          Code  Wk  startup_stm32f407xx.o [1]
CAN2_RX1_IRQHandler     0x0800cc6d          Code  Wk  startup_stm32f407xx.o [1]
CAN2_SCE_IRQHandler     0x0800cc71          Code  Wk  startup_stm32f407xx.o [1]
CAN2_TX_IRQHandler      0x0800cc65          Code  Wk  startup_stm32f407xx.o [1]
CSTACK$$Base            0x20002f70           --   Gb  - Linker created -
CSTACK$$Limit           0x20006f70           --   Gb  - Linker created -
DCMI_IRQHandler         0x0800cca1          Code  Wk  startup_stm32f407xx.o [1]
DMA1_Stream0_IRQHandler
                        0x0800cb9d          Code  Wk  startup_stm32f407xx.o [1]
DMA1_Stream1_IRQHandler
                        0x0800cba1          Code  Wk  startup_stm32f407xx.o [1]
DMA1_Stream2_IRQHandler
                        0x0800cba5          Code  Wk  startup_stm32f407xx.o [1]
DMA1_Stream3_IRQHandler
                        0x0800cba9          Code  Wk  startup_stm32f407xx.o [1]
DMA1_Stream4_IRQHandler
                        0x0800cbad          Code  Wk  startup_stm32f407xx.o [1]
DMA1_Stream5_IRQHandler
                        0x0800cbb1          Code  Wk  startup_stm32f407xx.o [1]
DMA1_Stream6_IRQHandler
                        0x0800cbb5          Code  Wk  startup_stm32f407xx.o [1]
DMA1_Stream7_IRQHandler
                        0x0800cc29          Code  Wk  startup_stm32f407xx.o [1]
DMA2_Stream0_IRQHandler
                        0x0800c9f9     0xa  Code  Gb  stm32f4xx_it.o [1]
DMA2_Stream1_IRQHandler
                        0x0800cc4d          Code  Wk  startup_stm32f407xx.o [1]
DMA2_Stream2_IRQHandler
                        0x0800cc51          Code  Wk  startup_stm32f407xx.o [1]
DMA2_Stream3_IRQHandler
                        0x0800cc55          Code  Wk  startup_stm32f407xx.o [1]
DMA2_Stream4_IRQHandler
                        0x0800cc59          Code  Wk  startup_stm32f407xx.o [1]
DMA2_Stream5_IRQHandler
                        0x0800cc79          Code  Wk  startup_stm32f407xx.o [1]
DMA2_Stream6_IRQHandler
                        0x0800cc7d          Code  Wk  startup_stm32f407xx.o [1]
DMA2_Stream7_IRQHandler
                        0x0800cc81          Code  Wk  startup_stm32f407xx.o [1]
DMA_SetConfig           0x08002ad1    0x2e  Code  Lc  stm32f4xx_hal_dma.o [1]
DebugMon_Handler        0x0800cb69          Code  Wk  startup_stm32f407xx.o [1]
ETH_IRQHandler          0x0800cc5d          Code  Wk  startup_stm32f407xx.o [1]
ETH_WKUP_IRQHandler     0x0800cc61          Code  Wk  startup_stm32f407xx.o [1]
EXTI0_IRQHandler        0x0800cb89          Code  Wk  startup_stm32f407xx.o [1]
EXTI15_10_IRQHandler    0x0800cc0d          Code  Wk  startup_stm32f407xx.o [1]
EXTI1_IRQHandler        0x0800cb8d          Code  Wk  startup_stm32f407xx.o [1]
EXTI2_IRQHandler        0x0800cb91          Code  Wk  startup_stm32f407xx.o [1]
EXTI3_IRQHandler        0x0800cb95          Code  Wk  startup_stm32f407xx.o [1]
EXTI4_IRQHandler        0x0800cb99          Code  Wk  startup_stm32f407xx.o [1]
EXTI9_5_IRQHandler      0x0800cbcd          Code  Wk  startup_stm32f407xx.o [1]
Error_HandlerADC        0x08009ad5    0x52  Code  Lc  main.o [1]
Error_HandlerSD         0x08009a5b    0x7a  Code  Lc  main.o [1]
Error_HandlerSync       0x08009b27    0x44  Code  Lc  main.o [1]
Error_Handler_UART      0x08009b6b     0x4  Code  Lc  main.o [1]
ExCvt                   0x0800c900    0x80  Data  Lc  ff.o [1]
FATFS_LinkDriver        0x0800af01    0x4e  Code  Gb  ff_gen_drv.o [1]
FLASH_IRQHandler        0x0800cb81          Code  Wk  startup_stm32f407xx.o [1]
FPU_IRQHandler          0x0800cca9          Code  Wk  startup_stm32f407xx.o [1]
FSMC_IRQHandler         0x0800cc2d          Code  Wk  startup_stm32f407xx.o [1]
FatFs                   0x20002f44     0x4  Data  Lc  ff.o [1]
Files                   0x20002ef0    0x18  Data  Lc  ff.o [1]
Fsid                    0x20002f64     0x2  Data  Lc  ff.o [1]
HAL_ADC_ConfigChannel   0x0800b6bb   0x184  Code  Gb  stm32f4xx_hal_adc.o [1]
HAL_ADC_ConvCpltCallback
                        0x0800a501   0x142  Code  Gb  main.o [1]
HAL_ADC_ConvHalfCpltCallback
                        0x0800a4a9    0x4e  Code  Gb  main.o [1]
HAL_ADC_ErrorCallback   0x0800b6b9     0x2  Code  Wk  stm32f4xx_hal_adc.o [1]
HAL_ADC_Init            0x0800b57d    0x48  Code  Gb  stm32f4xx_hal_adc.o [1]
HAL_ADC_MspInit         0x08002d1b    0x92  Code  Gb  stm32f4xx_hal_msp.o [1]
HAL_ADC_Start_DMA       0x0800b5c5    0xbc  Code  Gb  stm32f4xx_hal_adc.o [1]
HAL_ADC_Stop_DMA        0x0800b681    0x38  Code  Gb  stm32f4xx_hal_adc.o [1]
HAL_DMA_Abort           0x0800028f    0x54  Code  Gb  stm32f4xx_hal_dma.o [1]
HAL_DMA_IRQHandler      0x080002e5  0x2798  Code  Gb  stm32f4xx_hal_dma.o [1]
HAL_DMA_Init            0x08000189    0x7c  Code  Gb  stm32f4xx_hal_dma.o [1]
HAL_DMA_Start_IT        0x08000209    0x86  Code  Gb  stm32f4xx_hal_dma.o [1]
HAL_Delay               0x08002b91    0x1a  Code  Wk  stm32f4xx_hal.o [1]
HAL_GPIO_Init           0x0800369d   0x1f2  Code  Gb  stm32f4xx_hal_gpio.o [1]
HAL_GPIO_ReadPin        0x0800388f    0x18  Code  Gb  stm32f4xx_hal_gpio.o [1]
HAL_GPIO_WritePin       0x080038a7    0x14  Code  Gb  stm32f4xx_hal_gpio.o [1]
HAL_GetTick             0x08002b8b     0x6  Code  Wk  stm32f4xx_hal.o [1]
HAL_IncTick             0x08002b7f     0xc  Code  Wk  stm32f4xx_hal.o [1]
HAL_Init                0x08002b21    0x3a  Code  Gb  stm32f4xx_hal.o [1]
HAL_InitTick            0x08002b5b    0x24  Code  Wk  stm32f4xx_hal.o [1]
HAL_MspInit             0x08002d05    0x16  Code  Gb  stm32f4xx_hal_msp.o [1]
HAL_NVIC_EnableIRQ      0x08002cb7     0xe  Code  Gb  stm32f4xx_hal_cortex.o [1]
HAL_NVIC_SetPriority    0x08002c91    0x26  Code  Gb  stm32f4xx_hal_cortex.o [1]
HAL_NVIC_SetPriorityGrouping
                        0x08002c85     0xc  Code  Gb  stm32f4xx_hal_cortex.o [1]
HAL_PCD_Init            0x0800bb7d   0x11e  Code  Gb  stm32f4xx_hal_pcd.o [1]
HAL_PCD_MspInit         0x08002e97    0x6a  Code  Gb  stm32f4xx_hal_msp.o [1]
HAL_RCCEx_PeriphCLKConfig
                        0x0800ba09   0x14c  Code  Gb  stm32f4xx_hal_rcc_ex.o [1]
HAL_RCC_ClockConfig     0x080032c9   0x284  Code  Gb  stm32f4xx_hal_rcc.o [1]
HAL_RCC_GetHCLKFreq     0x080035f1    0x28  Code  Gb  stm32f4xx_hal_rcc.o [1]
HAL_RCC_GetPCLK1Freq    0x08003619    0x20  Code  Gb  stm32f4xx_hal_rcc.o [1]
HAL_RCC_GetPCLK2Freq    0x08003639    0x20  Code  Gb  stm32f4xx_hal_rcc.o [1]
HAL_RCC_GetSysClockFreq
                        0x0800354d    0xa4  Code  Wk  stm32f4xx_hal_rcc.o [1]
HAL_RCC_OscConfig       0x08002f39   0x390  Code  Wk  stm32f4xx_hal_rcc.o [1]
HAL_RTC_GetDate         0x0800b2bd    0x50  Code  Gb  stm32f4xx_hal_rtc.o [1]
HAL_RTC_GetTime         0x0800b15d    0x5a  Code  Gb  stm32f4xx_hal_rtc.o [1]
HAL_RTC_Init            0x0800af91    0xac  Code  Gb  stm32f4xx_hal_rtc.o [1]
HAL_RTC_MspInit         0x08002dad    0x10  Code  Gb  stm32f4xx_hal_msp.o [1]
HAL_RTC_SetAlarm        0x0800b30d   0x1c8  Code  Gb  stm32f4xx_hal_rtc.o [1]
HAL_RTC_SetDate         0x0800b1b7   0x106  Code  Gb  stm32f4xx_hal_rtc.o [1]
HAL_RTC_SetTime         0x0800b03d   0x120  Code  Gb  stm32f4xx_hal_rtc.o [1]
HAL_RTC_WaitForSynchro  0x0800b4e1    0x34  Code  Gb  stm32f4xx_hal_rtc.o [1]
HAL_SD_GetStatus        0x08009157    0x26  Code  Gb  stm32f4xx_hal_sd.o [1]
HAL_SD_Get_CardInfo     0x08008dbf   0x360  Code  Gb  stm32f4xx_hal_sd.o [1]
HAL_SD_Init             0x08008841    0xb6  Code  Gb  stm32f4xx_hal_sd.o [1]
HAL_SD_MspInit          0x08002dbd    0x64  Code  Gb  stm32f4xx_hal_msp.o [1]
HAL_SD_ReadBlocks       0x080088f7   0x212  Code  Gb  stm32f4xx_hal_sd.o [1]
HAL_SD_StopTransfer     0x0800911f    0x38  Code  Gb  stm32f4xx_hal_sd.o [1]
HAL_SD_WriteBlocks      0x08008b09   0x2b6  Code  Gb  stm32f4xx_hal_sd.o [1]
HAL_SYSTICK_Callback    0x08002cf9     0x2  Code  Wk  stm32f4xx_hal_cortex.o [1]
HAL_SYSTICK_Config      0x08002cc5     0xc  Code  Gb  stm32f4xx_hal_cortex.o [1]
HAL_SYSTICK_IRQHandler  0x08002cf1     0x8  Code  Gb  stm32f4xx_hal_cortex.o [1]
HAL_UART_ErrorCallback  0x0800aa93     0x2  Code  Wk  stm32f4xx_hal_uart.o [1]
HAL_UART_IRQHandler     0x0800a939   0x158  Code  Gb  stm32f4xx_hal_uart.o [1]
HAL_UART_Init           0x0800a745    0x70  Code  Gb  stm32f4xx_hal_uart.o [1]
HAL_UART_MspInit        0x08002e21    0x76  Code  Gb  stm32f4xx_hal_msp.o [1]
HAL_UART_Receive_IT     0x0800a8b1    0x88  Code  Gb  stm32f4xx_hal_uart.o [1]
HAL_UART_RxCpltCallback
                        0x0800a64d    0x4e  Code  Gb  main.o [1]
HAL_UART_Transmit       0x0800a7b5    0xfc  Code  Gb  stm32f4xx_hal_uart.o [1]
HAL_UART_TxCpltCallback
                        0x0800aa91     0x2  Code  Wk  stm32f4xx_hal_uart.o [1]
HASH_RNG_IRQHandler     0x0800cca5          Code  Wk  startup_stm32f407xx.o [1]
HEAP$$Base              0x20006f70           --   Gb  - Linker created -
HEAP$$Limit             0x2000af70           --   Gb  - Linker created -
HardFault_Handler       0x0800cb55          Code  Wk  startup_stm32f407xx.o [1]
I2C1_ER_IRQHandler      0x0800cbf1          Code  Wk  startup_stm32f407xx.o [1]
I2C1_EV_IRQHandler      0x0800cbed          Code  Wk  startup_stm32f407xx.o [1]
I2C2_ER_IRQHandler      0x0800cbf9          Code  Wk  startup_stm32f407xx.o [1]
I2C2_EV_IRQHandler      0x0800cbf5          Code  Wk  startup_stm32f407xx.o [1]
I2C3_ER_IRQHandler      0x0800cc8d          Code  Wk  startup_stm32f407xx.o [1]
I2C3_EV_IRQHandler      0x0800cc89          Code  Wk  startup_stm32f407xx.o [1]
InStream_Read           0x0800c831    0x22  Code  Lc  packbits_init.o [5]
LfnOfs                  0x0800cad4    0x10  Data  Lc  ff.o [1]
LoadInt                 0x0800779d    0x6e  Code  Lc  xprintffull.o [3]
MX_ADC1_Init            0x0800a013    0xae  Code  Lc  main.o [1]
MX_DMA_Init             0x0800a299    0x34  Code  Lc  main.o [1]
MX_GPIO_Init            0x0800a2cd   0x1dc  Code  Lc  main.o [1]
MX_RTC_Init             0x0800a0c1    0xe6  Code  Lc  main.o [1]
MX_SDIO_SD_Init         0x0800a1a7    0x3c  Code  Lc  main.o [1]
MX_USART3_UART_Init     0x0800a1e3    0x50  Code  Lc  main.o [1]
MX_USB_OTG_FS_PCD_Init  0x0800a233    0x66  Code  Lc  main.o [1]
MemManage_Handler       0x0800cb59          Code  Wk  startup_stm32f407xx.o [1]
MyFile                  0x20002714   0x22c  Data  Gb  main.o [1]
MyFile_time             0x20002940   0x22c  Data  Gb  main.o [1]
NMI_Handler             0x0800cb51          Code  Wk  startup_stm32f407xx.o [1]
NVIC_EnableIRQ          0x08002bdd    0x18  Code  Lc  stm32f4xx_hal_cortex.o [1]
NVIC_EncodePriority     0x08002c17    0x3e  Code  Lc  stm32f4xx_hal_cortex.o [1]
NVIC_GetPriorityGrouping
                        0x08002bd3     0xa  Code  Lc  stm32f4xx_hal_cortex.o [1]
NVIC_SetPriority        0x08002bf5    0x22  Code  Lc  stm32f4xx_hal_cortex.o [1]
NVIC_SetPriorityGrouping
                        0x08002bb5    0x1e  Code  Lc  stm32f4xx_hal_cortex.o [1]
NVIC_SystemReset        0x080099fd    0x20  Code  Lc  main.o [1]
OTG_FS_IRQHandler       0x0800cc75          Code  Wk  startup_stm32f407xx.o [1]
OTG_FS_WKUP_IRQHandler  0x0800cc15          Code  Wk  startup_stm32f407xx.o [1]
OTG_HS_EP1_IN_IRQHandler
                        0x0800cc95          Code  Wk  startup_stm32f407xx.o [1]
OTG_HS_EP1_OUT_IRQHandler
                        0x0800cc91          Code  Wk  startup_stm32f407xx.o [1]
OTG_HS_IRQHandler       0x0800cc9d          Code  Wk  startup_stm32f407xx.o [1]
OTG_HS_WKUP_IRQHandler  0x0800cc99          Code  Wk  startup_stm32f407xx.o [1]
PVD_IRQHandler          0x0800cb75          Code  Wk  startup_stm32f407xx.o [1]
PendSV_Handler          0x0800cb6d          Code  Wk  startup_stm32f407xx.o [1]
RCC_IRQHandler          0x0800cb85          Code  Wk  startup_stm32f407xx.o [1]
RTC_Alarm_IRQHandler    0x0800cc11          Code  Wk  startup_stm32f407xx.o [1]
RTC_Bcd2ToByte          0x0800b563    0x1a  Code  Gb  stm32f4xx_hal_rtc.o [1]
RTC_ByteToBcd2          0x0800b54d    0x16  Code  Gb  stm32f4xx_hal_rtc.o [1]
RTC_EnterInitMode       0x0800b515    0x38  Code  Gb  stm32f4xx_hal_rtc.o [1]
RTC_WKUP_IRQHandler     0x0800cb7d          Code  Wk  startup_stm32f407xx.o [1]
Region$$Table$$Base     0x0800ca60           --   Gb  - Linker created -
Region$$Table$$Limit    0x0800ca8c           --   Gb  - Linker created -
Reset_Handler           0x0800cb05          Code  Wk  startup_stm32f407xx.o [1]
SDCardInfo              0x20002de8    0x58  Data  Gb  main.o [1]
SDFatFs                 0x200024e4   0x230  Data  Gb  main.o [1]
SDIO_DataConfig         0x080099c5    0x2e  Code  Gb  stm32f4xx_ll_sdmmc.o [1]
SDIO_GetCommandResponse
                        0x080099a9     0x6  Code  Gb  stm32f4xx_ll_sdmmc.o [1]
SDIO_GetPowerState      0x08009977     0x8  Code  Gb  stm32f4xx_ll_sdmmc.o [1]
SDIO_GetResponse        0x080099af    0x16  Code  Gb  stm32f4xx_ll_sdmmc.o [1]
SDIO_IRQHandler         0x0800cc31          Code  Wk  startup_stm32f407xx.o [1]
SDIO_Init               0x0800992d    0x2e  Code  Gb  stm32f4xx_ll_sdmmc.o [1]
SDIO_PowerState_ON      0x0800996d     0xa  Code  Gb  stm32f4xx_ll_sdmmc.o [1]
SDIO_ReadFIFO           0x0800995b     0x6  Code  Gb  stm32f4xx_ll_sdmmc.o [1]
SDIO_SendCommand        0x0800997f    0x2a  Code  Gb  stm32f4xx_ll_sdmmc.o [1]
SDIO_WriteFIFO          0x08009961     0xc  Code  Gb  stm32f4xx_ll_sdmmc.o [1]
SD_CmdError             0x080094c9    0x4a  Code  Lc  stm32f4xx_hal_sd.o [1]
SD_CmdResp1Error        0x08009587   0x114  Code  Lc  stm32f4xx_hal_sd.o [1]
SD_CmdResp2Error        0x080096cd    0x46  Code  Lc  stm32f4xx_hal_sd.o [1]
SD_CmdResp3Error        0x0800969d    0x30  Code  Lc  stm32f4xx_hal_sd.o [1]
SD_CmdResp6Error        0x08009713    0xa4  Code  Lc  stm32f4xx_hal_sd.o [1]
SD_CmdResp7Error        0x08009513    0x74  Code  Lc  stm32f4xx_hal_sd.o [1]
SD_Driver               0x200000fc    0x14  Data  Gb  sd_diskio.o [1]
SD_GetState             0x0800917d    0x24  Code  Lc  stm32f4xx_hal_sd.o [1]
SD_Initialize_Cards     0x080091a1   0x118  Code  Lc  stm32f4xx_hal_sd.o [1]
SD_IsCardProgramming    0x080097b7   0x16a  Code  Lc  stm32f4xx_hal_sd.o [1]
SD_Path                 0x20002f40     0x4  Data  Gb  fatfs.o [1]
SD_PowerON              0x080092f3   0x176  Code  Lc  stm32f4xx_hal_sd.o [1]
SD_Select_Deselect      0x080092b9    0x3a  Code  Lc  stm32f4xx_hal_sd.o [1]
SD_SendStatus           0x0800946b    0x5e  Code  Lc  stm32f4xx_hal_sd.o [1]
SD_initialize           0x0800c56d    0x22  Code  Gb  sd_diskio.o [1]
SD_ioctl                0x0800c615    0x68  Code  Gb  sd_diskio.o [1]
SD_read                 0x0800c5b1    0x32  Code  Gb  sd_diskio.o [1]
SD_status               0x0800c58f    0x22  Code  Gb  sd_diskio.o [1]
SD_write                0x0800c5e3    0x32  Code  Gb  sd_diskio.o [1]
SPI1_IRQHandler         0x0800cbfd          Code  Wk  startup_stm32f407xx.o [1]
SPI2_IRQHandler         0x0800cc01          Code  Wk  startup_stm32f407xx.o [1]
SPI3_IRQHandler         0x0800cc39          Code  Wk  startup_stm32f407xx.o [1]
SVC_Handler             0x0800cb65          Code  Wk  startup_stm32f407xx.o [1]
Stat                    0x2000011c     0x1  Data  Lc  sd_diskio.o [1]
SysTick_Config          0x08002c55    0x30  Code  Lc  stm32f4xx_hal_cortex.o [1]
SysTick_Handler         0x0800c9ed     0xc  Code  Gb  stm32f4xx_it.o [1]
SystemClock_Config      0x08009f71    0xa2  Code  Gb  main.o [1]
SystemCoreClock         0x20000114     0x4  Data  Gb  system_stm32f4xx.o [1]
SystemInit              0x0800c981    0x4c  Code  Gb  system_stm32f4xx.o [1]
TAMP_STAMP_IRQHandler   0x0800cb79          Code  Wk  startup_stm32f407xx.o [1]
TIM1_BRK_TIM9_IRQHandler
                        0x0800cbd1          Code  Wk  startup_stm32f407xx.o [1]
TIM1_CC_IRQHandler      0x0800cbdd          Code  Wk  startup_stm32f407xx.o [1]
TIM1_TRG_COM_TIM11_IRQHandler
                        0x0800cbd9          Code  Wk  startup_stm32f407xx.o [1]
TIM1_UP_TIM10_IRQHandler
                        0x0800cbd5          Code  Wk  startup_stm32f407xx.o [1]
TIM2_IRQHandler         0x0800cbe1          Code  Wk  startup_stm32f407xx.o [1]
TIM3_IRQHandler         0x0800cbe5          Code  Wk  startup_stm32f407xx.o [1]
TIM4_IRQHandler         0x0800cbe9          Code  Wk  startup_stm32f407xx.o [1]
TIM5_IRQHandler         0x0800cc35          Code  Wk  startup_stm32f407xx.o [1]
TIM6_DAC_IRQHandler     0x0800cc45          Code  Wk  startup_stm32f407xx.o [1]
TIM7_IRQHandler         0x0800cc49          Code  Wk  startup_stm32f407xx.o [1]
TIM8_BRK_TIM12_IRQHandler
                        0x0800cc19          Code  Wk  startup_stm32f407xx.o [1]
TIM8_CC_IRQHandler      0x0800cc25          Code  Wk  startup_stm32f407xx.o [1]
TIM8_TRG_COM_TIM14_IRQHandler
                        0x0800cc21          Code  Wk  startup_stm32f407xx.o [1]
TIM8_UP_TIM13_IRQHandler
                        0x0800cc1d          Code  Wk  startup_stm32f407xx.o [1]
Tbl                     0x0800c730   0x100  Data  Lc  ccsbcs.o [1]
UART4_IRQHandler        0x0800cc3d          Code  Wk  startup_stm32f407xx.o [1]
UART5_IRQHandler        0x0800cc41          Code  Wk  startup_stm32f407xx.o [1]
UART_EndTransmit_IT     0x0800abf1    0x48  Code  Lc  stm32f4xx_hal_uart.o [1]
UART_Receive_IT         0x0800ac39    0xc4  Code  Lc  stm32f4xx_hal_uart.o [1]
UART_SetConfig          0x0800acfd   0x1f8  Code  Lc  stm32f4xx_hal_uart.o [1]
UART_Transmit_IT        0x0800ab77    0x7a  Code  Lc  stm32f4xx_hal_uart.o [1]
UART_WaitOnFlagUntilTimeout
                        0x0800aa95    0xe2  Code  Lc  stm32f4xx_hal_uart.o [1]
USART1_IRQHandler       0x0800cc05          Code  Wk  startup_stm32f407xx.o [1]
USART2_IRQHandler       0x0800cc09          Code  Wk  startup_stm32f407xx.o [1]
USART3_IRQHandler       0x0800ca03     0xa  Code  Gb  stm32f4xx_it.o [1]
USART6_IRQHandler       0x0800cc85          Code  Wk  startup_stm32f407xx.o [1]
USB_CoreInit            0x0800be35    0x6e  Code  Gb  stm32f4xx_ll_usb.o [1]
USB_CoreReset           0x0800c113    0x38  Code  Lc  stm32f4xx_ll_usb.o [1]
USB_DevDisconnect       0x0800c0f5    0x1e  Code  Gb  stm32f4xx_ll_usb.o [1]
USB_DevInit             0x0800bee7   0x1b0  Code  Gb  stm32f4xx_ll_usb.o [1]
USB_DisableGlobalInt    0x0800bea3     0xe  Code  Gb  stm32f4xx_ll_usb.o [1]
USB_FlushRxFifo         0x0800c0bb    0x20  Code  Gb  stm32f4xx_ll_usb.o [1]
USB_FlushTxFifo         0x0800c097    0x24  Code  Gb  stm32f4xx_ll_usb.o [1]
USB_SetCurrentMode      0x0800beb1    0x36  Code  Gb  stm32f4xx_ll_usb.o [1]
USB_SetDevSpeed         0x0800c0db    0x16  Code  Gb  stm32f4xx_ll_usb.o [1]
UsageFault_Handler      0x0800cb61          Code  Wk  startup_stm32f407xx.o [1]
WWDG_IRQHandler         0x0800cb71          Code  Wk  startup_stm32f407xx.o [1]
_EncodingSb_Mbtowc      0x080087f7    0x30  Code  Gb  xencoding_sb.o [3]
_EncodingSb_Wctomb      0x080087dd    0x1a  Code  Gb  xencoding_sb.o [3]
_GenldFull              0x08008027   0x24e  Code  Lc  xprintffull.o [3]
_IsdstStr               0x2000008c     0x4  Data  Gb  setlocale.o [3]
_LdtobFull              0x08007c25   0x3fc  Code  Lc  xprintffull.o [3]
_LitobFull              0x08007b1d   0x106  Code  Lc  xprintffull.o [3]
_LocaleC_isspace        0x0800c18d    0x14  Code  Gb  xlocale_c.o [3]
_LocaleC_tolower        0x0800c1a1     0xc  Code  Gb  xlocale_c.o [3]
_LocaleEncoding         0x080087cb     0xe  Code  Gb  setlocale.o [3]
_LocaleForCat           0x080087b9    0x12  Code  Gb  setlocale.o [3]
_LocaleReturnString     0x200000ac    0x50  Data  Lc  setlocale.o [3]
_Locale_Profile         0x20000090    0x1c  Data  Gb  setlocale.o [3]
_Locale_aeabi_lconv     0x20000050    0x38  Data  Gb  localeconv.o [3]
_Locale_lconv           0x20000000    0x50  Data  Gb  localeconv.o [3]
_Mbtowc                 0x080082bf    0x20  Code  Gb  xmbtowc.o [3]
_PrintfFull             0x08007169   0x61e  Code  Gb  xprintffull.o [3]
_PutcharsFull           0x08008275    0x2e  Code  Lc  xprintffull.o [3]
_PutstrFull             0x0800780b   0x30c  Code  Lc  xprintffull.o [3]
_SProut                 0x08002cfb     0xa  Code  Gb  xsprout.o [3]
_TzoneStr               0x20000088     0x4  Data  Gb  setlocale.o [3]
_Wctomb                 0x08008393    0x1a  Code  Gb  xwctomb.o [3]
__aeabi_cdcmple         0x08008555          Code  Gb  DblCmpLe.o [4]
__aeabi_cdrcmple        0x08008585          Code  Gb  DblCmpGe.o [4]
__aeabi_d2iz            0x080086cd     0xe  Code  Gb  DblToS32.o [4]
__aeabi_d2uiz           0x0800871f     0xe  Code  Gb  DblToU32.o [4]
__aeabi_ddiv            0x0800870d    0x12  Code  Gb  DblDiv.o [4]
__aeabi_dmul            0x080086fb    0x12  Code  Gb  DblMul.o [4]
__aeabi_dsub            0x080086e9    0x12  Code  Gb  DblSub.o [4]
__aeabi_errno_addr      0x0800c181     0x6  Code  Gb  errno.o [3]
__aeabi_i2d             0x080086db     0xe  Code  Gb  S32ToDbl.o [4]
__aeabi_ldiv0           0x0800883d          Code  Gb  I64DivZer.o [5]
__aeabi_ui2d            0x0800872d     0xe  Code  Gb  U32ToDbl.o [4]
__aeabi_uldivmod        0x08008425          Code  Gb  I64DivMod.o [5]
__cmain                 0x0800ca8d          Code  Gb  cmain.o [5]
__data_GetMemChunk      0x08007129    0x2c  Code  Gb  xgetmemchunk.o [3]
__exit                  0x08007155    0x14  Code  Gb  exit.o [6]
__iar_Dnorm             0x08008513    0x42  Code  Gb  xdnorm.o [4]
__iar_Dscale            0x080085b5   0x118  Code  Gb  xdscale.o [4]
__iar_Errno             0x20000118     0x4  Data  Gb  errno.o [3]
__iar_Locale_lconv_init
                        0x0800873d    0x3a  Code  Gb  localeconv.o [3]
__iar_Mbcurmax          0x08008389     0xa  Code  Gb  xmbcurmax.o [3]
__iar_Memchr            0x08008331          Code  Gb  memchr.o [5]
__iar_Stoul             0x0800bde1     0x4  Code  Gb  xstoul.o [3]
__iar_Stoulx            0x0800bc9d   0x13e  Code  Gb  xstoul.o [3]
__iar_Strchr            0x080082e1          Code  Gb  strchr.o [5]
__iar_data_init3        0x0800ca15    0x28  Code  Gb  data_init.o [5]
__iar_dlfree            0x08006c09   0x510  Code  Gb  dlmalloc.o [3]
__iar_dlib_perthread_access
                        0x0800883f     0x2  Code  Gb  xtls.o [3]
__iar_dlmalloc          0x08006949   0x2b4  Code  Gb  dlmalloc.o [3]
__iar_init_vfp          0x0800ca3d          Code  Gb  fpinit_M.o [4]
__iar_packbits_init3    0x0800c853    0xae  Code  Gb  packbits_init.o [5]
__iar_program_start     0x0800cb2d          Code  Gb  cstartup_M.o [5]
__iar_unaligned___aeabi_memcpy
                        0x080083ad          Code  Gb  ABImemcpy_unaligned.o [5]
__iar_unaligned___aeabi_memcpy4
                        0x080083cd          Code  Gb  ABImemcpy_unaligned.o [5]
__iar_unaligned___aeabi_memcpy8
                        0x080083cd          Code  Gb  ABImemcpy_unaligned.o [5]
__iar_zero_init3        0x08002aff    0x22  Code  Gb  zero_init3.o [5]
__low_level_init        0x0800caa7     0x4  Code  Gb  low_level_init.o [3]
__vector_table          0x08000000          Data  Gb  startup_stm32f407xx.o [1]
_call_main              0x0800ca99          Code  Gb  cmain.o [5]
_exit                   0x0800cab1          Code  Gb  cexit.o [5]
_gm_                    0x20002b6c   0x1d8  Data  Lc  dlmalloc.o [3]
_main                   0x0800caa3          Code  Gb  cmain.o [5]
aRxBuffer               0x20002f68     0x2  Data  Gb  main.o [1]
aTxBuffer               0x20002f66     0x2  Data  Gb  main.o [1]
abort                   0x08007121     0x6  Code  Gb  abort.o [3]
atoi                    0x0800af55     0x8  Code  Gb  atoi.o [3]
bytesread               0x20002f50     0x4  Data  Gb  main.o [1]
byteswritten            0x20002f4c     0x4  Data  Gb  main.o [1]
check_fs                0x08004cd1    0x82  Code  Lc  ff.o [1]
chk_chr                 0x0800394f    0x14  Code  Lc  ff.o [1]
chk_lock                0x08003963    0x9a  Code  Lc  ff.o [1]
clear_lock              0x08003b75    0x2c  Code  Lc  ff.o [1]
clmt_clust              0x08004139    0x3e  Code  Lc  ff.o [1]
clust2sect              0x08003d29    0x20  Code  Gb  ff.o [1]
cmp_lfn                 0x0800447b    0x9e  Code  Lc  ff.o [1]
countData               0x20002f54     0x4  Data  Gb  main.o [1]
count_power             0x20002f48     0x4  Data  Gb  main.o [1]
create_chain            0x0800403b    0xfe  Code  Lc  ff.o [1]
create_name             0x0800492d   0x2b8  Code  Lc  ff.o [1]
dec_lock                0x08003b19    0x5c  Code  Lc  ff.o [1]
delay                   0x08009a1d    0x12  Code  Lc  main.o [1]
digits                  0x0800bde4    0x28  Data  Lc  xstoul.o [3]
dir_alloc               0x080043cb    0x6e  Code  Lc  ff.o [1]
dir_find                0x08004689   0x12e  Code  Lc  ff.o [1]
dir_next                0x08004253   0x178  Code  Lc  ff.o [1]
dir_register            0x080047b7   0x176  Code  Lc  ff.o [1]
dir_sdi                 0x08004177    0xdc  Code  Lc  ff.o [1]
disk                    0x20002f34     0xc  Data  Gb  ff_gen_drv.o [1]
disk_initialize         0x08005aa1    0x2e  Code  Gb  diskio.o [1]
disk_ioctl              0x08005b3d    0x24  Code  Gb  diskio.o [1]
disk_read               0x08005ae9    0x2a  Code  Gb  diskio.o [1]
disk_status             0x08005acf    0x1a  Code  Gb  diskio.o [1]
disk_write              0x08005b13    0x2a  Code  Gb  diskio.o [1]
div                     0x080087a9     0xe  Code  Gb  div.o [3]
enq_lock                0x080039fd    0x28  Code  Lc  ff.o [1]
exit                    0x0800caab     0x4  Code  Gb  exit.o [3]
f_close                 0x08005a65    0x3c  Code  Gb  ff.o [1]
f_mount                 0x080051e3    0x6a  Code  Gb  ff.o [1]
f_open                  0x0800526d   0x224  Code  Gb  ff.o [1]
f_read                  0x08005491   0x250  Code  Gb  ff.o [1]
f_sync                  0x08005989    0xdc  Code  Gb  ff.o [1]
f_write                 0x080056e1   0x2a8  Code  Gb  ff.o [1]
ff_convert              0x08005b69    0x4e  Code  Gb  ccsbcs.o [1]
ff_memalloc             0x08005bf9     0xc  Code  Gb  syscall.o [1]
ff_memfree              0x08005c05     0xc  Code  Gb  syscall.o [1]
ff_wtoupper             0x08005bb7    0x34  Code  Gb  ccsbcs.o [1]
file_writing            0x20002f6c     0x1  Data  Gb  main.o [1]
find_volume             0x08004d59   0x440  Code  Lc  ff.o [1]
fit_lfn                 0x08004519    0x84  Code  Lc  ff.o [1]
follow_path             0x08004be5    0x9c  Code  Lc  ff.o [1]
gen_numname             0x080045a1    0xca  Code  Lc  ff.o [1]
get_fat                 0x08003d49   0x102  Code  Gb  ff.o [1]
get_fattime             0x08005b65     0x4  Code  Gb  diskio.o [1]
get_ldnumber            0x08004c81    0x50  Code  Lc  ff.o [1]
hadc1                   0x20002da4    0x44  Data  Gb  main.o [1]
hdma_adc1               0x20002e40    0x50  Data  Gb  main.o [1]
hpcd_USB_OTG_FS         0x20002130   0x3b4  Data  Gb  main.o [1]
hrtc                    0x20002ed0    0x20  Data  Gb  main.o [1]
hsd                     0x20002d44    0x60  Data  Gb  main.o [1]
huart3                  0x20002e90    0x40  Data  Gb  main.o [1]
inc_lock                0x08003a25    0xf4  Code  Lc  ff.o [1]
init_mparams            0x08005c2b    0x32  Code  Lc  dlmalloc.o [3]
init_top                0x08005c5d    0x34  Code  Lc  dlmalloc.o [3]
isspace                 0x0800c159    0x14  Code  Gb  isxxx.o [3]
last                    0x20000110     0x4  Data  Gb  main.o [1]
ld_clust                0x08004439    0x2a  Code  Lc  ff.o [1]
localeconv              0x08008777    0x16  Code  Gb  localeconv.o [3]
main                    0x08009b6f   0x3f6  Code  Gb  main.o [1]
mem_cmp                 0x0800392b    0x24  Code  Lc  ff.o [1]
mem_cpy                 0x080038f9    0x1c  Code  Lc  ff.o [1]
mem_set                 0x08003915    0x16  Code  Lc  ff.o [1]
memchr                  0x08008331          Code  Gb  memchr.o [5]
move_window             0x08003c03    0x3a  Code  Lc  ff.o [1]
mparams                 0x20002f08    0x18  Data  Lc  dlmalloc.o [3]
ndigs                   0x0800be0c    0x28  Data  Lc  xstoul.o [3]
prepend_alloc           0x08005c91   0x36c  Code  Lc  dlmalloc.o [3]
put_fat                 0x08003e4b   0x16c  Code  Gb  ff.o [1]
remove_chain            0x08003fb7    0x84  Code  Lc  ff.o [1]
res                     0x20002f6a     0x1  Data  Gb  main.o [1]
res_uart                0x20002f6d     0x1  Data  Gb  main.o [1]
sDateNow                0x20002f58     0x4  Data  Gb  main.o [1]
sTimeNow                0x20002f20    0x14  Data  Gb  main.o [1]
segment_holding         0x08005c11    0x1a  Code  Lc  dlmalloc.o [3]
send_ok                 0x08009a2f    0x2c  Code  Lc  main.o [1]
sprintf                 0x0800af5d    0x34  Code  Gb  sprintf.o [3]
st_clust                0x08004463    0x18  Code  Lc  ff.o [1]
state                   0x20002f6b     0x1  Data  Gb  main.o [1]
strchr                  0x080082e1          Code  Gb  strchr.o [5]
strlen                  0x080082f9          Code  Gb  strlen.o [5]
sum_sfn                 0x0800466b    0x1e  Code  Lc  ff.o [1]
sync_fs                 0x08003c3d    0xec  Code  Lc  ff.o [1]
sync_window             0x08003ba1    0x62  Code  Lc  ff.o [1]
sys_alloc               0x08005ffd   0x386  Code  Lc  dlmalloc.o [3]
tmalloc_large           0x08006391   0x39e  Code  Lc  dlmalloc.o [3]
tmalloc_small           0x0800672f   0x21a  Code  Lc  dlmalloc.o [3]
tolower                 0x0800c16d    0x14  Code  Gb  tolower.o [3]
uwTick                  0x20002f5c     0x4  Data  Lc  stm32f4xx_hal.o [1]
validate                0x08005199    0x4a  Code  Lc  ff.o [1]


[1] = D:\REPOSITORY\GIT\mySniperLocator\EWARM\MySniperLocator Configuration\Obj
[2] = command line
[3] = dl7M_tlf.a
[4] = m7M_tlv.a
[5] = rt7M_tl.a
[6] = shb_l.a

  50 884 bytes of readonly  code memory
   1 556 bytes of readonly  data memory
  44 907 bytes of readwrite data memory

Errors: none
Warnings: none
