###############################################################################
#
# IAR ELF Linker V7.20.2.7424/W32 for ARM                 28/Apr/2015  04:27:01
# Copyright 2007-2014 IAR Systems AB.
#
#    Output file  =  
#        D:\REPOSITORY\GIT\mySniperLocator\EWARM\MySniperLocator
#        Configuration\Exe\MySniperLocator Configuration.out
#    Map file     =  
#        D:\REPOSITORY\GIT\mySniperLocator\EWARM\MySniperLocator
#        Configuration/List\MySniperLocator Configuration.map
#    Command line =  
#        "D:\REPOSITORY\GIT\mySniperLocator\EWARM\MySniperLocator
#        Configuration\Obj\bsp_driver_sd.o"
#        "D:\REPOSITORY\GIT\mySniperLocator\EWARM\MySniperLocator
#        Configuration\Obj\ccsbcs.o"
#        "D:\REPOSITORY\GIT\mySniperLocator\EWARM\MySniperLocator
#        Configuration\Obj\diskio.o"
#        "D:\REPOSITORY\GIT\mySniperLocator\EWARM\MySniperLocator
#        Configuration\Obj\fatfs.o"
#        "D:\REPOSITORY\GIT\mySniperLocator\EWARM\MySniperLocator
#        Configuration\Obj\ff.o"
#        "D:\REPOSITORY\GIT\mySniperLocator\EWARM\MySniperLocator
#        Configuration\Obj\ff_gen_drv.o"
#        "D:\REPOSITORY\GIT\mySniperLocator\EWARM\MySniperLocator
#        Configuration\Obj\main.o"
#        "D:\REPOSITORY\GIT\mySniperLocator\EWARM\MySniperLocator
#        Configuration\Obj\sd_diskio.o"
#        "D:\REPOSITORY\GIT\mySniperLocator\EWARM\MySniperLocator
#        Configuration\Obj\startup_stm32f407xx.o"
#        "D:\REPOSITORY\GIT\mySniperLocator\EWARM\MySniperLocator
#        Configuration\Obj\stm32f4xx_hal.o"
#        "D:\REPOSITORY\GIT\mySniperLocator\EWARM\MySniperLocator
#        Configuration\Obj\stm32f4xx_hal_adc.o"
#        "D:\REPOSITORY\GIT\mySniperLocator\EWARM\MySniperLocator
#        Configuration\Obj\stm32f4xx_hal_adc_ex.o"
#        "D:\REPOSITORY\GIT\mySniperLocator\EWARM\MySniperLocator
#        Configuration\Obj\stm32f4xx_hal_cortex.o"
#        "D:\REPOSITORY\GIT\mySniperLocator\EWARM\MySniperLocator
#        Configuration\Obj\stm32f4xx_hal_dma.o"
#        "D:\REPOSITORY\GIT\mySniperLocator\EWARM\MySniperLocator
#        Configuration\Obj\stm32f4xx_hal_dma_ex.o"
#        "D:\REPOSITORY\GIT\mySniperLocator\EWARM\MySniperLocator
#        Configuration\Obj\stm32f4xx_hal_flash.o"
#        "D:\REPOSITORY\GIT\mySniperLocator\EWARM\MySniperLocator
#        Configuration\Obj\stm32f4xx_hal_flash_ex.o"
#        "D:\REPOSITORY\GIT\mySniperLocator\EWARM\MySniperLocator
#        Configuration\Obj\stm32f4xx_hal_flash_ramfunc.o"
#        "D:\REPOSITORY\GIT\mySniperLocator\EWARM\MySniperLocator
#        Configuration\Obj\stm32f4xx_hal_gpio.o"
#        "D:\REPOSITORY\GIT\mySniperLocator\EWARM\MySniperLocator
#        Configuration\Obj\stm32f4xx_hal_msp.o"
#        "D:\REPOSITORY\GIT\mySniperLocator\EWARM\MySniperLocator
#        Configuration\Obj\stm32f4xx_hal_pcd.o"
#        "D:\REPOSITORY\GIT\mySniperLocator\EWARM\MySniperLocator
#        Configuration\Obj\stm32f4xx_hal_pcd_ex.o"
#        "D:\REPOSITORY\GIT\mySniperLocator\EWARM\MySniperLocator
#        Configuration\Obj\stm32f4xx_hal_pwr.o"
#        "D:\REPOSITORY\GIT\mySniperLocator\EWARM\MySniperLocator
#        Configuration\Obj\stm32f4xx_hal_pwr_ex.o"
#        "D:\REPOSITORY\GIT\mySniperLocator\EWARM\MySniperLocator
#        Configuration\Obj\stm32f4xx_hal_rcc.o"
#        "D:\REPOSITORY\GIT\mySniperLocator\EWARM\MySniperLocator
#        Configuration\Obj\stm32f4xx_hal_rcc_ex.o"
#        "D:\REPOSITORY\GIT\mySniperLocator\EWARM\MySniperLocator
#        Configuration\Obj\stm32f4xx_hal_rtc.o"
#        "D:\REPOSITORY\GIT\mySniperLocator\EWARM\MySniperLocator
#        Configuration\Obj\stm32f4xx_hal_rtc_ex.o"
#        "D:\REPOSITORY\GIT\mySniperLocator\EWARM\MySniperLocator
#        Configuration\Obj\stm32f4xx_hal_sd.o"
#        "D:\REPOSITORY\GIT\mySniperLocator\EWARM\MySniperLocator
#        Configuration\Obj\stm32f4xx_hal_uart.o"
#        "D:\REPOSITORY\GIT\mySniperLocator\EWARM\MySniperLocator
#        Configuration\Obj\stm32f4xx_it.o"
#        "D:\REPOSITORY\GIT\mySniperLocator\EWARM\MySniperLocator
#        Configuration\Obj\stm32f4xx_ll_sdmmc.o"
#        "D:\REPOSITORY\GIT\mySniperLocator\EWARM\MySniperLocator
#        Configuration\Obj\stm32f4xx_ll_usb.o"
#        "D:\REPOSITORY\GIT\mySniperLocator\EWARM\MySniperLocator
#        Configuration\Obj\syscall.o"
#        "D:\REPOSITORY\GIT\mySniperLocator\EWARM\MySniperLocator
#        Configuration\Obj\system_stm32f4xx.o" --redirect _Printf=_PrintfFull
#        --redirect _Scanf=_ScanfFull -o
#        "D:\REPOSITORY\GIT\mySniperLocator\EWARM\MySniperLocator
#        Configuration\Exe\MySniperLocator Configuration.out" --map
#        "D:\REPOSITORY\GIT\mySniperLocator\EWARM\MySniperLocator
#        Configuration/List\MySniperLocator Configuration.map" --config
#        D:\REPOSITORY\GIT\mySniperLocator\EWARM\MySniperLocator.icf
#        --semihosting --entry __iar_program_start --vfe
#
###############################################################################

*******************************************************************************
*** RUNTIME MODEL ATTRIBUTES
***

CppFlavor                     = *
__Heap_Handler                = DLMalloc
__SystemLibrary               = DLib
__dlib_dynamic_initialization = normal


*******************************************************************************
*** PLACEMENT SUMMARY
***

"A1":  place at 0x08000000 { ro section .intvec };
"P1":  place in [from 0x08000000 to 0x080fffff] { ro };
"P2":  place in [from 0x20000000 to 0x2001ffff] { rw, block CSTACK, block HEAP };

  Section             Kind        Address    Size  Object
  -------             ----        -------    ----  ------
"A1":                                       0x188
  .intvec             ro code  0x08000000   0x188  startup_stm32f407xx.o [1]
                             - 0x08000188   0x188

"P1":                                      0xd3c8
  .text               ro code  0x08000188  0x2976  stm32f4xx_hal_dma.o [1]
  .text               ro code  0x08002afe    0x22  zero_init3.o [5]
  .text               ro code  0x08002b20    0x94  stm32f4xx_hal.o [1]
  .text               ro code  0x08002bb4   0x146  stm32f4xx_hal_cortex.o [1]
  .text               ro code  0x08002cfa     0xa  xsprout.o [3]
  .text               ro code  0x08002d04   0x234  stm32f4xx_hal_msp.o [1]
  .text               ro code  0x08002f38   0x764  stm32f4xx_hal_rcc.o [1]
  .text               ro code  0x0800369c   0x25c  stm32f4xx_hal_gpio.o [1]
  .text               ro code  0x080038f8  0x21c2  ff.o [1]
  .text               ro code  0x08005abc    0xc8  diskio.o [1]
  .text               ro code  0x08005b84    0x90  ccsbcs.o [1]
  .text               ro code  0x08005c14    0x18  syscall.o [1]
  .text               ro code  0x08005c2c  0x1500  dlmalloc.o [3]
  .text               ro code  0x0800712c     0x6  abort.o [3]
  .text               ro code  0x08007134    0x2c  xgetmemchunk.o [3]
  .text               ro code  0x08007160    0x14  exit.o [6]
  .text               ro code  0x08007174  0x114e  xprintffull.o [3]
  .text               ro code  0x080082c2    0x20  xmbtowc.o [3]
  .text               ro code  0x080082e4    0x16  strchr.o [5]
  .text               ro code  0x080082fc    0x36  strlen.o [5]
  .text               ro code  0x08008334    0x58  memchr.o [5]
  .text               ro code  0x0800838c     0xa  xmbcurmax.o [3]
  .text               ro code  0x08008396    0x1a  xwctomb.o [3]
  .text               ro code  0x080083b0    0x76  ABImemcpy_unaligned.o [5]
  .text               ro code  0x08008428    0xee  I64DivMod.o [5]
  .text               ro code  0x08008516    0x42  xdnorm.o [4]
  .text               ro code  0x08008558    0x2e  DblCmpLe.o [4]
  .text               ro code  0x08008588    0x2e  DblCmpGe.o [4]
  .text               ro code  0x080085b8   0x114  xdscale.o [4]
  .text               ro code  0x080086cc    0x58  DblToI32.o [4]
  .text               ro code  0x08008724    0x30  I32ToDbl.o [4]
  .text               ro code  0x08008754   0x180  DblSub.o [4]
  .text               ro code  0x080088d4   0x1a2  DblMul.o [4]
  .text               ro code  0x08008a78   0x246  DblDiv.o [4]
  .text               ro code  0x08008cc0    0x6c  localeconv.o [3]
  .text               ro code  0x08008d2c     0xe  div.o [3]
  .text               ro code  0x08008d3c    0x24  setlocale.o [3]
  .text               ro code  0x08008d60    0x60  xencoding_sb.o [3]
  .text               ro code  0x08008dc0     0x2  I64DivZer.o [5]
  .text               ro code  0x08008dc4    0xd4  DblAdd.o [4]
  .text               ro code  0x08008e98     0x2  xtls.o [3]
  .text               ro code  0x08008e9c  0x10ec  stm32f4xx_hal_sd.o [1]
  .text               ro code  0x08009f88    0xd0  stm32f4xx_ll_sdmmc.o [1]
  .text               ro code  0x0800a058   0xdd8  main.o [1]
  .text               ro code  0x0800ae30   0x94c  stm32f4xx_hal_uart.o [1]
  .text               ro code  0x0800b77c    0x54  ff_gen_drv.o [1]
  .text               ro code  0x0800b7d0     0x8  atoi.o [3]
  .text               ro code  0x0800b7d8    0x34  sprintf.o [3]
  .text               ro code  0x0800b80c   0x5ec  stm32f4xx_hal_rtc.o [1]
  .text               ro code  0x0800bdf8   0x48c  stm32f4xx_hal_adc.o [1]
  .text               ro code  0x0800c284   0x174  stm32f4xx_hal_rcc_ex.o [1]
  .text               ro code  0x0800c3f8   0x11e  stm32f4xx_hal_pcd.o [1]
  .text               ro code  0x0800c518   0x198  xstoul.o [3]
  .text               ro code  0x0800c6b0   0x324  stm32f4xx_ll_usb.o [1]
  .text               ro code  0x0800c9d4    0x14  isxxx.o [3]
  .text               ro code  0x0800c9e8    0x14  tolower.o [3]
  .text               ro code  0x0800c9fc     0xc  errno.o [3]
  .text               ro code  0x0800ca08    0x14  xlocale_c.o [3]
  .text               ro code  0x0800ca1c     0xc  xlocale_c.o [3]
  .rodata             const    0x0800ca28   0x1e0  ccsbcs.o [1]
  .rodata             const    0x0800cc08   0x1e0  ccsbcs.o [1]
  .text               ro code  0x0800cde8   0x114  sd_diskio.o [1]
  .text               ro code  0x0800cefc    0xb0  bsp_driver_sd.o [1]
  .rodata             const    0x0800cfac   0x100  ccsbcs.o [1]
  .text               ro code  0x0800d0ac    0xd2  packbits_init.o [5]
  .rodata             const    0x0800d180    0x80  ff.o [1]
  .text               ro code  0x0800d200    0x6c  system_stm32f4xx.o [1]
  .text               ro code  0x0800d26c    0x28  stm32f4xx_it.o [1]
  .text               ro code  0x0800d294    0x28  data_init.o [5]
  .iar.init_table     const    0x0800d2bc    0x2c  - Linker created -
  .text               ro code  0x0800d2e8    0x1a  fpinit_M.o [4]
  .text               ro code  0x0800d304    0x1a  cmain.o [5]
  .text               ro code  0x0800d31e     0x4  low_level_init.o [3]
  .text               ro code  0x0800d322     0x4  exit.o [3]
  .text               ro code  0x0800d328     0xa  cexit.o [5]
  .rodata             const    0x0800d334    0x18  main.o [1]
  .rodata             const    0x0800d34c    0x10  ff.o [1]
  .rodata             const    0x0800d35c    0x10  main.o [1]
  .rodata             const    0x0800d36c    0x10  stm32f4xx_hal_rcc.o [1]
  .text               ro code  0x0800d37c    0x10  startup_stm32f407xx.o [1]
  .rodata             const    0x0800d38c     0xc  ff.o [1]
  .rodata             const    0x0800d398     0xc  main.o [1]
  .text               ro code  0x0800d3a4     0xc  cstartup_M.o [5]
  .rodata             const    0x0800d3b0     0x8  ff.o [1]
  .rodata             const    0x0800d3b8     0x8  main.o [1]
  .rodata             const    0x0800d3c0     0x8  main.o [1]
  .text               ro code  0x0800d3c8     0x4  startup_stm32f407xx.o [1]
  .text               ro code  0x0800d3cc     0x4  startup_stm32f407xx.o [1]
  .text               ro code  0x0800d3d0     0x4  startup_stm32f407xx.o [1]
  .text               ro code  0x0800d3d4     0x4  startup_stm32f407xx.o [1]
  .text               ro code  0x0800d3d8     0x4  startup_stm32f407xx.o [1]
  .text               ro code  0x0800d3dc     0x4  startup_stm32f407xx.o [1]
  .text               ro code  0x0800d3e0     0x4  startup_stm32f407xx.o [1]
  .text               ro code  0x0800d3e4     0x4  startup_stm32f407xx.o [1]
  .text               ro code  0x0800d3e8     0x4  startup_stm32f407xx.o [1]
  .text               ro code  0x0800d3ec     0x4  startup_stm32f407xx.o [1]
  .text               ro code  0x0800d3f0     0x4  startup_stm32f407xx.o [1]
  .text               ro code  0x0800d3f4     0x4  startup_stm32f407xx.o [1]
  .text               ro code  0x0800d3f8     0x4  startup_stm32f407xx.o [1]
  .text               ro code  0x0800d3fc     0x4  startup_stm32f407xx.o [1]
  .text               ro code  0x0800d400     0x4  startup_stm32f407xx.o [1]
  .text               ro code  0x0800d404     0x4  startup_stm32f407xx.o [1]
  .text               ro code  0x0800d408     0x4  startup_stm32f407xx.o [1]
  .text               ro code  0x0800d40c     0x4  startup_stm32f407xx.o [1]
  .text               ro code  0x0800d410     0x4  startup_stm32f407xx.o [1]
  .text               ro code  0x0800d414     0x4  startup_stm32f407xx.o [1]
  .text               ro code  0x0800d418     0x4  startup_stm32f407xx.o [1]
  .text               ro code  0x0800d41c     0x4  startup_stm32f407xx.o [1]
  .text               ro code  0x0800d420     0x4  startup_stm32f407xx.o [1]
  .text               ro code  0x0800d424     0x4  startup_stm32f407xx.o [1]
  .text               ro code  0x0800d428     0x4  startup_stm32f407xx.o [1]
  .text               ro code  0x0800d42c     0x4  startup_stm32f407xx.o [1]
  .text               ro code  0x0800d430     0x4  startup_stm32f407xx.o [1]
  .text               ro code  0x0800d434     0x4  startup_stm32f407xx.o [1]
  .text               ro code  0x0800d438     0x4  startup_stm32f407xx.o [1]
  .text               ro code  0x0800d43c     0x4  startup_stm32f407xx.o [1]
  .text               ro code  0x0800d440     0x4  startup_stm32f407xx.o [1]
  .text               ro code  0x0800d444     0x4  startup_stm32f407xx.o [1]
  .text               ro code  0x0800d448     0x4  startup_stm32f407xx.o [1]
  .text               ro code  0x0800d44c     0x4  startup_stm32f407xx.o [1]
  .text               ro code  0x0800d450     0x4  startup_stm32f407xx.o [1]
  .text               ro code  0x0800d454     0x4  startup_stm32f407xx.o [1]
  .text               ro code  0x0800d458     0x4  startup_stm32f407xx.o [1]
  .text               ro code  0x0800d45c     0x4  startup_stm32f407xx.o [1]
  .text               ro code  0x0800d460     0x4  startup_stm32f407xx.o [1]
  .text               ro code  0x0800d464     0x4  startup_stm32f407xx.o [1]
  .text               ro code  0x0800d468     0x4  startup_stm32f407xx.o [1]
  .text               ro code  0x0800d46c     0x4  startup_stm32f407xx.o [1]
  .text               ro code  0x0800d470     0x4  startup_stm32f407xx.o [1]
  .text               ro code  0x0800d474     0x4  startup_stm32f407xx.o [1]
  .text               ro code  0x0800d478     0x4  startup_stm32f407xx.o [1]
  .text               ro code  0x0800d47c     0x4  startup_stm32f407xx.o [1]
  .text               ro code  0x0800d480     0x4  startup_stm32f407xx.o [1]
  .text               ro code  0x0800d484     0x4  startup_stm32f407xx.o [1]
  .text               ro code  0x0800d488     0x4  startup_stm32f407xx.o [1]
  .text               ro code  0x0800d48c     0x4  startup_stm32f407xx.o [1]
  .text               ro code  0x0800d490     0x4  startup_stm32f407xx.o [1]
  .text               ro code  0x0800d494     0x4  startup_stm32f407xx.o [1]
  .text               ro code  0x0800d498     0x4  startup_stm32f407xx.o [1]
  .text               ro code  0x0800d49c     0x4  startup_stm32f407xx.o [1]
  .text               ro code  0x0800d4a0     0x4  startup_stm32f407xx.o [1]
  .text               ro code  0x0800d4a4     0x4  startup_stm32f407xx.o [1]
  .text               ro code  0x0800d4a8     0x4  startup_stm32f407xx.o [1]
  .text               ro code  0x0800d4ac     0x4  startup_stm32f407xx.o [1]
  .text               ro code  0x0800d4b0     0x4  startup_stm32f407xx.o [1]
  .text               ro code  0x0800d4b4     0x4  startup_stm32f407xx.o [1]
  .text               ro code  0x0800d4b8     0x4  startup_stm32f407xx.o [1]
  .text               ro code  0x0800d4bc     0x4  startup_stm32f407xx.o [1]
  .text               ro code  0x0800d4c0     0x4  startup_stm32f407xx.o [1]
  .text               ro code  0x0800d4c4     0x4  startup_stm32f407xx.o [1]
  .text               ro code  0x0800d4c8     0x4  startup_stm32f407xx.o [1]
  .text               ro code  0x0800d4cc     0x4  startup_stm32f407xx.o [1]
  .text               ro code  0x0800d4d0     0x4  startup_stm32f407xx.o [1]
  .text               ro code  0x0800d4d4     0x4  startup_stm32f407xx.o [1]
  .text               ro code  0x0800d4d8     0x4  startup_stm32f407xx.o [1]
  .text               ro code  0x0800d4dc     0x4  startup_stm32f407xx.o [1]
  .text               ro code  0x0800d4e0     0x4  startup_stm32f407xx.o [1]
  .text               ro code  0x0800d4e4     0x4  startup_stm32f407xx.o [1]
  .text               ro code  0x0800d4e8     0x4  startup_stm32f407xx.o [1]
  .text               ro code  0x0800d4ec     0x4  startup_stm32f407xx.o [1]
  .text               ro code  0x0800d4f0     0x4  startup_stm32f407xx.o [1]
  .text               ro code  0x0800d4f4     0x4  startup_stm32f407xx.o [1]
  .text               ro code  0x0800d4f8     0x4  startup_stm32f407xx.o [1]
  .text               ro code  0x0800d4fc     0x4  startup_stm32f407xx.o [1]
  .text               ro code  0x0800d500     0x4  startup_stm32f407xx.o [1]
  .text               ro code  0x0800d504     0x4  startup_stm32f407xx.o [1]
  .text               ro code  0x0800d508     0x4  startup_stm32f407xx.o [1]
  .text               ro code  0x0800d50c     0x4  startup_stm32f407xx.o [1]
  .text               ro code  0x0800d510     0x4  startup_stm32f407xx.o [1]
  .text               ro code  0x0800d514     0x4  startup_stm32f407xx.o [1]
  .text               ro code  0x0800d518     0x4  startup_stm32f407xx.o [1]
  .text               ro code  0x0800d51c     0x4  startup_stm32f407xx.o [1]
  .text               ro code  0x0800d520     0x4  startup_stm32f407xx.o [1]
  .rodata             const    0x0800d524     0x0  zero_init3.o [5]
  .rodata             const    0x0800d524     0x0  packbits_init.o [5]
  Initializer bytes   ro data  0x0800d524    0x2c  <for P2 s0>
                             - 0x0800d550  0xd3c8

"P2":                                      0xaf70
  P2 s0                        0x20000000   0x11d  <Init block>
    __DLIB_PERTHREAD  inited   0x20000000    0x88  localeconv.o [3]
    __DLIB_PERTHREAD  inited   0x20000088    0x74  setlocale.o [3]
    .data             inited   0x200000fc    0x14  sd_diskio.o [1]
    .data             inited   0x20000110     0x4  main.o [1]
    .data             inited   0x20000114     0x4  system_stm32f4xx.o [1]
    __DLIB_PERTHREAD  inited   0x20000118     0x4  errno.o [3]
    .data             inited   0x2000011c     0x1  sd_diskio.o [1]
  .bss                zero     0x20000120  0x2010  main.o [1]
  .bss                zero     0x20002130   0x3b4  main.o [1]
  .bss                zero     0x200024e4   0x230  main.o [1]
  .bss                zero     0x20002714   0x22c  main.o [1]
  .bss                zero     0x20002940   0x22c  main.o [1]
  .bss                zero     0x20002b6c   0x1d8  dlmalloc.o [3]
  .bss                zero     0x20002d44    0x60  main.o [1]
  .bss                zero     0x20002da4    0x44  main.o [1]
  .bss                zero     0x20002de8    0x58  main.o [1]
  .bss                zero     0x20002e40    0x50  main.o [1]
  .bss                zero     0x20002e90    0x40  main.o [1]
  .bss                zero     0x20002ed0    0x20  main.o [1]
  .bss                zero     0x20002ef0    0x18  ff.o [1]
  .bss                zero     0x20002f08    0x18  dlmalloc.o [3]
  .bss                zero     0x20002f20    0x14  main.o [1]
  .bss                zero     0x20002f34     0xc  ff_gen_drv.o [1]
  .bss                zero     0x20002f40     0x4  fatfs.o [1]
  .bss                zero     0x20002f44     0x4  ff.o [1]
  .bss                zero     0x20002f48     0x4  main.o [1]
  .bss                zero     0x20002f4c     0x4  main.o [1]
  .bss                zero     0x20002f50     0x4  main.o [1]
  .bss                zero     0x20002f54     0x4  main.o [1]
  .bss                zero     0x20002f58     0x4  main.o [1]
  .bss                zero     0x20002f5c     0x4  stm32f4xx_hal.o [1]
  .bss                zero     0x20002f60     0x4  xgetmemchunk.o [3]
  .bss                zero     0x20002f64     0x2  ff.o [1]
  .bss                zero     0x20002f66     0x2  main.o [1]
  .bss                zero     0x20002f68     0x2  main.o [1]
  .bss                zero     0x20002f6a     0x1  main.o [1]
  .bss                zero     0x20002f6b     0x1  main.o [1]
  .bss                zero     0x20002f6c     0x1  main.o [1]
  .bss                zero     0x20002f6d     0x1  main.o [1]
  CSTACK                       0x20002f70  0x4000  <Block>
    CSTACK            uninit   0x20002f70  0x4000  <Block tail>
  HEAP                         0x20006f70  0x4000  <Block>
    HEAP              uninit   0x20006f70  0x4000  <Block tail>
                             - 0x2000af70  0xaf70


*******************************************************************************
*** INIT TABLE
***

          Address     Size
          -------     ----
Zero (__iar_zero_init3)
    1 destination range, total size 0x2e4e:
          0x20000120  0x2e4e

Copy/packbits (__iar_packbits_init3)
    1 source range, total size 0x2c (15% of destination):
          0x0800d524    0x2c
    1 destination range, total size 0x11d:
          0x20000000   0x11d



*******************************************************************************
*** MODULE SUMMARY
***

    Module                  ro code  ro data  rw data
    ------                  -------  -------  -------
D:\REPOSITORY\GIT\mySniperLocator\EWARM\MySniperLocator Configuration\Obj: [1]
    bsp_driver_sd.o             176
    ccsbcs.o                    144    1 216
    diskio.o                    200
    fatfs.o                                         4
    ff.o                      8 642      164       30
    ff_gen_drv.o                 84                12
    main.o                    3 544       69   11 308
    sd_diskio.o                 276        4       21
    startup_stm32f407xx.o       756
    stm32f4xx_hal.o             148                 4
    stm32f4xx_hal_adc.o       1 164
    stm32f4xx_hal_cortex.o      326
    stm32f4xx_hal_dma.o      10 614
    stm32f4xx_hal_gpio.o        604
    stm32f4xx_hal_msp.o         564
    stm32f4xx_hal_pcd.o         286
    stm32f4xx_hal_rcc.o       1 892       16
    stm32f4xx_hal_rcc_ex.o      372
    stm32f4xx_hal_rtc.o       1 516
    stm32f4xx_hal_sd.o        4 332
    stm32f4xx_hal_uart.o      2 380
    stm32f4xx_it.o               40
    stm32f4xx_ll_sdmmc.o        208
    stm32f4xx_ll_usb.o          804
    syscall.o                    24
    system_stm32f4xx.o          108        1        4
    -------------------------------------------------
    Total:                   39 204    1 470   11 383

command line: [2]
    -------------------------------------------------
    Total:

dl7M_tlf.a: [3]
    abort.o                       6
    atoi.o                        8
    div.o                        14
    dlmalloc.o                5 376               496
    errno.o                      12                 4
    exit.o                        4
    isxxx.o                      20
    localeconv.o                108       20      136
    low_level_init.o              4
    setlocale.o                  36       18      116
    sprintf.o                    52
    tolower.o                    20
    xencoding_sb.o               96
    xgetmemchunk.o               44                 4
    xlocale_c.o                  32
    xmbcurmax.o                  10
    xmbtowc.o                    32
    xprintffull.o             4 430
    xsprout.o                    10
    xstoul.o                    408
    xtls.o                        2
    xwctomb.o                    26
    -------------------------------------------------
    Total:                   10 750       38      756

m7M_tlv.a: [4]
    DblAdd.o                    212
    DblCmpGe.o                   46
    DblCmpLe.o                   46
    DblDiv.o                    582
    DblMul.o                    418
    DblSub.o                    384
    DblToI32.o                   88
    I32ToDbl.o                   48
    fpinit_M.o                   26
    xdnorm.o                     66
    xdscale.o                   276
    -------------------------------------------------
    Total:                    2 192

rt7M_tl.a: [5]
    ABImemcpy_unaligned.o       118
    I64DivMod.o                 238
    I64DivZer.o                   2
    cexit.o                      10
    cmain.o                      26
    cstartup_M.o                 12
    data_init.o                  40
    memchr.o                     88
    packbits_init.o             210
    strchr.o                     22
    strlen.o                     54
    zero_init3.o                 34
    -------------------------------------------------
    Total:                      854

shb_l.a: [6]
    exit.o                       20
    -------------------------------------------------
    Total:                       20

    Gaps                         32        4        3
    Linker created                        44   32 768
-----------------------------------------------------
    Grand Total:             53 052    1 556   44 910


*******************************************************************************
*** ENTRY LIST
***

Entry                      Address    Size  Type      Object
-----                      -------    ----  ----      ------
?main                   0x0800d305          Code  Gb  cmain.o [5]
ADCConvValues           0x20000120  0x2010  Data  Gb  main.o [1]
ADC_DMAConvCplt         0x0800c235    0x24  Code  Lc  stm32f4xx_hal_adc.o [1]
ADC_DMAError            0x0800c269    0x1c  Code  Lc  stm32f4xx_hal_adc.o [1]
ADC_DMAHalfConvCplt     0x0800c259     0xe  Code  Lc  stm32f4xx_hal_adc.o [1]
ADC_Init                0x0800c0bb   0x166  Code  Lc  stm32f4xx_hal_adc.o [1]
APBAHBPrescTable        0x0800d36c    0x10  Data  Gb  stm32f4xx_hal_rcc.o [1]
BSP_SD_GetCardInfo      0x0800cf87     0xe  Code  Gb  bsp_driver_sd.o [1]
BSP_SD_GetStatus        0x0800cf7d     0xa  Code  Gb  bsp_driver_sd.o [1]
BSP_SD_Init             0x0800cefd    0x20  Code  Gb  bsp_driver_sd.o [1]
BSP_SD_IsDetected       0x0800cf9d    0x10  Code  Gb  bsp_driver_sd.o [1]
BSP_SD_ReadBlocks       0x0800cf1d    0x30  Code  Gb  bsp_driver_sd.o [1]
BSP_SD_WriteBlocks      0x0800cf4d    0x30  Code  Gb  bsp_driver_sd.o [1]
CSTACK$$Base            0x20002f70           --   Gb  - Linker created -
CSTACK$$Limit           0x20006f70           --   Gb  - Linker created -
DMA2_Stream0_IRQHandler
                        0x0800d279     0xa  Code  Gb  stm32f4xx_it.o [1]
DMA_SetConfig           0x08002ad1    0x2e  Code  Lc  stm32f4xx_hal_dma.o [1]
Error_HandlerADC        0x0800a131    0x52  Code  Lc  main.o [1]
Error_HandlerSD         0x0800a0b7    0x7a  Code  Lc  main.o [1]
Error_HandlerSync       0x0800a183    0x44  Code  Lc  main.o [1]
Error_Handler_UART      0x0800a1c7     0x4  Code  Lc  main.o [1]
ExCvt                   0x0800d180    0x80  Data  Lc  ff.o [1]
FATFS_LinkDriver        0x0800b77d    0x4e  Code  Gb  ff_gen_drv.o [1]
FatFs                   0x20002f44     0x4  Data  Lc  ff.o [1]
Files                   0x20002ef0    0x18  Data  Lc  ff.o [1]
Fsid                    0x20002f64     0x2  Data  Lc  ff.o [1]
HAL_ADC_ConfigChannel   0x0800bf37   0x184  Code  Gb  stm32f4xx_hal_adc.o [1]
HAL_ADC_ConvCpltCallback
                        0x0800abd9   0x156  Code  Gb  main.o [1]
HAL_ADC_ConvHalfCpltCallback
                        0x0800ab79    0x4e  Code  Gb  main.o [1]
HAL_ADC_ErrorCallback   0x0800bf35     0x2  Code  Wk  stm32f4xx_hal_adc.o [1]
HAL_ADC_Init            0x0800bdf9    0x48  Code  Gb  stm32f4xx_hal_adc.o [1]
HAL_ADC_MspInit         0x08002d1b    0x92  Code  Gb  stm32f4xx_hal_msp.o [1]
HAL_ADC_Start_DMA       0x0800be41    0xbc  Code  Gb  stm32f4xx_hal_adc.o [1]
HAL_ADC_Stop_DMA        0x0800befd    0x38  Code  Gb  stm32f4xx_hal_adc.o [1]
HAL_DMA_Abort           0x0800028f    0x54  Code  Gb  stm32f4xx_hal_dma.o [1]
HAL_DMA_IRQHandler      0x080002e5  0x2798  Code  Gb  stm32f4xx_hal_dma.o [1]
HAL_DMA_Init            0x08000189    0x7c  Code  Gb  stm32f4xx_hal_dma.o [1]
HAL_DMA_Start_IT        0x08000209    0x86  Code  Gb  stm32f4xx_hal_dma.o [1]
HAL_Delay               0x08002b91    0x1a  Code  Wk  stm32f4xx_hal.o [1]
HAL_GPIO_Init           0x0800369d   0x1f2  Code  Gb  stm32f4xx_hal_gpio.o [1]
HAL_GPIO_ReadPin        0x0800388f    0x18  Code  Gb  stm32f4xx_hal_gpio.o [1]
HAL_GPIO_WritePin       0x080038a7    0x14  Code  Gb  stm32f4xx_hal_gpio.o [1]
HAL_GetTick             0x08002b8b     0x6  Code  Wk  stm32f4xx_hal.o [1]
HAL_IncTick             0x08002b7f     0xc  Code  Wk  stm32f4xx_hal.o [1]
HAL_Init                0x08002b21    0x3a  Code  Gb  stm32f4xx_hal.o [1]
HAL_InitTick            0x08002b5b    0x24  Code  Wk  stm32f4xx_hal.o [1]
HAL_MspInit             0x08002d05    0x16  Code  Gb  stm32f4xx_hal_msp.o [1]
HAL_NVIC_EnableIRQ      0x08002cb7     0xe  Code  Gb  stm32f4xx_hal_cortex.o [1]
HAL_NVIC_SetPriority    0x08002c91    0x26  Code  Gb  stm32f4xx_hal_cortex.o [1]
HAL_NVIC_SetPriorityGrouping
                        0x08002c85     0xc  Code  Gb  stm32f4xx_hal_cortex.o [1]
HAL_PCD_Init            0x0800c3f9   0x11e  Code  Gb  stm32f4xx_hal_pcd.o [1]
HAL_PCD_MspInit         0x08002e97    0x6a  Code  Gb  stm32f4xx_hal_msp.o [1]
HAL_RCCEx_PeriphCLKConfig
                        0x0800c285   0x14c  Code  Gb  stm32f4xx_hal_rcc_ex.o [1]
HAL_RCC_ClockConfig     0x080032c9   0x284  Code  Gb  stm32f4xx_hal_rcc.o [1]
HAL_RCC_GetHCLKFreq     0x080035f1    0x28  Code  Gb  stm32f4xx_hal_rcc.o [1]
HAL_RCC_GetPCLK1Freq    0x08003619    0x20  Code  Gb  stm32f4xx_hal_rcc.o [1]
HAL_RCC_GetPCLK2Freq    0x08003639    0x20  Code  Gb  stm32f4xx_hal_rcc.o [1]
HAL_RCC_GetSysClockFreq
                        0x0800354d    0xa4  Code  Wk  stm32f4xx_hal_rcc.o [1]
HAL_RCC_OscConfig       0x08002f39   0x390  Code  Wk  stm32f4xx_hal_rcc.o [1]
HAL_RTC_GetDate         0x0800bb39    0x50  Code  Gb  stm32f4xx_hal_rtc.o [1]
HAL_RTC_GetTime         0x0800b9d9    0x5a  Code  Gb  stm32f4xx_hal_rtc.o [1]
HAL_RTC_Init            0x0800b80d    0xac  Code  Gb  stm32f4xx_hal_rtc.o [1]
HAL_RTC_MspInit         0x08002dad    0x10  Code  Gb  stm32f4xx_hal_msp.o [1]
HAL_RTC_SetAlarm        0x0800bb89   0x1c8  Code  Gb  stm32f4xx_hal_rtc.o [1]
HAL_RTC_SetDate         0x0800ba33   0x106  Code  Gb  stm32f4xx_hal_rtc.o [1]
HAL_RTC_SetTime         0x0800b8b9   0x120  Code  Gb  stm32f4xx_hal_rtc.o [1]
HAL_RTC_WaitForSynchro  0x0800bd5d    0x34  Code  Gb  stm32f4xx_hal_rtc.o [1]
HAL_SD_GetStatus        0x080097b3    0x26  Code  Gb  stm32f4xx_hal_sd.o [1]
HAL_SD_Get_CardInfo     0x0800941b   0x360  Code  Gb  stm32f4xx_hal_sd.o [1]
HAL_SD_Init             0x08008e9d    0xb6  Code  Gb  stm32f4xx_hal_sd.o [1]
HAL_SD_MspInit          0x08002dbd    0x64  Code  Gb  stm32f4xx_hal_msp.o [1]
HAL_SD_ReadBlocks       0x08008f53   0x212  Code  Gb  stm32f4xx_hal_sd.o [1]
HAL_SD_StopTransfer     0x0800977b    0x38  Code  Gb  stm32f4xx_hal_sd.o [1]
HAL_SD_WriteBlocks      0x08009165   0x2b6  Code  Gb  stm32f4xx_hal_sd.o [1]
HAL_SYSTICK_Callback    0x08002cf9     0x2  Code  Wk  stm32f4xx_hal_cortex.o [1]
HAL_SYSTICK_Config      0x08002cc5     0xc  Code  Gb  stm32f4xx_hal_cortex.o [1]
HAL_SYSTICK_IRQHandler  0x08002cf1     0x8  Code  Gb  stm32f4xx_hal_cortex.o [1]
HAL_UART_ErrorCallback  0x0800b30d     0x2  Code  Wk  stm32f4xx_hal_uart.o [1]
HAL_UART_IRQHandler     0x0800b1b3   0x158  Code  Gb  stm32f4xx_hal_uart.o [1]
HAL_UART_Init           0x0800ae31    0x70  Code  Gb  stm32f4xx_hal_uart.o [1]
HAL_UART_MspInit        0x08002e21    0x76  Code  Gb  stm32f4xx_hal_msp.o [1]
HAL_UART_Receive        0x0800af9d   0x106  Code  Gb  stm32f4xx_hal_uart.o [1]
HAL_UART_Receive_IT     0x0800b12b    0x88  Code  Gb  stm32f4xx_hal_uart.o [1]
HAL_UART_RxCpltCallback
                        0x0800ad2f    0x54  Code  Gb  main.o [1]
HAL_UART_Transmit       0x0800aea1    0xfc  Code  Gb  stm32f4xx_hal_uart.o [1]
HAL_UART_Transmit_IT    0x0800b0a3    0x88  Code  Gb  stm32f4xx_hal_uart.o [1]
HAL_UART_TxCpltCallback
                        0x0800b30b     0x2  Code  Wk  stm32f4xx_hal_uart.o [1]
HEAP$$Base              0x20006f70           --   Gb  - Linker created -
HEAP$$Limit             0x2000af70           --   Gb  - Linker created -
InStream_Read           0x0800d0ad    0x22  Code  Lc  packbits_init.o [5]
LfnOfs                  0x0800d34c    0x10  Data  Lc  ff.o [1]
LoadInt                 0x080077a5    0x6e  Code  Lc  xprintffull.o [3]
MX_ADC1_Init            0x0800a6e3    0xae  Code  Lc  main.o [1]
MX_DMA_Init             0x0800a969    0x34  Code  Lc  main.o [1]
MX_GPIO_Init            0x0800a99d   0x1dc  Code  Lc  main.o [1]
MX_RTC_Init             0x0800a791    0xe6  Code  Lc  main.o [1]
MX_SDIO_SD_Init         0x0800a877    0x3c  Code  Lc  main.o [1]
MX_USART3_UART_Init     0x0800a8b3    0x50  Code  Lc  main.o [1]
MX_USB_OTG_FS_PCD_Init  0x0800a903    0x66  Code  Lc  main.o [1]
MyFile                  0x20002714   0x22c  Data  Gb  main.o [1]
MyFile_time             0x20002940   0x22c  Data  Gb  main.o [1]
NVIC_EnableIRQ          0x08002bdd    0x14  Code  Lc  stm32f4xx_hal_cortex.o [1]
NVIC_EncodePriority     0x08002c17    0x3e  Code  Lc  stm32f4xx_hal_cortex.o [1]
NVIC_GetPriorityGrouping
                        0x08002bd3     0xa  Code  Lc  stm32f4xx_hal_cortex.o [1]
NVIC_SetPriority        0x08002bf1    0x26  Code  Lc  stm32f4xx_hal_cortex.o [1]
NVIC_SetPriorityGrouping
                        0x08002bb5    0x1e  Code  Lc  stm32f4xx_hal_cortex.o [1]
NVIC_SystemReset        0x0800a059    0x20  Code  Lc  main.o [1]
RTC_Bcd2ToByte          0x0800bddf    0x1a  Code  Gb  stm32f4xx_hal_rtc.o [1]
RTC_ByteToBcd2          0x0800bdc9    0x16  Code  Gb  stm32f4xx_hal_rtc.o [1]
RTC_EnterInitMode       0x0800bd91    0x38  Code  Gb  stm32f4xx_hal_rtc.o [1]
Region$$Table$$Base     0x0800d2bc           --   Gb  - Linker created -
Region$$Table$$Limit    0x0800d2e8           --   Gb  - Linker created -
SDCardInfo              0x20002de8    0x58  Data  Gb  main.o [1]
SDFatFs                 0x200024e4   0x230  Data  Gb  main.o [1]
SDIO_DataConfig         0x0800a021    0x2e  Code  Gb  stm32f4xx_ll_sdmmc.o [1]
SDIO_GetCommandResponse
                        0x0800a005     0x6  Code  Gb  stm32f4xx_ll_sdmmc.o [1]
SDIO_GetPowerState      0x08009fd3     0x8  Code  Gb  stm32f4xx_ll_sdmmc.o [1]
SDIO_GetResponse        0x0800a00b    0x16  Code  Gb  stm32f4xx_ll_sdmmc.o [1]
SDIO_Init               0x08009f89    0x2e  Code  Gb  stm32f4xx_ll_sdmmc.o [1]
SDIO_PowerState_ON      0x08009fc9     0xa  Code  Gb  stm32f4xx_ll_sdmmc.o [1]
SDIO_ReadFIFO           0x08009fb7     0x6  Code  Gb  stm32f4xx_ll_sdmmc.o [1]
SDIO_SendCommand        0x08009fdb    0x2a  Code  Gb  stm32f4xx_ll_sdmmc.o [1]
SDIO_WriteFIFO          0x08009fbd     0xc  Code  Gb  stm32f4xx_ll_sdmmc.o [1]
SD_CmdError             0x08009b25    0x4a  Code  Lc  stm32f4xx_hal_sd.o [1]
SD_CmdResp1Error        0x08009be3   0x114  Code  Lc  stm32f4xx_hal_sd.o [1]
SD_CmdResp2Error        0x08009d29    0x46  Code  Lc  stm32f4xx_hal_sd.o [1]
SD_CmdResp3Error        0x08009cf9    0x30  Code  Lc  stm32f4xx_hal_sd.o [1]
SD_CmdResp6Error        0x08009d6f    0xa4  Code  Lc  stm32f4xx_hal_sd.o [1]
SD_CmdResp7Error        0x08009b6f    0x74  Code  Lc  stm32f4xx_hal_sd.o [1]
SD_Driver               0x200000fc    0x14  Data  Gb  sd_diskio.o [1]
SD_GetState             0x080097d9    0x24  Code  Lc  stm32f4xx_hal_sd.o [1]
SD_Initialize_Cards     0x080097fd   0x118  Code  Lc  stm32f4xx_hal_sd.o [1]
SD_IsCardProgramming    0x08009e13   0x16a  Code  Lc  stm32f4xx_hal_sd.o [1]
SD_Path                 0x20002f40     0x4  Data  Gb  fatfs.o [1]
SD_PowerON              0x0800994f   0x176  Code  Lc  stm32f4xx_hal_sd.o [1]
SD_Select_Deselect      0x08009915    0x3a  Code  Lc  stm32f4xx_hal_sd.o [1]
SD_SendStatus           0x08009ac7    0x5e  Code  Lc  stm32f4xx_hal_sd.o [1]
SD_initialize           0x0800cde9    0x22  Code  Gb  sd_diskio.o [1]
SD_ioctl                0x0800ce91    0x68  Code  Gb  sd_diskio.o [1]
SD_read                 0x0800ce2d    0x32  Code  Gb  sd_diskio.o [1]
SD_status               0x0800ce0b    0x22  Code  Gb  sd_diskio.o [1]
SD_write                0x0800ce5f    0x32  Code  Gb  sd_diskio.o [1]
Stat                    0x2000011c     0x1  Data  Lc  sd_diskio.o [1]
SysTick_Config          0x08002c55    0x30  Code  Lc  stm32f4xx_hal_cortex.o [1]
SysTick_Handler         0x0800d26d     0xc  Code  Gb  stm32f4xx_it.o [1]
SystemClock_Config      0x0800a641    0xa2  Code  Gb  main.o [1]
SystemCoreClock         0x20000114     0x4  Data  Gb  system_stm32f4xx.o [1]
SystemInit              0x0800d201    0x4c  Code  Gb  system_stm32f4xx.o [1]
Tbl                     0x0800cfac   0x100  Data  Lc  ccsbcs.o [1]
UART_EndTransmit_IT     0x0800b46b    0x48  Code  Lc  stm32f4xx_hal_uart.o [1]
UART_Receive_IT         0x0800b4b3    0xc4  Code  Lc  stm32f4xx_hal_uart.o [1]
UART_SetConfig          0x0800b577   0x1f8  Code  Lc  stm32f4xx_hal_uart.o [1]
UART_Transmit_IT        0x0800b3f1    0x7a  Code  Lc  stm32f4xx_hal_uart.o [1]
UART_WaitOnFlagUntilTimeout
                        0x0800b30f    0xe2  Code  Lc  stm32f4xx_hal_uart.o [1]
USART3_IRQHandler       0x0800d283     0xa  Code  Gb  stm32f4xx_it.o [1]
USB_CoreInit            0x0800c6b1    0x6e  Code  Gb  stm32f4xx_ll_usb.o [1]
USB_CoreReset           0x0800c98f    0x38  Code  Lc  stm32f4xx_ll_usb.o [1]
USB_DevDisconnect       0x0800c971    0x1e  Code  Gb  stm32f4xx_ll_usb.o [1]
USB_DevInit             0x0800c763   0x1b0  Code  Gb  stm32f4xx_ll_usb.o [1]
USB_DisableGlobalInt    0x0800c71f     0xe  Code  Gb  stm32f4xx_ll_usb.o [1]
USB_FlushRxFifo         0x0800c937    0x20  Code  Gb  stm32f4xx_ll_usb.o [1]
USB_FlushTxFifo         0x0800c913    0x24  Code  Gb  stm32f4xx_ll_usb.o [1]
USB_SetCurrentMode      0x0800c72d    0x36  Code  Gb  stm32f4xx_ll_usb.o [1]
USB_SetDevSpeed         0x0800c957    0x16  Code  Gb  stm32f4xx_ll_usb.o [1]
_EncodingSb_Mbtowc      0x08008d7b    0x30  Code  Gb  xencoding_sb.o [3]
_EncodingSb_Wctomb      0x08008d61    0x1a  Code  Gb  xencoding_sb.o [3]
_GenldFull              0x0800802f   0x24c  Code  Lc  xprintffull.o [3]
_IsdstStr               0x2000008c     0x4  Data  Gb  setlocale.o [3]
_LdtobFull              0x08007c2d   0x3fc  Code  Lc  xprintffull.o [3]
_LitobFull              0x08007b25   0x106  Code  Lc  xprintffull.o [3]
_LocaleC_isspace        0x0800ca09    0x14  Code  Gb  xlocale_c.o [3]
_LocaleC_tolower        0x0800ca1d     0xc  Code  Gb  xlocale_c.o [3]
_LocaleEncoding         0x08008d4f     0xe  Code  Gb  setlocale.o [3]
_LocaleForCat           0x08008d3d    0x12  Code  Gb  setlocale.o [3]
_LocaleReturnString     0x200000ac    0x50  Data  Lc  setlocale.o [3]
_Locale_Profile         0x20000090    0x1c  Data  Gb  setlocale.o [3]
_Locale_aeabi_lconv     0x20000050    0x38  Data  Gb  localeconv.o [3]
_Locale_lconv           0x20000000    0x50  Data  Gb  localeconv.o [3]
_Mbtowc                 0x080082c3    0x20  Code  Gb  xmbtowc.o [3]
_PrintfFull             0x08007175   0x618  Code  Gb  xprintffull.o [3]
_PutcharsFull           0x0800827b    0x2e  Code  Lc  xprintffull.o [3]
_PutstrFull             0x08007813   0x30c  Code  Lc  xprintffull.o [3]
_SProut                 0x08002cfb     0xa  Code  Gb  xsprout.o [3]
_TzoneStr               0x20000088     0x4  Data  Gb  setlocale.o [3]
_Wctomb                 0x08008397    0x1a  Code  Gb  xwctomb.o [3]
__aeabi_cdcmple         0x08008559          Code  Gb  DblCmpLe.o [4]
__aeabi_cdrcmple        0x08008589          Code  Gb  DblCmpGe.o [4]
__aeabi_d2iz            0x080086cd          Code  Gb  DblToI32.o [4]
__aeabi_d2uiz           0x080086f9          Code  Gb  DblToI32.o [4]
__aeabi_ddiv            0x08008a79          Code  Gb  DblDiv.o [4]
__aeabi_dmul            0x080088d5          Code  Gb  DblMul.o [4]
__aeabi_dsub            0x08008755          Code  Gb  DblSub.o [4]
__aeabi_errno_addr      0x0800c9fd     0x6  Code  Gb  errno.o [3]
__aeabi_i2d             0x08008725          Code  Gb  I32ToDbl.o [4]
__aeabi_ldiv0           0x08008dc1          Code  Gb  I64DivZer.o [5]
__aeabi_ui2d            0x08008739          Code  Gb  I32ToDbl.o [4]
__aeabi_uldivmod        0x08008429          Code  Gb  I64DivMod.o [5]
__as_entries_start      0xffffffff           --   Gb  command line/config [2]
__as_table_start        0xffffffff           --   Gb  command line/config [2]
__cmain                 0x0800d305          Code  Gb  cmain.o [5]
__data_GetMemChunk      0x08007135    0x2c  Code  Gb  xgetmemchunk.o [3]
__exit                  0x08007161    0x14  Code  Gb  exit.o [6]
__iar_Dnorm             0x08008517    0x42  Code  Gb  xdnorm.o [4]
__iar_Dscale            0x080085b9   0x114  Code  Gb  xdscale.o [4]
__iar_Errno             0x20000118     0x4  Data  Gb  errno.o [3]
__iar_Locale_lconv_init
                        0x08008cc1    0x3a  Code  Gb  localeconv.o [3]
__iar_Mbcurmax          0x0800838d     0xa  Code  Gb  xmbcurmax.o [3]
__iar_Memchr            0x08008335          Code  Gb  memchr.o [5]
__iar_Stoul             0x0800c65d     0x4  Code  Gb  xstoul.o [3]
__iar_Stoulx            0x0800c519   0x13e  Code  Gb  xstoul.o [3]
__iar_Strchr            0x080082e5          Code  Gb  strchr.o [5]
__iar_d2uiz             0x08008705          Code  Gb  DblToI32.o [4]
__iar_dadd              0x08008dc5          Code  Gb  DblAdd.o [4]
__iar_data_init3        0x0800d295    0x28  Code  Gb  data_init.o [5]
__iar_dlfree            0x08006c15   0x510  Code  Gb  dlmalloc.o [3]
__iar_dlib_perthread_access
                        0x08008e99     0x2  Code  Gb  xtls.o [3]
__iar_dlmalloc          0x0800695f   0x2aa  Code  Gb  dlmalloc.o [3]
__iar_dsub              0x08008769          Code  Gb  DblSub.o [4]
__iar_dsubStart         0x0800877b          Code  Gb  DblSub.o [4]
__iar_gm_               0x20002b6c   0x1d8  Data  Gb  dlmalloc.o [3]
__iar_init_vfp          0x0800d2e9          Code  Gb  fpinit_M.o [4]
__iar_packbits_init3    0x0800d0cf    0xb0  Code  Gb  packbits_init.o [5]
__iar_program_start     0x0800d3a5          Code  Gb  cstartup_M.o [5]
__iar_ui2d              0x0800873d          Code  Gb  I32ToDbl.o [4]
__iar_unaligned___aeabi_memcpy
                        0x080083b1          Code  Gb  ABImemcpy_unaligned.o [5]
__iar_unaligned___aeabi_memcpy4
                        0x080083d1          Code  Gb  ABImemcpy_unaligned.o [5]
__iar_unaligned___aeabi_memcpy8
                        0x080083d1          Code  Gb  ABImemcpy_unaligned.o [5]
__iar_zero_init3        0x08002aff    0x22  Code  Gb  zero_init3.o [5]
__low_level_init        0x0800d31f     0x4  Code  Gb  low_level_init.o [3]
__vector_table          0x08000000          Data  Gb  startup_stm32f407xx.o [1]
_call_main              0x0800d311          Code  Gb  cmain.o [5]
_exit                   0x0800d329          Code  Gb  cexit.o [5]
_main                   0x0800d31b          Code  Gb  cmain.o [5]
aRxBuffer               0x20002f68     0x2  Data  Gb  main.o [1]
aTxBuffer               0x20002f66     0x2  Data  Gb  main.o [1]
abort                   0x0800712d     0x6  Code  Gb  abort.o [3]
atoi                    0x0800b7d1     0x8  Code  Gb  atoi.o [3]
bytesread               0x20002f50     0x4  Data  Gb  main.o [1]
byteswritten            0x20002f4c     0x4  Data  Gb  main.o [1]
check_fs                0x08004cdb    0x82  Code  Lc  ff.o [1]
chk_chr                 0x0800394f    0x14  Code  Lc  ff.o [1]
chk_lock                0x08003963    0x9a  Code  Lc  ff.o [1]
clear_lock              0x08003b75    0x30  Code  Lc  ff.o [1]
clmt_clust              0x0800413d    0x3e  Code  Lc  ff.o [1]
clust2sect              0x08003d2d    0x20  Code  Gb  ff.o [1]
cmp_lfn                 0x0800447f    0x9e  Code  Lc  ff.o [1]
countData               0x20002f54     0x4  Data  Gb  main.o [1]
count_power             0x20002f48     0x4  Data  Gb  main.o [1]
create_chain            0x0800403f    0xfe  Code  Lc  ff.o [1]
create_name             0x08004935   0x2ba  Code  Lc  ff.o [1]
dec_lock                0x08003b19    0x5c  Code  Lc  ff.o [1]
delay                   0x0800a079    0x12  Code  Lc  main.o [1]
digits                  0x0800c660    0x28  Data  Lc  xstoul.o [3]
dir_alloc               0x080043cf    0x6e  Code  Lc  ff.o [1]
dir_find                0x08004691   0x12e  Code  Lc  ff.o [1]
dir_next                0x08004257   0x178  Code  Lc  ff.o [1]
dir_register            0x080047bf   0x176  Code  Lc  ff.o [1]
dir_sdi                 0x0800417b    0xdc  Code  Lc  ff.o [1]
disk                    0x20002f34     0xc  Data  Gb  ff_gen_drv.o [1]
disk_initialize         0x08005abd    0x2e  Code  Gb  diskio.o [1]
disk_ioctl              0x08005b59    0x24  Code  Gb  diskio.o [1]
disk_read               0x08005b05    0x2a  Code  Gb  diskio.o [1]
disk_status             0x08005aeb    0x1a  Code  Gb  diskio.o [1]
disk_write              0x08005b2f    0x2a  Code  Gb  diskio.o [1]
div                     0x08008d2d     0xe  Code  Gb  div.o [3]
enq_lock                0x080039fd    0x28  Code  Lc  ff.o [1]
exit                    0x0800d323     0x4  Code  Gb  exit.o [3]
f_close                 0x08005a7f    0x3c  Code  Gb  ff.o [1]
f_mount                 0x080051f5    0x6a  Code  Gb  ff.o [1]
f_open                  0x08005281   0x224  Code  Gb  ff.o [1]
f_read                  0x080054a5   0x252  Code  Gb  ff.o [1]
f_sync                  0x080059a3    0xdc  Code  Gb  ff.o [1]
f_write                 0x080056f7   0x2ac  Code  Gb  ff.o [1]
ff_convert              0x08005b85    0x4e  Code  Gb  ccsbcs.o [1]
ff_memalloc             0x08005c15     0xc  Code  Gb  syscall.o [1]
ff_memfree              0x08005c21     0xc  Code  Gb  syscall.o [1]
ff_wtoupper             0x08005bd3    0x34  Code  Gb  ccsbcs.o [1]
file_writing            0x20002f6c     0x1  Data  Gb  main.o [1]
find_volume             0x08004d61   0x44a  Code  Lc  ff.o [1]
fit_lfn                 0x0800451d    0x86  Code  Lc  ff.o [1]
follow_path             0x08004bef    0x9c  Code  Lc  ff.o [1]
gen_numname             0x080045a9    0xca  Code  Lc  ff.o [1]
get_fat                 0x08003d4d   0x102  Code  Gb  ff.o [1]
get_fattime             0x08005b81     0x4  Code  Gb  diskio.o [1]
get_ldnumber            0x08004c8b    0x50  Code  Lc  ff.o [1]
hadc1                   0x20002da4    0x44  Data  Gb  main.o [1]
hdma_adc1               0x20002e40    0x50  Data  Gb  main.o [1]
hpcd_USB_OTG_FS         0x20002130   0x3b4  Data  Gb  main.o [1]
hrtc                    0x20002ed0    0x20  Data  Gb  main.o [1]
hsd                     0x20002d44    0x60  Data  Gb  main.o [1]
huart3                  0x20002e90    0x40  Data  Gb  main.o [1]
inc_lock                0x08003a25    0xf4  Code  Lc  ff.o [1]
init_mparams            0x08005c47    0x32  Code  Lc  dlmalloc.o [3]
init_top                0x08005c79    0x34  Code  Lc  dlmalloc.o [3]
isspace                 0x0800c9d5    0x14  Code  Gb  isxxx.o [3]
last                    0x20000110     0x4  Data  Gb  main.o [1]
ld_clust                0x0800443d    0x2a  Code  Lc  ff.o [1]
localeconv              0x08008cfb    0x16  Code  Gb  localeconv.o [3]
main                    0x0800a1cb   0x46c  Code  Gb  main.o [1]
mem_cmp                 0x0800392b    0x24  Code  Lc  ff.o [1]
mem_cpy                 0x080038f9    0x1c  Code  Lc  ff.o [1]
mem_set                 0x08003915    0x16  Code  Lc  ff.o [1]
memchr                  0x08008335          Code  Gb  memchr.o [5]
move_window             0x08003c07    0x3a  Code  Lc  ff.o [1]
mparams                 0x20002f08    0x18  Data  Lc  dlmalloc.o [3]
ndigs                   0x0800c688    0x28  Data  Lc  xstoul.o [3]
prepend_alloc           0x08005cad   0x36e  Code  Lc  dlmalloc.o [3]
put_fat                 0x08003e4f   0x16c  Code  Gb  ff.o [1]
remove_chain            0x08003fbb    0x84  Code  Lc  ff.o [1]
res                     0x20002f6a     0x1  Data  Gb  main.o [1]
res_uart                0x20002f6d     0x1  Data  Gb  main.o [1]
sDateNow                0x20002f58     0x4  Data  Gb  main.o [1]
sTimeNow                0x20002f20    0x14  Data  Gb  main.o [1]
segment_holding         0x08005c2d    0x1a  Code  Lc  dlmalloc.o [3]
send_ok                 0x0800a08b    0x2c  Code  Lc  main.o [1]
sprintf                 0x0800b7d9    0x34  Code  Gb  sprintf.o [3]
st_clust                0x08004467    0x18  Code  Lc  ff.o [1]
state                   0x20002f6b     0x1  Data  Gb  main.o [1]
strchr                  0x080082e5          Code  Gb  strchr.o [5]
strlen                  0x080082fd          Code  Gb  strlen.o [5]
sum_sfn                 0x08004673    0x1e  Code  Lc  ff.o [1]
sync_fs                 0x08003c41    0xec  Code  Lc  ff.o [1]
sync_window             0x08003ba5    0x62  Code  Lc  ff.o [1]
sys_alloc               0x0800601b   0x38c  Code  Lc  dlmalloc.o [3]
tmalloc_large           0x080063b5   0x39a  Code  Lc  dlmalloc.o [3]
tmalloc_small           0x0800674f   0x210  Code  Lc  dlmalloc.o [3]
tolower                 0x0800c9e9    0x14  Code  Gb  tolower.o [3]
uwTick                  0x20002f5c     0x4  Data  Lc  stm32f4xx_hal.o [1]
validate                0x080051ab    0x4a  Code  Lc  ff.o [1]


[1] = D:\REPOSITORY\GIT\mySniperLocator\EWARM\MySniperLocator Configuration\Obj
[2] = command line
[3] = dl7M_tlf.a
[4] = m7M_tlv.a
[5] = rt7M_tl.a
[6] = shb_l.a

  53 052 bytes of readonly  code memory
   1 556 bytes of readonly  data memory
  44 910 bytes of readwrite data memory

Errors: none
Warnings: none
