###############################################################################
#                                                                             #
# IAR ELF Linker V6.50.3.4676/W32 for ARM               27/Apr/2015  15:28:49 #
# Copyright 2007-2013 IAR Systems AB.                                         #
#                                                                             #
#    Output file  =  D:\REPOSITORY\GIT\mySniperLocator\EWARM\MySniperLocator  #
#                    Configuration\Exe\MySniperLocator Configuration.out      #
#    Map file     =  D:\REPOSITORY\GIT\mySniperLocator\EWARM\MySniperLocator  #
#                    Configuration/List\MySniperLocator Configuration.map     #
#    Command line =  "D:\REPOSITORY\GIT\mySniperLocator\EWARM\MySniperLocator #
#                     Configuration\Obj\bsp_driver_sd.o"                      #
#                    "D:\REPOSITORY\GIT\mySniperLocator\EWARM\MySniperLocator #
#                     Configuration\Obj\ccsbcs.o"                             #
#                    "D:\REPOSITORY\GIT\mySniperLocator\EWARM\MySniperLocator #
#                     Configuration\Obj\diskio.o"                             #
#                    "D:\REPOSITORY\GIT\mySniperLocator\EWARM\MySniperLocator #
#                     Configuration\Obj\fatfs.o"                              #
#                    "D:\REPOSITORY\GIT\mySniperLocator\EWARM\MySniperLocator #
#                     Configuration\Obj\ff.o" "D:\REPOSITORY\GIT\mySniperLoca #
#                    tor\EWARM\MySniperLocator Configuration\Obj\ff_gen_drv.o #
#                    " "D:\REPOSITORY\GIT\mySniperLocator\EWARM\MySniperLocat #
#                    or Configuration\Obj\main.o"                             #
#                    "D:\REPOSITORY\GIT\mySniperLocator\EWARM\MySniperLocator #
#                     Configuration\Obj\sd_diskio.o"                          #
#                    "D:\REPOSITORY\GIT\mySniperLocator\EWARM\MySniperLocator #
#                     Configuration\Obj\startup_stm32f407xx.o"                #
#                    "D:\REPOSITORY\GIT\mySniperLocator\EWARM\MySniperLocator #
#                     Configuration\Obj\stm32f4xx_hal.o"                      #
#                    "D:\REPOSITORY\GIT\mySniperLocator\EWARM\MySniperLocator #
#                     Configuration\Obj\stm32f4xx_hal_adc.o"                  #
#                    "D:\REPOSITORY\GIT\mySniperLocator\EWARM\MySniperLocator #
#                     Configuration\Obj\stm32f4xx_hal_adc_ex.o"               #
#                    "D:\REPOSITORY\GIT\mySniperLocator\EWARM\MySniperLocator #
#                     Configuration\Obj\stm32f4xx_hal_cortex.o"               #
#                    "D:\REPOSITORY\GIT\mySniperLocator\EWARM\MySniperLocator #
#                     Configuration\Obj\stm32f4xx_hal_dma.o"                  #
#                    "D:\REPOSITORY\GIT\mySniperLocator\EWARM\MySniperLocator #
#                     Configuration\Obj\stm32f4xx_hal_dma_ex.o"               #
#                    "D:\REPOSITORY\GIT\mySniperLocator\EWARM\MySniperLocator #
#                     Configuration\Obj\stm32f4xx_hal_flash.o"                #
#                    "D:\REPOSITORY\GIT\mySniperLocator\EWARM\MySniperLocator #
#                     Configuration\Obj\stm32f4xx_hal_flash_ex.o"             #
#                    "D:\REPOSITORY\GIT\mySniperLocator\EWARM\MySniperLocator #
#                     Configuration\Obj\stm32f4xx_hal_flash_ramfunc.o"        #
#                    "D:\REPOSITORY\GIT\mySniperLocator\EWARM\MySniperLocator #
#                     Configuration\Obj\stm32f4xx_hal_gpio.o"                 #
#                    "D:\REPOSITORY\GIT\mySniperLocator\EWARM\MySniperLocator #
#                     Configuration\Obj\stm32f4xx_hal_msp.o"                  #
#                    "D:\REPOSITORY\GIT\mySniperLocator\EWARM\MySniperLocator #
#                     Configuration\Obj\stm32f4xx_hal_pcd.o"                  #
#                    "D:\REPOSITORY\GIT\mySniperLocator\EWARM\MySniperLocator #
#                     Configuration\Obj\stm32f4xx_hal_pcd_ex.o"               #
#                    "D:\REPOSITORY\GIT\mySniperLocator\EWARM\MySniperLocator #
#                     Configuration\Obj\stm32f4xx_hal_pwr.o"                  #
#                    "D:\REPOSITORY\GIT\mySniperLocator\EWARM\MySniperLocator #
#                     Configuration\Obj\stm32f4xx_hal_pwr_ex.o"               #
#                    "D:\REPOSITORY\GIT\mySniperLocator\EWARM\MySniperLocator #
#                     Configuration\Obj\stm32f4xx_hal_rcc.o"                  #
#                    "D:\REPOSITORY\GIT\mySniperLocator\EWARM\MySniperLocator #
#                     Configuration\Obj\stm32f4xx_hal_rcc_ex.o"               #
#                    "D:\REPOSITORY\GIT\mySniperLocator\EWARM\MySniperLocator #
#                     Configuration\Obj\stm32f4xx_hal_rtc.o"                  #
#                    "D:\REPOSITORY\GIT\mySniperLocator\EWARM\MySniperLocator #
#                     Configuration\Obj\stm32f4xx_hal_rtc_ex.o"               #
#                    "D:\REPOSITORY\GIT\mySniperLocator\EWARM\MySniperLocator #
#                     Configuration\Obj\stm32f4xx_hal_sd.o"                   #
#                    "D:\REPOSITORY\GIT\mySniperLocator\EWARM\MySniperLocator #
#                     Configuration\Obj\stm32f4xx_hal_uart.o"                 #
#                    "D:\REPOSITORY\GIT\mySniperLocator\EWARM\MySniperLocator #
#                     Configuration\Obj\stm32f4xx_it.o"                       #
#                    "D:\REPOSITORY\GIT\mySniperLocator\EWARM\MySniperLocator #
#                     Configuration\Obj\stm32f4xx_ll_sdmmc.o"                 #
#                    "D:\REPOSITORY\GIT\mySniperLocator\EWARM\MySniperLocator #
#                     Configuration\Obj\stm32f4xx_ll_usb.o"                   #
#                    "D:\REPOSITORY\GIT\mySniperLocator\EWARM\MySniperLocator #
#                     Configuration\Obj\syscall.o"                            #
#                    "D:\REPOSITORY\GIT\mySniperLocator\EWARM\MySniperLocator #
#                     Configuration\Obj\system_stm32f4xx.o"                   #
#                    "D:\REPOSITORY\GIT\mySniperLocator\EWARM\MySniperLocator #
#                     Configuration\Obj\usb_device.o"                         #
#                    "D:\REPOSITORY\GIT\mySniperLocator\EWARM\MySniperLocator #
#                     Configuration\Obj\usbd_cdc.o"                           #
#                    "D:\REPOSITORY\GIT\mySniperLocator\EWARM\MySniperLocator #
#                     Configuration\Obj\usbd_cdc_if.o"                        #
#                    "D:\REPOSITORY\GIT\mySniperLocator\EWARM\MySniperLocator #
#                     Configuration\Obj\usbd_conf.o"                          #
#                    "D:\REPOSITORY\GIT\mySniperLocator\EWARM\MySniperLocator #
#                     Configuration\Obj\usbd_core.o"                          #
#                    "D:\REPOSITORY\GIT\mySniperLocator\EWARM\MySniperLocator #
#                     Configuration\Obj\usbd_ctlreq.o"                        #
#                    "D:\REPOSITORY\GIT\mySniperLocator\EWARM\MySniperLocator #
#                     Configuration\Obj\usbd_desc.o"                          #
#                    "D:\REPOSITORY\GIT\mySniperLocator\EWARM\MySniperLocator #
#                     Configuration\Obj\usbd_ioreq.o" --redirect              #
#                    _Printf=_PrintfFull --redirect _Scanf=_ScanfFull -o      #
#                    "D:\REPOSITORY\GIT\mySniperLocator\EWARM\MySniperLocator #
#                     Configuration\Exe\MySniperLocator Configuration.out"    #
#                    --map "D:\REPOSITORY\GIT\mySniperLocator\EWARM\MySniperL #
#                    ocator Configuration/List\MySniperLocator                #
#                    Configuration.map" --config                              #
#                    D:\REPOSITORY\GIT\mySniperLocator\EWARM\MySniperLocator. #
#                    icf --semihosting --entry __iar_program_start --vfe      #
#                                                                             #
#                                                                             #
###############################################################################

*******************************************************************************
*** RUNTIME MODEL ATTRIBUTES
***

CppFlavor       = *
__Heap_Handler  = DLMalloc
__SystemLibrary = DLib


*******************************************************************************
*** PLACEMENT SUMMARY
***

"A1":  place at 0x08000000 { ro section .intvec };
"P1":  place in [from 0x08000000 to 0x080fffff] { ro };
"P2":  place in [from 0x20000000 to 0x2001ffff] { rw, block CSTACK, block HEAP };

  Section            Kind        Address    Size  Object
  -------            ----        -------    ----  ------
"A1":                                      0x188
  .intvec            ro code  0x08000000   0x188  startup_stm32f407xx.o [1]
                            - 0x08000188   0x188

"P1":                                     0x9100
  .text              ro code  0x08000188  0x19fc  ff.o [1]
  .text              ro code  0x08001b84    0x66  ABImemset.o [5]
  .text              ro code  0x08001bea    0x22  zero_init3.o [5]
  .text              ro code  0x08001c0c    0x70  diskio.o [1]
  .text              ro code  0x08001c7c   0x514  ccsbcs.o [1]
  .text              ro code  0x08002190     0x8  syscall.o [1]
  .text              ro code  0x08002198  0x1510  dlmalloc.o [3]
  .text              ro code  0x080036a8     0x6  abort.o [3]
  .text              ro code  0x080036b0    0x2c  xgetmemchunk.o [3]
  .text              ro code  0x080036dc    0x14  exit.o [6]
  .text              ro code  0x080036f0   0xc36  stm32f4xx_hal_sd.o [1]
  .text              ro code  0x08004328   0x194  stm32f4xx_hal_msp.o [1]
  .text              ro code  0x080044bc    0x86  ABImemcpy.o [5]
  .text              ro code  0x08004544    0xb4  stm32f4xx_ll_sdmmc.o [1]
  .text              ro code  0x080045f8    0x84  stm32f4xx_hal.o [1]
  .text              ro code  0x0800467c    0xe2  stm32f4xx_hal_cortex.o [1]
  .text              ro code  0x08004760   0x1ec  stm32f4xx_hal_gpio.o [1]
  .text              ro code  0x0800494c   0xb42  stm32f4xx_hal_dma.o [1]
  .text              ro code  0x08005490   0x510  stm32f4xx_hal_rcc.o [1]
  .text              ro code  0x080059a0   0x8c0  stm32f4xx_ll_usb.o [1]
  .text              ro code  0x08006260   0x81c  main.o [1]
  .text              ro code  0x08006a7c   0x38c  stm32f4xx_hal_adc.o [1]
  .text              ro code  0x08006e08   0x570  stm32f4xx_hal_uart.o [1]
  .text              ro code  0x08007378    0x38  usb_device.o [1]
  .text              ro code  0x080073b0    0x38  ff_gen_drv.o [1]
  .text              ro code  0x080073e8   0x120  stm32f4xx_hal_rcc_ex.o [1]
  .text              ro code  0x08007508   0x4a0  stm32f4xx_hal_rtc.o [1]
  .text              ro code  0x080079a8   0x266  usbd_core.o [1]
  .text              ro code  0x08007c10   0x1ee  usbd_cdc.o [1]
  .text              ro code  0x08007e00   0x224  usbd_conf.o [1]
  .text              ro code  0x08008024   0x3c6  usbd_ctlreq.o [1]
  .text              ro code  0x080083ea    0x60  usbd_ioreq.o [1]
  .text              ro code  0x0800844a   0x720  stm32f4xx_hal_pcd.o [1]
  .text              ro code  0x08008b6a    0x44  stm32f4xx_hal_pcd_ex.o [1]
  .text              ro code  0x08008bae    0xd0  packbits_init.o [5]
  .text              ro code  0x08008c80    0xb0  usbd_desc.o [1]
  .text              ro code  0x08008d30    0xa8  sd_diskio.o [1]
  .text              ro code  0x08008dd8    0x64  bsp_driver_sd.o [1]
  .text              ro code  0x08008e3c    0x50  system_stm32f4xx.o [1]
  .text              ro code  0x08008e8c    0x34  usbd_cdc_if.o [1]
  .text              ro code  0x08008ec0    0x2c  stm32f4xx_it.o [1]
  .text              ro code  0x08008eec    0x28  data_init.o [5]
  .text              ro code  0x08008f14    0x22  fpinit_M.o [4]
  .iar.init_table    const    0x08008f38    0x2c  - Linker created -
  .text              ro code  0x08008f64    0x1a  cmain.o [5]
  .text              ro code  0x08008f7e     0x4  low_level_init.o [3]
  .text              ro code  0x08008f82     0x4  exit.o [3]
  .text              ro code  0x08008f88     0xa  cexit.o [5]
  .text              ro code  0x08008f94    0x10  startup_stm32f407xx.o [1]
  .text              ro code  0x08008fa4     0xc  cstartup_M.o [5]
  .text              ro code  0x08008fb0     0x4  startup_stm32f407xx.o [1]
  .text              ro code  0x08008fb4     0x4  startup_stm32f407xx.o [1]
  .text              ro code  0x08008fb8     0x4  startup_stm32f407xx.o [1]
  .text              ro code  0x08008fbc     0x4  startup_stm32f407xx.o [1]
  .text              ro code  0x08008fc0     0x4  startup_stm32f407xx.o [1]
  .text              ro code  0x08008fc4     0x4  startup_stm32f407xx.o [1]
  .text              ro code  0x08008fc8     0x4  startup_stm32f407xx.o [1]
  .text              ro code  0x08008fcc     0x4  startup_stm32f407xx.o [1]
  .text              ro code  0x08008fd0     0x4  startup_stm32f407xx.o [1]
  .text              ro code  0x08008fd4     0x4  startup_stm32f407xx.o [1]
  .text              ro code  0x08008fd8     0x4  startup_stm32f407xx.o [1]
  .text              ro code  0x08008fdc     0x4  startup_stm32f407xx.o [1]
  .text              ro code  0x08008fe0     0x4  startup_stm32f407xx.o [1]
  .text              ro code  0x08008fe4     0x4  startup_stm32f407xx.o [1]
  .text              ro code  0x08008fe8     0x4  startup_stm32f407xx.o [1]
  .text              ro code  0x08008fec     0x4  startup_stm32f407xx.o [1]
  .text              ro code  0x08008ff0     0x4  startup_stm32f407xx.o [1]
  .text              ro code  0x08008ff4     0x4  startup_stm32f407xx.o [1]
  .text              ro code  0x08008ff8     0x4  startup_stm32f407xx.o [1]
  .text              ro code  0x08008ffc     0x4  startup_stm32f407xx.o [1]
  .text              ro code  0x08009000     0x4  startup_stm32f407xx.o [1]
  .text              ro code  0x08009004     0x4  startup_stm32f407xx.o [1]
  .text              ro code  0x08009008     0x4  startup_stm32f407xx.o [1]
  .text              ro code  0x0800900c     0x4  startup_stm32f407xx.o [1]
  .text              ro code  0x08009010     0x4  startup_stm32f407xx.o [1]
  .text              ro code  0x08009014     0x4  startup_stm32f407xx.o [1]
  .text              ro code  0x08009018     0x4  startup_stm32f407xx.o [1]
  .text              ro code  0x0800901c     0x4  startup_stm32f407xx.o [1]
  .text              ro code  0x08009020     0x4  startup_stm32f407xx.o [1]
  .text              ro code  0x08009024     0x4  startup_stm32f407xx.o [1]
  .text              ro code  0x08009028     0x4  startup_stm32f407xx.o [1]
  .text              ro code  0x0800902c     0x4  startup_stm32f407xx.o [1]
  .text              ro code  0x08009030     0x4  startup_stm32f407xx.o [1]
  .text              ro code  0x08009034     0x4  startup_stm32f407xx.o [1]
  .text              ro code  0x08009038     0x4  startup_stm32f407xx.o [1]
  .text              ro code  0x0800903c     0x4  startup_stm32f407xx.o [1]
  .text              ro code  0x08009040     0x4  startup_stm32f407xx.o [1]
  .text              ro code  0x08009044     0x4  startup_stm32f407xx.o [1]
  .text              ro code  0x08009048     0x4  startup_stm32f407xx.o [1]
  .text              ro code  0x0800904c     0x4  startup_stm32f407xx.o [1]
  .text              ro code  0x08009050     0x4  startup_stm32f407xx.o [1]
  .text              ro code  0x08009054     0x4  startup_stm32f407xx.o [1]
  .text              ro code  0x08009058     0x4  startup_stm32f407xx.o [1]
  .text              ro code  0x0800905c     0x4  startup_stm32f407xx.o [1]
  .text              ro code  0x08009060     0x4  startup_stm32f407xx.o [1]
  .text              ro code  0x08009064     0x4  startup_stm32f407xx.o [1]
  .text              ro code  0x08009068     0x4  startup_stm32f407xx.o [1]
  .text              ro code  0x0800906c     0x4  startup_stm32f407xx.o [1]
  .text              ro code  0x08009070     0x4  startup_stm32f407xx.o [1]
  .text              ro code  0x08009074     0x4  startup_stm32f407xx.o [1]
  .text              ro code  0x08009078     0x4  startup_stm32f407xx.o [1]
  .text              ro code  0x0800907c     0x4  startup_stm32f407xx.o [1]
  .text              ro code  0x08009080     0x4  startup_stm32f407xx.o [1]
  .text              ro code  0x08009084     0x4  startup_stm32f407xx.o [1]
  .text              ro code  0x08009088     0x4  startup_stm32f407xx.o [1]
  .text              ro code  0x0800908c     0x4  startup_stm32f407xx.o [1]
  .text              ro code  0x08009090     0x4  startup_stm32f407xx.o [1]
  .text              ro code  0x08009094     0x4  startup_stm32f407xx.o [1]
  .text              ro code  0x08009098     0x4  startup_stm32f407xx.o [1]
  .text              ro code  0x0800909c     0x4  startup_stm32f407xx.o [1]
  .text              ro code  0x080090a0     0x4  startup_stm32f407xx.o [1]
  .text              ro code  0x080090a4     0x4  startup_stm32f407xx.o [1]
  .text              ro code  0x080090a8     0x4  startup_stm32f407xx.o [1]
  .text              ro code  0x080090ac     0x4  startup_stm32f407xx.o [1]
  .text              ro code  0x080090b0     0x4  startup_stm32f407xx.o [1]
  .text              ro code  0x080090b4     0x4  startup_stm32f407xx.o [1]
  .text              ro code  0x080090b8     0x4  startup_stm32f407xx.o [1]
  .text              ro code  0x080090bc     0x4  startup_stm32f407xx.o [1]
  .text              ro code  0x080090c0     0x4  startup_stm32f407xx.o [1]
  .text              ro code  0x080090c4     0x4  startup_stm32f407xx.o [1]
  .text              ro code  0x080090c8     0x4  startup_stm32f407xx.o [1]
  .text              ro code  0x080090cc     0x4  startup_stm32f407xx.o [1]
  .text              ro code  0x080090d0     0x4  startup_stm32f407xx.o [1]
  .text              ro code  0x080090d4     0x4  startup_stm32f407xx.o [1]
  .text              ro code  0x080090d8     0x4  startup_stm32f407xx.o [1]
  .text              ro code  0x080090dc     0x4  startup_stm32f407xx.o [1]
  .text              ro code  0x080090e0     0x4  startup_stm32f407xx.o [1]
  .text              ro code  0x080090e4     0x4  startup_stm32f407xx.o [1]
  .text              ro code  0x080090e8     0x4  startup_stm32f407xx.o [1]
  .text              ro code  0x080090ec     0x4  startup_stm32f407xx.o [1]
  .text              ro code  0x080090f0     0x4  startup_stm32f407xx.o [1]
  .text              ro code  0x080090f4     0x4  startup_stm32f407xx.o [1]
  .text              ro code  0x080090f8     0x4  startup_stm32f407xx.o [1]
  .text              ro code  0x080090fc     0x4  startup_stm32f407xx.o [1]
  .text              ro code  0x08009100     0x4  startup_stm32f407xx.o [1]
  .text              ro code  0x08009104     0x4  startup_stm32f407xx.o [1]
  .rodata            const    0x08009108     0x0  zero_init3.o [5]
  .rodata            const    0x08009108     0x0  packbits_init.o [5]
  Initializer bytes  ro data  0x08009108   0x17f  <for P2 s0>
                            - 0x08009287  0x90ff

"P2", part 1 of 3:                         0x420
  P2 s0                       0x20000000   0x41d  <Init block>
    .data            inited   0x20000000   0x2a0  main.o [1]
    .data            inited   0x200002a0    0x44  usbd_cdc.o [1]
    .data            inited   0x200002e4    0x44  usbd_cdc.o [1]
    .data            inited   0x20000328    0x44  usbd_cdc.o [1]
    .data            inited   0x2000036c    0x38  usbd_cdc.o [1]
    .data            inited   0x200003a4    0x1c  usbd_desc.o [1]
    .data            inited   0x200003c0    0x14  sd_diskio.o [1]
    .data            inited   0x200003d4    0x14  system_stm32f4xx.o [1]
    .data            inited   0x200003e8    0x14  usbd_desc.o [1]
    .data            inited   0x200003fc    0x10  usbd_cdc_if.o [1]
    .data            inited   0x2000040c     0xc  usbd_cdc.o [1]
    .data            inited   0x20000418     0x4  usbd_desc.o [1]
    .data            inited   0x2000041c     0x1  sd_diskio.o [1]
                            - 0x2000041d   0x41d

"P2", part 2 of 3:                        0x2ff0
  .bss               zero     0x20000420  0x22c4  main.o [1]
  .bss               zero     0x200026e4   0x3b4  usbd_conf.o [1]
  .bss               zero     0x20002a98   0x22c  main.o [1]
  .bss               zero     0x20002cc4   0x224  usb_device.o [1]
  .bss               zero     0x20002ee8   0x200  usbd_desc.o [1]
  .bss               zero     0x200030e8   0x1d8  dlmalloc.o [3]
  .bss               zero     0x200032c0    0x58  main.o [1]
  .bss               zero     0x20003318    0x50  main.o [1]
  .bss               zero     0x20003368    0x40  main.o [1]
  .bss               zero     0x200033a8    0x18  ff.o [1]
  .bss               zero     0x200033c0    0x18  dlmalloc.o [3]
  .bss               zero     0x200033d8     0xc  ff_gen_drv.o [1]
  .bss               zero     0x200033e4     0xc  usbd_cdc_if.o [1]
  .bss               zero     0x200033f0     0x8  fatfs.o [1]
  .bss               zero     0x200033f8     0x8  ff.o [1]
  .bss               zero     0x20003400     0x4  main.o [1]
  .bss               zero     0x20003404     0x4  stm32f4xx_hal.o [1]
  .bss               zero     0x20003408     0x4  xgetmemchunk.o [3]
  .bss               zero     0x2000340c     0x1  usbd_cdc.o [1]
  .bss               zero     0x2000340d     0x1  usbd_ctlreq.o [1]
                            - 0x2000340e  0x2fee

"P2", part 3 of 3:                        0x8000
  CSTACK                      0x20003410  0x4000  <Block>
    CSTACK           uninit   0x20003410  0x4000  <Block tail>
  HEAP                        0x20007410  0x4000  <Block>
    HEAP             uninit   0x20007410  0x4000  <Block tail>
                            - 0x2000b410  0x8000


*******************************************************************************
*** INIT TABLE
***

          Address     Size
          -------     ----
Zero (__iar_zero_init3)
    1 destination range, total size 0x2fee:
          0x20000420  0x2fee

Copy/packbits (__iar_packbits_init3)
    1 source range, total size 0x17f (36% of destination):
          0x08009108   0x17f
    1 destination range, total size 0x41d:
          0x20000000   0x41d



*******************************************************************************
*** MODULE SUMMARY
***

    Module                  ro code  ro data  rw data
    ------                  -------  -------  -------
D:\REPOSITORY\GIT\mySniperLocator\EWARM\MySniperLocator Configuration\Obj: [1]
    bsp_driver_sd.o             100
    ccsbcs.o                  1 300
    diskio.o                    112
    fatfs.o                                         8
    ff.o                      6 652                32
    ff_gen_drv.o                 56                12
    main.o                    2 076      244   10 364
    sd_diskio.o                 168        8       21
    startup_stm32f407xx.o       752
    stm32f4xx_hal.o             132                 4
    stm32f4xx_hal_adc.o         908
    stm32f4xx_hal_cortex.o      226
    stm32f4xx_hal_dma.o       2 882
    stm32f4xx_hal_gpio.o        492
    stm32f4xx_hal_msp.o         404
    stm32f4xx_hal_pcd.o       1 824
    stm32f4xx_hal_pcd_ex.o       68
    stm32f4xx_hal_rcc.o       1 296
    stm32f4xx_hal_rcc_ex.o      288
    stm32f4xx_hal_rtc.o       1 184
    stm32f4xx_hal_sd.o        3 126
    stm32f4xx_hal_uart.o      1 392
    stm32f4xx_it.o               44
    stm32f4xx_ll_sdmmc.o        180
    stm32f4xx_ll_usb.o        2 240
    syscall.o                     8
    system_stm32f4xx.o           80        7       20
    usb_device.o                 56               548
    usbd_cdc.o                  494       99      273
    usbd_cdc_if.o                52        6       28
    usbd_conf.o                 548               948
    usbd_core.o                 614
    usbd_ctlreq.o               966                 1
    usbd_desc.o                 176       19      564
    usbd_ioreq.o                 96
    -------------------------------------------------
    Total:                   30 992      383   12 823

command line: [2]
    -------------------------------------------------
    Total:

dl7M_tlf.a: [3]
    abort.o                       6
    dlmalloc.o                5 392               496
    exit.o                        4
    low_level_init.o              4
    xgetmemchunk.o               44                 4
    -------------------------------------------------
    Total:                    5 450               500

m7M_tlv.a: [4]
    fpinit_M.o                   34
    -------------------------------------------------
    Total:                       34

rt7M_tl.a: [5]
    ABImemcpy.o                 134
    ABImemset.o                 102
    cexit.o                      10
    cmain.o                      26
    cstartup_M.o                 12
    data_init.o                  40
    packbits_init.o             208
    zero_init3.o                 34
    -------------------------------------------------
    Total:                      566

shb_l.a: [6]
    exit.o                       20
    -------------------------------------------------
    Total:                       20

    Gaps                         20        2
    Linker created                        44   32 768
-----------------------------------------------------
    Grand Total:             37 082      429   46 091


*******************************************************************************
*** ENTRY LIST
***

Entry                      Address    Size  Type      Object
-----                      -------    ----  ----      ------
?main                   0x08008f65          Code  Gb  cmain.o [5]
ADCConvValues           0x200006d0  0x2010  Data  Gb  main.o [1]
ADC_DMAConvCplt         0x08006dc9    0x1a  Code  Lc  stm32f4xx_hal_adc.o [1]
ADC_DMAError            0x08006df1    0x18  Code  Lc  stm32f4xx_hal_adc.o [1]
ADC_DMAHalfConvCplt     0x08006de5     0xa  Code  Lc  stm32f4xx_hal_adc.o [1]
ADC_IRQHandler          0x08009019          Code  Wk  startup_stm32f407xx.o [1]
ADC_Init                0x08006ccb    0xe8  Code  Lc  stm32f4xx_hal_adc.o [1]
AHBPrescTable           0x200003d4    0x10  Data  Gb  system_stm32f4xx.o [1]
APBAHBPrescTable        0x08005990    0x10  Data  Gb  stm32f4xx_hal_rcc.o [1]
BSP_SD_GetCardInfo      0x08008e2b     0x8  Code  Gb  bsp_driver_sd.o [1]
BSP_SD_GetStatus        0x08008e25     0x6  Code  Gb  bsp_driver_sd.o [1]
BSP_SD_Init             0x08008dd9    0x22  Code  Gb  bsp_driver_sd.o [1]
BSP_SD_ReadBlocks       0x08008dfb     0xc  Code  Gb  bsp_driver_sd.o [1]
BSP_SD_WriteBlocks      0x08008e07     0xa  Code  Gb  bsp_driver_sd.o [1]
BusFault_Handler        0x08008fbd          Code  Wk  startup_stm32f407xx.o [1]
CAN1_RX0_IRQHandler     0x08009021          Code  Wk  startup_stm32f407xx.o [1]
CAN1_RX1_IRQHandler     0x08009025          Code  Wk  startup_stm32f407xx.o [1]
CAN1_SCE_IRQHandler     0x08009029          Code  Wk  startup_stm32f407xx.o [1]
CAN1_TX_IRQHandler      0x0800901d          Code  Wk  startup_stm32f407xx.o [1]
CAN2_RX0_IRQHandler     0x080090c9          Code  Wk  startup_stm32f407xx.o [1]
CAN2_RX1_IRQHandler     0x080090cd          Code  Wk  startup_stm32f407xx.o [1]
CAN2_SCE_IRQHandler     0x080090d1          Code  Wk  startup_stm32f407xx.o [1]
CAN2_TX_IRQHandler      0x080090c5          Code  Wk  startup_stm32f407xx.o [1]
CDC_Control_FS          0x08008eaf     0x4  Code  Lc  usbd_cdc_if.o [1]
CDC_DeInit_FS           0x08008eab     0x4  Code  Lc  usbd_cdc_if.o [1]
CDC_Init_FS             0x08008e8d    0x1e  Code  Lc  usbd_cdc_if.o [1]
CDC_Receive_FS          0x08008eb3     0x4  Code  Lc  usbd_cdc_if.o [1]
CSTACK$$Base            0x20003410           --   Gb  - Linker created -
CSTACK$$Limit           0x20007410           --   Gb  - Linker created -
DCMI_IRQHandler         0x080090fd          Code  Wk  startup_stm32f407xx.o [1]
DMA1_Stream0_IRQHandler
                        0x08008ffd          Code  Wk  startup_stm32f407xx.o [1]
DMA1_Stream1_IRQHandler
                        0x08009001          Code  Wk  startup_stm32f407xx.o [1]
DMA1_Stream2_IRQHandler
                        0x08009005          Code  Wk  startup_stm32f407xx.o [1]
DMA1_Stream3_IRQHandler
                        0x08009009          Code  Wk  startup_stm32f407xx.o [1]
DMA1_Stream4_IRQHandler
                        0x0800900d          Code  Wk  startup_stm32f407xx.o [1]
DMA1_Stream5_IRQHandler
                        0x08009011          Code  Wk  startup_stm32f407xx.o [1]
DMA1_Stream6_IRQHandler
                        0x08009015          Code  Wk  startup_stm32f407xx.o [1]
DMA1_Stream7_IRQHandler
                        0x08009089          Code  Wk  startup_stm32f407xx.o [1]
DMA2_Stream0_IRQHandler
                        0x08008ecf     0x6  Code  Gb  stm32f4xx_it.o [1]
DMA2_Stream1_IRQHandler
                        0x080090ad          Code  Wk  startup_stm32f407xx.o [1]
DMA2_Stream2_IRQHandler
                        0x080090b1          Code  Wk  startup_stm32f407xx.o [1]
DMA2_Stream3_IRQHandler
                        0x080090b5          Code  Wk  startup_stm32f407xx.o [1]
DMA2_Stream4_IRQHandler
                        0x080090b9          Code  Wk  startup_stm32f407xx.o [1]
DMA2_Stream5_IRQHandler
                        0x080090d5          Code  Wk  startup_stm32f407xx.o [1]
DMA2_Stream6_IRQHandler
                        0x080090d9          Code  Wk  startup_stm32f407xx.o [1]
DMA2_Stream7_IRQHandler
                        0x080090dd          Code  Wk  startup_stm32f407xx.o [1]
DMA_SetConfig           0x08005471    0x1e  Code  Lc  stm32f4xx_hal_dma.o [1]
DebugMon_Handler        0x08008fc9          Code  Wk  startup_stm32f407xx.o [1]
ETH_IRQHandler          0x080090bd          Code  Wk  startup_stm32f407xx.o [1]
ETH_WKUP_IRQHandler     0x080090c1          Code  Wk  startup_stm32f407xx.o [1]
EXTI0_IRQHandler        0x08008fe9          Code  Wk  startup_stm32f407xx.o [1]
EXTI15_10_IRQHandler    0x0800906d          Code  Wk  startup_stm32f407xx.o [1]
EXTI1_IRQHandler        0x08008fed          Code  Wk  startup_stm32f407xx.o [1]
EXTI2_IRQHandler        0x08008ff1          Code  Wk  startup_stm32f407xx.o [1]
EXTI3_IRQHandler        0x08008ff5          Code  Wk  startup_stm32f407xx.o [1]
EXTI4_IRQHandler        0x08008ff9          Code  Wk  startup_stm32f407xx.o [1]
EXTI9_5_IRQHandler      0x0800902d          Code  Wk  startup_stm32f407xx.o [1]
Error_HandlerSD         0x08006261    0x2a  Code  Lc  main.o [1]
Error_HandlerSync       0x0800628b    0x1e  Code  Lc  main.o [1]
ExCvt                   0x08000e90    0x80  Data  Lc  ff.o [1]
FATFS_LinkDriver        0x080073b1    0x34  Code  Gb  ff_gen_drv.o [1]
FLASH_IRQHandler        0x08008fe1          Code  Wk  startup_stm32f407xx.o [1]
FPU_IRQHandler          0x08009105          Code  Wk  startup_stm32f407xx.o [1]
FSMC_IRQHandler         0x0800908d          Code  Wk  startup_stm32f407xx.o [1]
FS_Desc                 0x200003a4    0x1c  Data  Gb  usbd_desc.o [1]
FatFs                   0x200033fc     0x4  Data  Lc  ff.o [1]
Files                   0x200033a8    0x18  Data  Lc  ff.o [1]
Fsid                    0x200033f8     0x2  Data  Lc  ff.o [1]
HAL_ADC_ConfigChannel   0x08006b93   0x138  Code  Gb  stm32f4xx_hal_adc.o [1]
HAL_ADC_ConvCpltCallback
                        0x08006897   0x11a  Code  Gb  main.o [1]
HAL_ADC_ConvHalfCpltCallback
                        0x08006851    0x3a  Code  Gb  main.o [1]
HAL_ADC_ErrorCallback   0x08006b91     0x2  Code  Wk  stm32f4xx_hal_adc.o [1]
HAL_ADC_Init            0x08006a7d    0x36  Code  Gb  stm32f4xx_hal_adc.o [1]
HAL_ADC_MspInit         0x08004341    0x74  Code  Gb  stm32f4xx_hal_msp.o [1]
HAL_ADC_Start_DMA       0x08006ab3    0xa6  Code  Gb  stm32f4xx_hal_adc.o [1]
HAL_ADC_Stop_DMA        0x08006b59    0x2c  Code  Gb  stm32f4xx_hal_adc.o [1]
HAL_DMA_Abort           0x08004a2d    0x4e  Code  Gb  stm32f4xx_hal_dma.o [1]
HAL_DMA_IRQHandler      0x08004a7b   0x9a6  Code  Gb  stm32f4xx_hal_dma.o [1]
HAL_DMA_Init            0x0800494d    0x6c  Code  Gb  stm32f4xx_hal_dma.o [1]
HAL_DMA_Start_IT        0x080049bd    0x46  Code  Gb  stm32f4xx_hal_dma.o [1]
HAL_Delay               0x0800465d    0x18  Code  Wk  stm32f4xx_hal.o [1]
HAL_GPIO_Init           0x08004761   0x1a6  Code  Gb  stm32f4xx_hal_gpio.o [1]
HAL_GPIO_ReadPin        0x08004907     0xc  Code  Gb  stm32f4xx_hal_gpio.o [1]
HAL_GPIO_WritePin       0x08004913     0x8  Code  Gb  stm32f4xx_hal_gpio.o [1]
HAL_GetTick             0x08004657     0x6  Code  Wk  stm32f4xx_hal.o [1]
HAL_IncTick             0x0800464d     0xa  Code  Wk  stm32f4xx_hal.o [1]
HAL_Init                0x080045f9    0x30  Code  Gb  stm32f4xx_hal.o [1]
HAL_InitTick            0x08004629    0x24  Code  Wk  stm32f4xx_hal.o [1]
HAL_MspInit             0x08004329    0x18  Code  Gb  stm32f4xx_hal_msp.o [1]
HAL_NVIC_EnableIRQ      0x080046fd     0x6  Code  Gb  stm32f4xx_hal_cortex.o [1]
HAL_NVIC_SetPriority    0x080046bb    0x42  Code  Gb  stm32f4xx_hal_cortex.o [1]
HAL_NVIC_SetPriorityGrouping
                        0x080046a1    0x1a  Code  Gb  stm32f4xx_hal_cortex.o [1]
HAL_PCDEx_SetRxFiFo     0x08008ba7     0x8  Code  Gb  stm32f4xx_hal_pcd_ex.o [1]
HAL_PCDEx_SetTxFiFo     0x08008b6b    0x3c  Code  Gb  stm32f4xx_hal_pcd_ex.o [1]
HAL_PCD_ConnectCallback
                        0x08007f09     0x8  Code  Gb  usbd_conf.o [1]
HAL_PCD_DataInStageCallback
                        0x08007e8f    0x10  Code  Gb  usbd_conf.o [1]
HAL_PCD_DataOutStageCallback
                        0x08007e7d    0x12  Code  Gb  usbd_conf.o [1]
HAL_PCD_DisconnectCallback
                        0x08007f11     0x8  Code  Gb  usbd_conf.o [1]
HAL_PCD_EP_Close        0x0800894d    0x38  Code  Gb  stm32f4xx_hal_pcd.o [1]
HAL_PCD_EP_ClrStall     0x08008a8d    0x44  Code  Gb  stm32f4xx_hal_pcd.o [1]
HAL_PCD_EP_GetRxCount   0x080089cb    0x12  Code  Gb  stm32f4xx_hal_pcd.o [1]
HAL_PCD_EP_Open         0x08008901    0x4c  Code  Gb  stm32f4xx_hal_pcd.o [1]
HAL_PCD_EP_Receive      0x08008991    0x3a  Code  Gb  stm32f4xx_hal_pcd.o [1]
HAL_PCD_EP_SetStall     0x08008a35    0x58  Code  Gb  stm32f4xx_hal_pcd.o [1]
HAL_PCD_EP_Transmit     0x080089dd    0x38  Code  Gb  stm32f4xx_hal_pcd.o [1]
HAL_PCD_IRQHandler      0x08008517   0x392  Code  Gb  stm32f4xx_hal_pcd.o [1]
HAL_PCD_ISOINIncompleteCallback
                        0x08007f01     0x8  Code  Gb  usbd_conf.o [1]
HAL_PCD_ISOOUTIncompleteCallback
                        0x08007ef9     0x8  Code  Gb  usbd_conf.o [1]
HAL_PCD_Init            0x0800844b    0xa6  Code  Gb  stm32f4xx_hal_pcd.o [1]
HAL_PCD_MspInit         0x08007e01    0x70  Code  Gb  usbd_conf.o [1]
HAL_PCD_ResetCallback   0x08007ea7    0x20  Code  Gb  usbd_conf.o [1]
HAL_PCD_ResumeCallback  0x08007ef1     0x8  Code  Gb  usbd_conf.o [1]
HAL_PCD_SOFCallback     0x08007e9f     0x8  Code  Gb  usbd_conf.o [1]
HAL_PCD_SetAddress      0x080088dd    0x1c  Code  Gb  stm32f4xx_hal_pcd.o [1]
HAL_PCD_SetupStageCallback
                        0x08007e71     0xc  Code  Gb  usbd_conf.o [1]
HAL_PCD_Start           0x080084fb    0x1c  Code  Gb  stm32f4xx_hal_pcd.o [1]
HAL_PCD_SuspendCallback
                        0x08007ec7    0x2a  Code  Gb  usbd_conf.o [1]
HAL_RCCEx_PeriphCLKConfig
                        0x080073e9   0x108  Code  Gb  stm32f4xx_hal_rcc_ex.o [1]
HAL_RCC_ClockConfig     0x08005715   0x1b0  Code  Gb  stm32f4xx_hal_rcc.o [1]
HAL_RCC_GetHCLKFreq     0x08005919    0x1e  Code  Gb  stm32f4xx_hal_rcc.o [1]
HAL_RCC_GetPCLK1Freq    0x08005937    0x14  Code  Gb  stm32f4xx_hal_rcc.o [1]
HAL_RCC_GetPCLK2Freq    0x0800594b    0x12  Code  Gb  stm32f4xx_hal_rcc.o [1]
HAL_RCC_GetSysClockFreq
                        0x080058d3    0x46  Code  Wk  stm32f4xx_hal_rcc.o [1]
HAL_RCC_OscConfig       0x08005491   0x27c  Code  Wk  stm32f4xx_hal_rcc.o [1]
HAL_RTC_GetDate         0x08007755    0x3c  Code  Gb  stm32f4xx_hal_rtc.o [1]
HAL_RTC_GetTime         0x0800764d    0x3c  Code  Gb  stm32f4xx_hal_rtc.o [1]
HAL_RTC_Init            0x08007509    0x7e  Code  Gb  stm32f4xx_hal_rtc.o [1]
HAL_RTC_MspInit         0x080043b5    0x10  Code  Gb  stm32f4xx_hal_msp.o [1]
HAL_RTC_SetAlarm        0x08007797    0xd2  Code  Gb  stm32f4xx_hal_rtc.o [1]
HAL_RTC_SetDate         0x0800768f    0x96  Code  Gb  stm32f4xx_hal_rtc.o [1]
HAL_RTC_SetTime         0x0800759d    0xaa  Code  Gb  stm32f4xx_hal_rtc.o [1]
HAL_RTC_WaitForSynchro  0x0800791d    0x2e  Code  Gb  stm32f4xx_hal_rtc.o [1]
HAL_SD_GetStatus        0x08003df5    0x36  Code  Gb  stm32f4xx_hal_sd.o [1]
HAL_SD_Get_CardInfo     0x08003aed   0x2c2  Code  Gb  stm32f4xx_hal_sd.o [1]
HAL_SD_Init             0x080036f1    0xb2  Code  Gb  stm32f4xx_hal_sd.o [1]
HAL_SD_MspInit          0x080043c5    0x48  Code  Gb  stm32f4xx_hal_msp.o [1]
HAL_SD_ReadBlocks       0x080037a3   0x168  Code  Gb  stm32f4xx_hal_sd.o [1]
HAL_SD_StopTransfer     0x08003daf    0x1c  Code  Gb  stm32f4xx_hal_sd.o [1]
HAL_SD_WriteBlocks      0x0800391f   0x1bc  Code  Gb  stm32f4xx_hal_sd.o [1]
HAL_SYSTICK_Callback    0x0800475d     0x2  Code  Wk  stm32f4xx_hal_cortex.o [1]
HAL_SYSTICK_Config      0x08004713    0x28  Code  Gb  stm32f4xx_hal_cortex.o [1]
HAL_SYSTICK_IRQHandler  0x08004755     0x8  Code  Gb  stm32f4xx_hal_cortex.o [1]
HAL_UART_ErrorCallback  0x08007159     0x2  Code  Wk  stm32f4xx_hal_uart.o [1]
HAL_UART_IRQHandler     0x0800700f   0x148  Code  Gb  stm32f4xx_hal_uart.o [1]
HAL_UART_Init           0x08006e09    0x30  Code  Gb  stm32f4xx_hal_uart.o [1]
HAL_UART_MspInit        0x0800441d    0x5a  Code  Gb  stm32f4xx_hal_msp.o [1]
HAL_UART_Receive        0x08006e71    0xb4  Code  Gb  stm32f4xx_hal_uart.o [1]
HAL_UART_Receive_IT     0x08006fa1    0x68  Code  Gb  stm32f4xx_hal_uart.o [1]
HAL_UART_RxCpltCallback
                        0x080069cb    0x2e  Code  Gb  main.o [1]
HAL_UART_Transmit_IT    0x08006f39    0x68  Code  Gb  stm32f4xx_hal_uart.o [1]
HAL_UART_TxCpltCallback
                        0x08007157     0x2  Code  Wk  stm32f4xx_hal_uart.o [1]
HASH_RNG_IRQHandler     0x08009101          Code  Wk  startup_stm32f407xx.o [1]
HEAP$$Base              0x20007410           --   Gb  - Linker created -
HEAP$$Limit             0x2000b410           --   Gb  - Linker created -
HardFault_Handler       0x08008fb5          Code  Wk  startup_stm32f407xx.o [1]
I2C1_ER_IRQHandler      0x08009051          Code  Wk  startup_stm32f407xx.o [1]
I2C1_EV_IRQHandler      0x0800904d          Code  Wk  startup_stm32f407xx.o [1]
I2C2_ER_IRQHandler      0x08009059          Code  Wk  startup_stm32f407xx.o [1]
I2C2_EV_IRQHandler      0x08009055          Code  Wk  startup_stm32f407xx.o [1]
I2C3_ER_IRQHandler      0x080090e9          Code  Wk  startup_stm32f407xx.o [1]
I2C3_EV_IRQHandler      0x080090e5          Code  Wk  startup_stm32f407xx.o [1]
InStream_Read           0x08008baf    0x22  Code  Lc  packbits_init.o [5]
LfnOfs                  0x08000c78    0x10  Data  Lc  ff.o [1]
MX_GPIO_Init            0x08006717   0x10c  Code  Lc  main.o [1]
MX_RTC_Init             0x08006677    0xa0  Code  Lc  main.o [1]
MX_USB_DEVICE_Init      0x08007379    0x38  Code  Gb  usb_device.o [1]
MemManage_Handler       0x08008fb9          Code  Wk  startup_stm32f407xx.o [1]
MyFile                  0x20002a98   0x22c  Data  Gb  main.o [1]
MyFile_time             0x200004a4   0x22c  Data  Gb  main.o [1]
NMI_Handler             0x08008fb1          Code  Wk  startup_stm32f407xx.o [1]
NVIC_GetPriorityGrouping
                        0x0800467d     0xa  Code  Lc  stm32f4xx_hal_cortex.o [1]
NVIC_SetPriority        0x08004687    0x1a  Code  Lc  stm32f4xx_hal_cortex.o [1]
OTG_FS_IRQHandler       0x08008ed5     0x6  Code  Gb  stm32f4xx_it.o [1]
OTG_FS_WKUP_IRQHandler  0x08009075          Code  Wk  startup_stm32f407xx.o [1]
OTG_HS_EP1_IN_IRQHandler
                        0x080090f1          Code  Wk  startup_stm32f407xx.o [1]
OTG_HS_EP1_OUT_IRQHandler
                        0x080090ed          Code  Wk  startup_stm32f407xx.o [1]
OTG_HS_IRQHandler       0x080090f9          Code  Wk  startup_stm32f407xx.o [1]
OTG_HS_WKUP_IRQHandler  0x080090f5          Code  Wk  startup_stm32f407xx.o [1]
PCD_WriteEmptyTxFifo    0x08008ad1    0x9a  Code  Lc  stm32f4xx_hal_pcd.o [1]
PVD_IRQHandler          0x08008fd5          Code  Wk  startup_stm32f407xx.o [1]
PendSV_Handler          0x08008fcd          Code  Wk  startup_stm32f407xx.o [1]
RCC_IRQHandler          0x08008fe5          Code  Wk  startup_stm32f407xx.o [1]
RTC_Alarm_IRQHandler    0x08009071          Code  Wk  startup_stm32f407xx.o [1]
RTC_Bcd2ToByte          0x08007999    0x10  Code  Gb  stm32f4xx_hal_rtc.o [1]
RTC_ByteToBcd2          0x08007983    0x16  Code  Gb  stm32f4xx_hal_rtc.o [1]
RTC_EnterInitMode       0x08007951    0x32  Code  Gb  stm32f4xx_hal_rtc.o [1]
RTC_WKUP_IRQHandler     0x08008fdd          Code  Wk  startup_stm32f407xx.o [1]
Region$$Table$$Base     0x08008f38           --   Gb  - Linker created -
Region$$Table$$Limit    0x08008f64           --   Gb  - Linker created -
Reset_Handler           0x08008f95          Code  Wk  startup_stm32f407xx.o [1]
SDCardInfo              0x200032c0    0x58  Data  Gb  main.o [1]
SDFatFs                 0x2000006c   0x230  Data  Gb  main.o [1]
SDIO_DataConfig         0x080045c5    0x24  Code  Gb  stm32f4xx_ll_sdmmc.o [1]
SDIO_GetCommandResponse
                        0x080045ab     0x6  Code  Gb  stm32f4xx_ll_sdmmc.o [1]
SDIO_GetPowerState      0x08004581     0x8  Code  Gb  stm32f4xx_ll_sdmmc.o [1]
SDIO_GetResponse        0x080045b1    0x14  Code  Gb  stm32f4xx_ll_sdmmc.o [1]
SDIO_IRQHandler         0x08009091          Code  Wk  startup_stm32f407xx.o [1]
SDIO_Init               0x08004545    0x26  Code  Gb  stm32f4xx_ll_sdmmc.o [1]
SDIO_PowerState_ON      0x08004577     0x4  Code  Gb  stm32f4xx_ll_sdmmc.o [1]
SDIO_ReadFIFO           0x0800456b     0x2  Code  Gb  stm32f4xx_ll_sdmmc.o [1]
SDIO_SendCommand        0x08004589    0x22  Code  Gb  stm32f4xx_ll_sdmmc.o [1]
SDIO_WriteFIFO          0x0800456d     0xa  Code  Gb  stm32f4xx_ll_sdmmc.o [1]
SD_CmdResp1Error        0x080040d1    0xd8  Code  Lc  stm32f4xx_hal_sd.o [1]
SD_CmdResp2Error        0x080041ab    0x30  Code  Lc  stm32f4xx_hal_sd.o [1]
SD_Driver               0x200003c0    0x14  Data  Gb  sd_diskio.o [1]
SD_Initialize_Cards     0x08003e2b   0x10a  Code  Lc  stm32f4xx_hal_sd.o [1]
SD_IsCardProgramming    0x080041db   0x136  Code  Lc  stm32f4xx_hal_sd.o [1]
SD_Path                 0x200033f4     0x4  Data  Gb  fatfs.o [1]
SD_PowerON              0x08003f43   0x17e  Code  Lc  stm32f4xx_hal_sd.o [1]
SD_initialize           0x08008d31     0xe  Code  Gb  sd_diskio.o [1]
SD_ioctl                0x08008d87    0x4c  Code  Gb  sd_diskio.o [1]
SD_read                 0x08008d59     0xc  Code  Gb  sd_diskio.o [1]
SD_status               0x08008d3f     0xc  Code  Gb  sd_diskio.o [1]
SD_write                0x08008d65     0xa  Code  Gb  sd_diskio.o [1]
SPI1_IRQHandler         0x0800905d          Code  Wk  startup_stm32f407xx.o [1]
SPI2_IRQHandler         0x08009061          Code  Wk  startup_stm32f407xx.o [1]
SPI3_IRQHandler         0x08009099          Code  Wk  startup_stm32f407xx.o [1]
SVC_Handler             0x08008fc5          Code  Wk  startup_stm32f407xx.o [1]
Stat                    0x2000041c     0x1  Data  Lc  sd_diskio.o [1]
SysTick_Handler         0x08008ec1     0xe  Code  Gb  stm32f4xx_it.o [1]
SystemClock_Config      0x080065e7    0x90  Code  Gb  main.o [1]
SystemCoreClock         0x200003e4     0x4  Data  Gb  system_stm32f4xx.o [1]
SystemInit              0x08008e3d    0x3a  Code  Gb  system_stm32f4xx.o [1]
TAMP_STAMP_IRQHandler   0x08008fd9          Code  Wk  startup_stm32f407xx.o [1]
TIM1_BRK_TIM9_IRQHandler
                        0x08009031          Code  Wk  startup_stm32f407xx.o [1]
TIM1_CC_IRQHandler      0x0800903d          Code  Wk  startup_stm32f407xx.o [1]
TIM1_TRG_COM_TIM11_IRQHandler
                        0x08009039          Code  Wk  startup_stm32f407xx.o [1]
TIM1_UP_TIM10_IRQHandler
                        0x08009035          Code  Wk  startup_stm32f407xx.o [1]
TIM2_IRQHandler         0x08009041          Code  Wk  startup_stm32f407xx.o [1]
TIM3_IRQHandler         0x08009045          Code  Wk  startup_stm32f407xx.o [1]
TIM4_IRQHandler         0x08009049          Code  Wk  startup_stm32f407xx.o [1]
TIM5_IRQHandler         0x08009095          Code  Wk  startup_stm32f407xx.o [1]
TIM6_DAC_IRQHandler     0x080090a5          Code  Wk  startup_stm32f407xx.o [1]
TIM7_IRQHandler         0x080090a9          Code  Wk  startup_stm32f407xx.o [1]
TIM8_BRK_TIM12_IRQHandler
                        0x08009079          Code  Wk  startup_stm32f407xx.o [1]
TIM8_CC_IRQHandler      0x08009085          Code  Wk  startup_stm32f407xx.o [1]
TIM8_TRG_COM_TIM14_IRQHandler
                        0x08009081          Code  Wk  startup_stm32f407xx.o [1]
TIM8_UP_TIM13_IRQHandler
                        0x0800907d          Code  Wk  startup_stm32f407xx.o [1]
Tbl                     0x08001cd0   0x100  Data  Lc  ccsbcs.o [1]
UART4_IRQHandler        0x0800909d          Code  Wk  startup_stm32f407xx.o [1]
UART5_IRQHandler        0x080090a1          Code  Wk  startup_stm32f407xx.o [1]
UART_Receive_IT         0x080071eb    0xa0  Code  Lc  stm32f4xx_hal_uart.o [1]
UART_SetConfig          0x0800728b    0xe0  Code  Lc  stm32f4xx_hal_uart.o [1]
UART_WaitOnFlagUntilTimeout
                        0x0800715b    0x90  Code  Lc  stm32f4xx_hal_uart.o [1]
USART1_IRQHandler       0x08009065          Code  Wk  startup_stm32f407xx.o [1]
USART2_IRQHandler       0x08009069          Code  Wk  startup_stm32f407xx.o [1]
USART3_IRQHandler       0x08008edb     0x6  Code  Gb  stm32f4xx_it.o [1]
USART6_IRQHandler       0x080090e1          Code  Wk  startup_stm32f407xx.o [1]
USBD_CDC                0x2000036c    0x38  Data  Gb  usbd_cdc.o [1]
USBD_CDC_CfgFSDesc      0x200002e4    0x44  Data  Gb  usbd_cdc.o [1]
USBD_CDC_CfgHSDesc      0x200002a0    0x44  Data  Gb  usbd_cdc.o [1]
USBD_CDC_DataIn         0x08007d33    0x14  Code  Lc  usbd_cdc.o [1]
USBD_CDC_DataOut        0x08007d47    0x2e  Code  Lc  usbd_cdc.o [1]
USBD_CDC_DeInit         0x08007c91    0x3a  Code  Lc  usbd_cdc.o [1]
USBD_CDC_DeviceQualifierDesc
                        0x2000040c     0xc  Data  Lc  usbd_cdc.o [1]
USBD_CDC_EP0_RxReady    0x08007d75    0x2c  Code  Lc  usbd_cdc.o [1]
USBD_CDC_GetDeviceQualifierDescriptor
                        0x08007db9     0x8  Code  Gb  usbd_cdc.o [1]
USBD_CDC_GetFSCfgDesc   0x08007da1     0x8  Code  Lc  usbd_cdc.o [1]
USBD_CDC_GetHSCfgDesc   0x08007da9     0x8  Code  Lc  usbd_cdc.o [1]
USBD_CDC_GetOtherSpeedCfgDesc
                        0x08007db1     0x8  Code  Lc  usbd_cdc.o [1]
USBD_CDC_Init           0x08007c11    0x76  Code  Lc  usbd_cdc.o [1]
USBD_CDC_OtherSpeedCfgDesc
                        0x20000328    0x44  Data  Gb  usbd_cdc.o [1]
USBD_CDC_RegisterInterface
                        0x08007dd5     0xe  Code  Gb  usbd_cdc.o [1]
USBD_CDC_SetRxBuffer    0x08007df3     0xc  Code  Gb  usbd_cdc.o [1]
USBD_CDC_SetTxBuffer    0x08007de3    0x10  Code  Gb  usbd_cdc.o [1]
USBD_CDC_Setup          0x08007ccb    0x68  Code  Lc  usbd_cdc.o [1]
USBD_ClrClassConfig     0x08007a03     0xa  Code  Gb  usbd_core.o [1]
USBD_CtlContinueRx      0x0800841b     0x2  Code  Gb  usbd_ioreq.o [1]
USBD_CtlContinueSendData
                        0x080083f9     0x2  Code  Gb  usbd_ioreq.o [1]
USBD_CtlError           0x08008391    0x16  Code  Gb  usbd_ctlreq.o [1]
USBD_CtlPrepareRx       0x08008409    0x12  Code  Gb  usbd_ioreq.o [1]
USBD_CtlReceiveStatus   0x08008435     0xa  Code  Gb  usbd_ioreq.o [1]
USBD_CtlSendData        0x080083eb     0xe  Code  Gb  usbd_ioreq.o [1]
USBD_CtlSendStatus      0x0800842b     0xa  Code  Gb  usbd_ioreq.o [1]
USBD_FS_ConfigStrDescriptor
                        0x08008cb9     0xa  Code  Gb  usbd_desc.o [1]
USBD_FS_DeviceDesc      0x200003e8    0x14  Data  Gb  usbd_desc.o [1]
USBD_FS_DeviceDescriptor
                        0x08008c81     0x8  Code  Gb  usbd_desc.o [1]
USBD_FS_InterfaceStrDescriptor
                        0x08008cc3     0xa  Code  Gb  usbd_desc.o [1]
USBD_FS_LangIDStrDescriptor
                        0x08008c89     0x8  Code  Gb  usbd_desc.o [1]
USBD_FS_ManufacturerStrDescriptor
                        0x08008c9b     0x8  Code  Gb  usbd_desc.o [1]
USBD_FS_ProductStrDescriptor
                        0x08008c91     0xa  Code  Gb  usbd_desc.o [1]
USBD_FS_SerialStrDescriptor
                        0x08008caf     0xa  Code  Gb  usbd_desc.o [1]
USBD_GetDescriptor      0x08008271    0xea  Code  Lc  usbd_ctlreq.o [1]
USBD_GetString          0x080083a7    0x44  Code  Gb  usbd_ctlreq.o [1]
USBD_Init               0x080079a9    0x2a  Code  Gb  usbd_core.o [1]
USBD_Interface_fops_FS  0x200003fc    0x10  Data  Gb  usbd_cdc_if.o [1]
USBD_LL_ClearStallEP    0x08007fc7     0xe  Code  Gb  usbd_conf.o [1]
USBD_LL_CloseEP         0x08007fab     0xe  Code  Gb  usbd_conf.o [1]
USBD_LL_DataInStage     0x08007acb    0xa4  Code  Gb  usbd_core.o [1]
USBD_LL_DataOutStage    0x08007a65    0x66  Code  Gb  usbd_core.o [1]
USBD_LL_DevConnected    0x08007bf3     0x4  Code  Gb  usbd_core.o [1]
USBD_LL_DevDisconnected
                        0x08007bf7    0x12  Code  Gb  usbd_core.o [1]
USBD_LL_GetRxDataSize   0x0800801d     0x8  Code  Gb  usbd_conf.o [1]
USBD_LL_Init            0x08007f19    0x5e  Code  Gb  usbd_conf.o [1]
USBD_LL_IsStallEP       0x08007fd5    0x1e  Code  Gb  usbd_conf.o [1]
USBD_LL_IsoINIncomplete
                        0x08007beb     0x4  Code  Gb  usbd_core.o [1]
USBD_LL_IsoOUTIncomplete
                        0x08007bef     0x4  Code  Gb  usbd_core.o [1]
USBD_LL_OpenEP          0x08007f97    0x14  Code  Gb  usbd_conf.o [1]
USBD_LL_PrepareReceive  0x0800800f     0xe  Code  Gb  usbd_conf.o [1]
USBD_LL_Reset           0x08007b6f    0x42  Code  Gb  usbd_core.o [1]
USBD_LL_Resume          0x08007bc3     0x4  Code  Gb  usbd_core.o [1]
USBD_LL_SOF             0x08007bcf    0x1c  Code  Gb  usbd_core.o [1]
USBD_LL_SetSpeed        0x08007bb1     0x6  Code  Gb  usbd_core.o [1]
USBD_LL_SetUSBAddress   0x08007ff3     0xe  Code  Gb  usbd_conf.o [1]
USBD_LL_SetupStage      0x08007a0d    0x58  Code  Gb  usbd_core.o [1]
USBD_LL_StallEP         0x08007fb9     0xe  Code  Gb  usbd_conf.o [1]
USBD_LL_Start           0x08007f89     0xe  Code  Gb  usbd_conf.o [1]
USBD_LL_Suspend         0x08007bb7     0xc  Code  Gb  usbd_core.o [1]
USBD_LL_Transmit        0x08008001     0xe  Code  Gb  usbd_conf.o [1]
USBD_LangIDDesc         0x20000418     0x4  Data  Gb  usbd_desc.o [1]
USBD_ParseSetupRequest  0x08008369    0x28  Code  Gb  usbd_ctlreq.o [1]
USBD_RegisterClass      0x080079d3    0x10  Code  Gb  usbd_core.o [1]
USBD_SetClassConfig     0x080079ed    0x16  Code  Gb  usbd_core.o [1]
USBD_Start              0x080079e3     0xa  Code  Gb  usbd_core.o [1]
USBD_StdDevReq          0x08008025   0x13c  Code  Gb  usbd_ctlreq.o [1]
USBD_StdEPReq           0x0800819d    0xc8  Code  Gb  usbd_ctlreq.o [1]
USBD_StdItfReq          0x08008165    0x32  Code  Gb  usbd_ctlreq.o [1]
USBD_StrDesc            0x20002ee8   0x200  Data  Gb  usbd_desc.o [1]
USB_ActivateEndpoint    0x08005bdb    0x78  Code  Gb  stm32f4xx_ll_usb.o [1]
USB_ActivateSetup       0x080061bb    0x2e  Code  Gb  stm32f4xx_ll_usb.o [1]
USB_CoreInit            0x080059a1    0x6e  Code  Gb  stm32f4xx_ll_usb.o [1]
USB_CoreReset           0x08006219    0x2a  Code  Lc  stm32f4xx_ll_usb.o [1]
USB_DeactivateEndpoint  0x08005c53    0x62  Code  Gb  stm32f4xx_ll_usb.o [1]
USB_DevConnect          0x08006133     0xe  Code  Gb  stm32f4xx_ll_usb.o [1]
USB_DevDisconnect       0x08006141     0xc  Code  Gb  stm32f4xx_ll_usb.o [1]
USB_DevInit             0x08005a49   0x120  Code  Gb  stm32f4xx_ll_usb.o [1]
USB_DisableGlobalInt    0x08005a17     0x6  Code  Gb  stm32f4xx_ll_usb.o [1]
USB_EP0StartXfer        0x08005ee5   0x134  Code  Gb  stm32f4xx_ll_usb.o [1]
USB_EP0_OutStart        0x080061e9    0x30  Code  Gb  stm32f4xx_ll_usb.o [1]
USB_EPClearStall        0x080060bd    0x5a  Code  Gb  stm32f4xx_ll_usb.o [1]
USB_EPSetStall          0x0800606f    0x4e  Code  Gb  stm32f4xx_ll_usb.o [1]
USB_EPStartXfer         0x08005cb5   0x230  Code  Gb  stm32f4xx_ll_usb.o [1]
USB_EnableGlobalInt     0x08005a0f     0x8  Code  Gb  stm32f4xx_ll_usb.o [1]
USB_FlushRxFifo         0x08005b87    0x1a  Code  Gb  stm32f4xx_ll_usb.o [1]
USB_FlushTxFifo         0x08005b69    0x1e  Code  Gb  stm32f4xx_ll_usb.o [1]
USB_GetDevSpeed         0x08005ba7    0x34  Code  Gb  stm32f4xx_ll_usb.o [1]
USB_GetMode             0x080061b3     0x8  Code  Gb  stm32f4xx_ll_usb.o [1]
USB_ReadDevAllInEpInterrupt
                        0x0800616f     0xe  Code  Gb  stm32f4xx_ll_usb.o [1]
USB_ReadDevAllOutEpInterrupt
                        0x08006161     0xe  Code  Gb  stm32f4xx_ll_usb.o [1]
USB_ReadDevInEPInterrupt
                        0x08006191    0x22  Code  Gb  stm32f4xx_ll_usb.o [1]
USB_ReadDevOutEPInterrupt
                        0x0800617d    0x14  Code  Gb  stm32f4xx_ll_usb.o [1]
USB_ReadInterrupts      0x08006159     0x8  Code  Gb  stm32f4xx_ll_usb.o [1]
USB_ReadPacket          0x0800604b    0x24  Code  Gb  stm32f4xx_ll_usb.o [1]
USB_SetCurrentMode      0x08005a23    0x26  Code  Gb  stm32f4xx_ll_usb.o [1]
USB_SetDevAddress       0x08006117    0x12  Code  Gb  stm32f4xx_ll_usb.o [1]
USB_SetDevSpeed         0x08005ba1     0x6  Code  Gb  stm32f4xx_ll_usb.o [1]
USB_WritePacket         0x0800601f    0x2c  Code  Gb  stm32f4xx_ll_usb.o [1]
UsageFault_Handler      0x08008fc1          Code  Wk  startup_stm32f407xx.o [1]
UserRxBufferFS          0x200033e8     0x4  Data  Gb  usbd_cdc_if.o [1]
UserTxBufferFS          0x200033ec     0x4  Data  Gb  usbd_cdc_if.o [1]
WWDG_IRQHandler         0x08008fd1          Code  Wk  startup_stm32f407xx.o [1]
__aeabi_memcpy4         0x080044bd          Code  Gb  ABImemcpy.o [5]
__aeabi_memcpy8         0x080044bd          Code  Gb  ABImemcpy.o [5]
__aeabi_memset          0x08001b85          Code  Gb  ABImemset.o [5]
__cmain                 0x08008f65          Code  Gb  cmain.o [5]
__data_GetMemChunk      0x080036b1    0x2c  Code  Gb  xgetmemchunk.o [3]
__exit                  0x080036dd    0x14  Code  Gb  exit.o [6]
__iar_Memset            0x08001b85          Code  Gb  ABImemset.o [5]
__iar_Memset_word       0x08001b8d          Code  Gb  ABImemset.o [5]
__iar_data_init3        0x08008eed    0x28  Code  Gb  data_init.o [5]
__iar_dlfree            0x08003191   0x510  Code  Gb  dlmalloc.o [3]
__iar_dlmalloc          0x08002ed1   0x2b4  Code  Gb  dlmalloc.o [3]
__iar_init_vfp          0x08008f15          Code  Gb  fpinit_M.o [4]
__iar_packbits_init3    0x08008bd1    0xae  Code  Gb  packbits_init.o [5]
__iar_program_start     0x08008fa5          Code  Gb  cstartup_M.o [5]
__iar_zero_init3        0x08001beb    0x22  Code  Gb  zero_init3.o [5]
__low_level_init        0x08008f7f     0x4  Code  Gb  low_level_init.o [3]
__vector_table          0x08000000          Data  Gb  startup_stm32f407xx.o [1]
_call_main              0x08008f71          Code  Gb  cmain.o [5]
_exit                   0x08008f89          Code  Gb  cexit.o [5]
_gm_                    0x200030e8   0x1d8  Data  Lc  dlmalloc.o [3]
_main                   0x08008f7b          Code  Gb  cmain.o [5]
aRxBuffer               0x20000438     0x2  Data  Gb  main.o [1]
aTxBuffer               0x20000004     0x2  Data  Gb  main.o [1]
abort                   0x080036a9     0x6  Code  Gb  abort.o [3]
bytesread               0x2000029c     0x4  Data  Gb  main.o [1]
byteswritten            0x200004a0     0x4  Data  Gb  main.o [1]
check_fs                0x08000fbd    0x6c  Code  Lc  ff.o [1]
chk_chr                 0x080001ab    0x12  Code  Lc  ff.o [1]
chk_lock                0x080001bd    0x62  Code  Lc  ff.o [1]
clear_lock              0x080002cb    0x1c  Code  Lc  ff.o [1]
clmt_clust              0x080006f9    0x2e  Code  Lc  ff.o [1]
clust2sect              0x0800041b    0x1e  Code  Gb  ff.o [1]
countData               0x20003400     0x4  Data  Gb  main.o [1]
create_chain            0x0800064b    0xae  Code  Lc  ff.o [1]
create_name             0x08000cab   0x1d8  Code  Lc  ff.o [1]
dec_lock                0x08000297    0x34  Code  Lc  ff.o [1]
dir_alloc               0x080008c5    0x44  Code  Lc  ff.o [1]
dir_find                0x080009d3   0x13e  Code  Lc  ff.o [1]
dir_next                0x080007bb   0x10a  Code  Lc  ff.o [1]
dir_register            0x08000b11   0x166  Code  Lc  ff.o [1]
dir_sdi                 0x08000727    0x94  Code  Lc  ff.o [1]
disk                    0x200033d8     0xc  Data  Gb  ff_gen_drv.o [1]
disk_initialize         0x08001c0d    0x1a  Code  Gb  diskio.o [1]
disk_ioctl              0x08001c61    0x12  Code  Gb  diskio.o [1]
disk_read               0x08001c33     0xe  Code  Gb  diskio.o [1]
disk_status             0x08001c27     0xc  Code  Gb  diskio.o [1]
disk_write              0x08001c41     0xe  Code  Gb  diskio.o [1]
exit                    0x08008f83     0x4  Code  Gb  exit.o [3]
f_close                 0x080018e3    0x24  Code  Gb  ff.o [1]
f_lseek                 0x08001907   0x1e8  Code  Gb  ff.o [1]
f_mount                 0x0800135d    0x58  Code  Gb  ff.o [1]
f_open                  0x080013b5   0x1a0  Code  Gb  ff.o [1]
f_read                  0x0800156f   0x144  Code  Gb  ff.o [1]
f_sync                  0x08001841    0xa2  Code  Gb  ff.o [1]
f_write                 0x080016bd   0x178  Code  Gb  ff.o [1]
ff_convert              0x08001c7d    0x36  Code  Gb  ccsbcs.o [1]
ff_memalloc             0x08002191     0x4  Code  Gb  syscall.o [1]
ff_memfree              0x08002195     0x4  Code  Gb  syscall.o [1]
ff_wtoupper             0x08001cb3    0x1e  Code  Gb  ccsbcs.o [1]
file_writing            0x20000436     0x1  Data  Gb  main.o [1]
find_volume             0x08001029   0x2f4  Code  Lc  ff.o [1]
follow_path             0x08000f19    0x66  Code  Lc  ff.o [1]
gen_numname             0x0800093b    0x7c  Code  Lc  ff.o [1]
get_fat                 0x08000439    0xb8  Code  Gb  ff.o [1]
get_fattime             0x08001c79     0x4  Code  Gb  diskio.o [1]
get_ldnumber            0x08000f7f    0x3e  Code  Lc  ff.o [1]
hUsbDeviceFS            0x20002cc4   0x224  Data  Gb  usb_device.o [1]
hUsbDevice_0            0x200033e4     0x4  Data  Gb  usbd_cdc_if.o [1]
hadc1                   0x2000043c    0x44  Data  Gb  main.o [1]
hdma_adc1               0x20003318    0x50  Data  Gb  main.o [1]
hpcd_USB_OTG_FS         0x200026e4   0x3b4  Data  Gb  usbd_conf.o [1]
hrtc                    0x20000480    0x20  Data  Gb  main.o [1]
hsd                     0x20000008    0x60  Data  Gb  main.o [1]
huart3                  0x20003368    0x40  Data  Gb  main.o [1]
inc_lock                0x0800021f    0x78  Code  Lc  ff.o [1]
init_mparams            0x080021b3    0x32  Code  Lc  dlmalloc.o [3]
init_top                0x080021e5    0x34  Code  Lc  dlmalloc.o [3]
last                    0x20000000     0x2  Data  Gb  main.o [1]
ld_clust                0x08000909    0x20  Code  Lc  ff.o [1]
main                    0x080062c1   0x2be  Code  Gb  main.o [1]
mem_cpy                 0x08000189    0x14  Code  Lc  ff.o [1]
mem_set                 0x0800019d     0xe  Code  Lc  ff.o [1]
move_window             0x0800033f    0x32  Code  Lc  ff.o [1]
mparams                 0x200033c0    0x18  Data  Lc  dlmalloc.o [3]
prepend_alloc           0x08002219   0x36c  Code  Lc  dlmalloc.o [3]
put_fat                 0x080004f1    0xe4  Code  Gb  ff.o [1]
readbuf                 0x20000002     0x2  Data  Gb  main.o [1]
remove_chain            0x080005dd    0x6e  Code  Lc  ff.o [1]
res                     0x20000434     0x1  Data  Gb  main.o [1]
res_uart                0x20000437     0x1  Data  Gb  main.o [1]
retSD                   0x200033f0     0x1  Data  Gb  fatfs.o [1]
sDateNow                0x200026e0     0x4  Data  Gb  main.o [1]
sTimeNow                0x20000420    0x14  Data  Gb  main.o [1]
segment_holding         0x08002199    0x1a  Code  Lc  dlmalloc.o [3]
size                    0x20000068     0x4  Data  Gb  main.o [1]
st_clust                0x08000929    0x12  Code  Lc  ff.o [1]
state                   0x20000435     0x1  Data  Gb  main.o [1]
sum_sfn                 0x080009b7    0x1c  Code  Lc  ff.o [1]
sync_fs                 0x08000371    0xaa  Code  Lc  ff.o [1]
sync_window             0x080002ed    0x52  Code  Lc  ff.o [1]
sys_alloc               0x08002585   0x386  Code  Lc  dlmalloc.o [3]
tmalloc_large           0x08002919   0x39e  Code  Lc  dlmalloc.o [3]
tmalloc_small           0x08002cb7   0x21a  Code  Lc  dlmalloc.o [3]
uwTick                  0x20003404     0x4  Data  Lc  stm32f4xx_hal.o [1]
validate                0x08001325    0x38  Code  Lc  ff.o [1]


[1] = D:\REPOSITORY\GIT\mySniperLocator\EWARM\MySniperLocator Configuration\Obj
[2] = command line
[3] = dl7M_tlf.a
[4] = m7M_tlv.a
[5] = rt7M_tl.a
[6] = shb_l.a

  37 082 bytes of readonly  code memory
     429 bytes of readonly  data memory
  46 091 bytes of readwrite data memory

Errors: none
Warnings: none
