###############################################################################
#
# IAR ELF Linker V7.20.2.7424/W32 for ARM                 12/Apr/2015  01:32:58
# Copyright 2007-2014 IAR Systems AB.
#
#    Output file  =  
#        D:\REPOSITORY\GIT\mySniperLocator\EWARM\MySniperLocator
#        Configuration\Exe\MySniperLocator Configuration.out
#    Map file     =  
#        D:\REPOSITORY\GIT\mySniperLocator\EWARM\MySniperLocator
#        Configuration/List\MySniperLocator Configuration.map
#    Command line =  
#        "D:\REPOSITORY\GIT\mySniperLocator\EWARM\MySniperLocator
#        Configuration\Obj\bsp_driver_sd.o"
#        "D:\REPOSITORY\GIT\mySniperLocator\EWARM\MySniperLocator
#        Configuration\Obj\ccsbcs.o"
#        "D:\REPOSITORY\GIT\mySniperLocator\EWARM\MySniperLocator
#        Configuration\Obj\diskio.o"
#        "D:\REPOSITORY\GIT\mySniperLocator\EWARM\MySniperLocator
#        Configuration\Obj\fatfs.o"
#        "D:\REPOSITORY\GIT\mySniperLocator\EWARM\MySniperLocator
#        Configuration\Obj\ff.o"
#        "D:\REPOSITORY\GIT\mySniperLocator\EWARM\MySniperLocator
#        Configuration\Obj\ff_gen_drv.o"
#        "D:\REPOSITORY\GIT\mySniperLocator\EWARM\MySniperLocator
#        Configuration\Obj\main.o"
#        "D:\REPOSITORY\GIT\mySniperLocator\EWARM\MySniperLocator
#        Configuration\Obj\sd_diskio.o"
#        "D:\REPOSITORY\GIT\mySniperLocator\EWARM\MySniperLocator
#        Configuration\Obj\startup_stm32f407xx.o"
#        "D:\REPOSITORY\GIT\mySniperLocator\EWARM\MySniperLocator
#        Configuration\Obj\stm32f4xx_hal.o"
#        "D:\REPOSITORY\GIT\mySniperLocator\EWARM\MySniperLocator
#        Configuration\Obj\stm32f4xx_hal_adc.o"
#        "D:\REPOSITORY\GIT\mySniperLocator\EWARM\MySniperLocator
#        Configuration\Obj\stm32f4xx_hal_adc_ex.o"
#        "D:\REPOSITORY\GIT\mySniperLocator\EWARM\MySniperLocator
#        Configuration\Obj\stm32f4xx_hal_cortex.o"
#        "D:\REPOSITORY\GIT\mySniperLocator\EWARM\MySniperLocator
#        Configuration\Obj\stm32f4xx_hal_dma.o"
#        "D:\REPOSITORY\GIT\mySniperLocator\EWARM\MySniperLocator
#        Configuration\Obj\stm32f4xx_hal_dma_ex.o"
#        "D:\REPOSITORY\GIT\mySniperLocator\EWARM\MySniperLocator
#        Configuration\Obj\stm32f4xx_hal_flash.o"
#        "D:\REPOSITORY\GIT\mySniperLocator\EWARM\MySniperLocator
#        Configuration\Obj\stm32f4xx_hal_flash_ex.o"
#        "D:\REPOSITORY\GIT\mySniperLocator\EWARM\MySniperLocator
#        Configuration\Obj\stm32f4xx_hal_flash_ramfunc.o"
#        "D:\REPOSITORY\GIT\mySniperLocator\EWARM\MySniperLocator
#        Configuration\Obj\stm32f4xx_hal_gpio.o"
#        "D:\REPOSITORY\GIT\mySniperLocator\EWARM\MySniperLocator
#        Configuration\Obj\stm32f4xx_hal_msp.o"
#        "D:\REPOSITORY\GIT\mySniperLocator\EWARM\MySniperLocator
#        Configuration\Obj\stm32f4xx_hal_pcd.o"
#        "D:\REPOSITORY\GIT\mySniperLocator\EWARM\MySniperLocator
#        Configuration\Obj\stm32f4xx_hal_pcd_ex.o"
#        "D:\REPOSITORY\GIT\mySniperLocator\EWARM\MySniperLocator
#        Configuration\Obj\stm32f4xx_hal_pwr.o"
#        "D:\REPOSITORY\GIT\mySniperLocator\EWARM\MySniperLocator
#        Configuration\Obj\stm32f4xx_hal_pwr_ex.o"
#        "D:\REPOSITORY\GIT\mySniperLocator\EWARM\MySniperLocator
#        Configuration\Obj\stm32f4xx_hal_rcc.o"
#        "D:\REPOSITORY\GIT\mySniperLocator\EWARM\MySniperLocator
#        Configuration\Obj\stm32f4xx_hal_rcc_ex.o"
#        "D:\REPOSITORY\GIT\mySniperLocator\EWARM\MySniperLocator
#        Configuration\Obj\stm32f4xx_hal_rtc.o"
#        "D:\REPOSITORY\GIT\mySniperLocator\EWARM\MySniperLocator
#        Configuration\Obj\stm32f4xx_hal_rtc_ex.o"
#        "D:\REPOSITORY\GIT\mySniperLocator\EWARM\MySniperLocator
#        Configuration\Obj\stm32f4xx_hal_sd.o"
#        "D:\REPOSITORY\GIT\mySniperLocator\EWARM\MySniperLocator
#        Configuration\Obj\stm32f4xx_it.o"
#        "D:\REPOSITORY\GIT\mySniperLocator\EWARM\MySniperLocator
#        Configuration\Obj\stm32f4xx_ll_sdmmc.o"
#        "D:\REPOSITORY\GIT\mySniperLocator\EWARM\MySniperLocator
#        Configuration\Obj\stm32f4xx_ll_usb.o"
#        "D:\REPOSITORY\GIT\mySniperLocator\EWARM\MySniperLocator
#        Configuration\Obj\syscall.o"
#        "D:\REPOSITORY\GIT\mySniperLocator\EWARM\MySniperLocator
#        Configuration\Obj\system_stm32f4xx.o"
#        "D:\REPOSITORY\GIT\mySniperLocator\EWARM\MySniperLocator
#        Configuration\Obj\usb_device.o"
#        "D:\REPOSITORY\GIT\mySniperLocator\EWARM\MySniperLocator
#        Configuration\Obj\usbd_cdc.o"
#        "D:\REPOSITORY\GIT\mySniperLocator\EWARM\MySniperLocator
#        Configuration\Obj\usbd_cdc_if.o"
#        "D:\REPOSITORY\GIT\mySniperLocator\EWARM\MySniperLocator
#        Configuration\Obj\usbd_conf.o"
#        "D:\REPOSITORY\GIT\mySniperLocator\EWARM\MySniperLocator
#        Configuration\Obj\usbd_core.o"
#        "D:\REPOSITORY\GIT\mySniperLocator\EWARM\MySniperLocator
#        Configuration\Obj\usbd_ctlreq.o"
#        "D:\REPOSITORY\GIT\mySniperLocator\EWARM\MySniperLocator
#        Configuration\Obj\usbd_desc.o"
#        "D:\REPOSITORY\GIT\mySniperLocator\EWARM\MySniperLocator
#        Configuration\Obj\usbd_ioreq.o" --redirect _Printf=_PrintfFull
#        --redirect _Scanf=_ScanfFull -o
#        "D:\REPOSITORY\GIT\mySniperLocator\EWARM\MySniperLocator
#        Configuration\Exe\MySniperLocator Configuration.out" --map
#        "D:\REPOSITORY\GIT\mySniperLocator\EWARM\MySniperLocator
#        Configuration/List\MySniperLocator Configuration.map" --config
#        D:\REPOSITORY\GIT\mySniperLocator\EWARM\MySniperLocator.icf
#        --semihosting --entry __iar_program_start --vfe
#
###############################################################################

*******************************************************************************
*** RUNTIME MODEL ATTRIBUTES
***

CppFlavor       = *
__Heap_Handler  = DLMalloc
__SystemLibrary = DLib


*******************************************************************************
*** PLACEMENT SUMMARY
***

"A1":  place at 0x08000000 { ro section .intvec };
"P1":  place in [from 0x08000000 to 0x080fffff] { ro };
"P2":  place in [from 0x20000000 to 0x2001ffff] { rw, block CSTACK, block HEAP };

  Section            Kind        Address    Size  Object
  -------            ----        -------    ----  ------
"A1":                                      0x188
  .intvec            ro code  0x08000000   0x188  startup_stm32f407xx.o [1]
                            - 0x08000188   0x188

"P1":                                     0x89ff
  .text              ro code  0x08000188  0x1a20  ff.o [1]
  .text              ro code  0x08001ba8    0x66  ABImemset.o [5]
  .text              ro code  0x08001c0e    0x22  zero_init3.o [5]
  .text              ro code  0x08001c30    0x70  diskio.o [1]
  .text              ro code  0x08001ca0   0x514  ccsbcs.o [1]
  .text              ro code  0x080021b4     0x8  syscall.o [1]
  .text              ro code  0x080021bc  0x1500  dlmalloc.o [3]
  .text              ro code  0x080036bc     0x6  abort.o [3]
  .text              ro code  0x080036c4    0x2c  xgetmemchunk.o [3]
  .text              ro code  0x080036f0    0x14  exit.o [6]
  .text              ro code  0x08003704   0xc36  stm32f4xx_hal_sd.o [1]
  .text              ro code  0x0800433c   0x11c  stm32f4xx_hal_msp.o [1]
  .text              ro code  0x08004458    0x56  ABImemcpy_unaligned.o [5]
  .text              ro code  0x080044b0    0xb4  stm32f4xx_ll_sdmmc.o [1]
  .text              ro code  0x08004564    0x84  stm32f4xx_hal.o [1]
  .text              ro code  0x080045e8    0xe2  stm32f4xx_hal_cortex.o [1]
  .text              ro code  0x080046cc   0x1ec  stm32f4xx_hal_gpio.o [1]
  .text              ro code  0x080048b8   0xaf2  stm32f4xx_hal_dma.o [1]
  .text              ro code  0x080053ac   0x4e4  stm32f4xx_hal_rcc.o [1]
  .text              ro code  0x08005890   0x8c0  stm32f4xx_ll_usb.o [1]
  .text              ro code  0x08006150   0x7ac  main.o [1]
  .text              ro code  0x080068fc   0x38c  stm32f4xx_hal_adc.o [1]
  .text              ro code  0x08006c88    0x38  usb_device.o [1]
  .text              ro code  0x08006cc0    0x38  ff_gen_drv.o [1]
  .text              ro code  0x08006cf8   0x120  stm32f4xx_hal_rcc_ex.o [1]
  .text              ro code  0x08006e18   0x498  stm32f4xx_hal_rtc.o [1]
  .text              ro code  0x080072b0   0x266  usbd_core.o [1]
  .text              ro code  0x08007518   0x1ee  usbd_cdc.o [1]
  .text              ro code  0x08007708   0x224  usbd_conf.o [1]
  .text              ro code  0x0800792c   0x3c6  usbd_ctlreq.o [1]
  .text              ro code  0x08007cf2    0x60  usbd_ioreq.o [1]
  .text              ro code  0x08007d52   0x71e  stm32f4xx_hal_pcd.o [1]
  .text              ro code  0x08008470    0x44  stm32f4xx_hal_pcd_ex.o [1]
  .text              ro code  0x080084b4    0xd2  packbits_init.o [5]
  .text              ro code  0x08008588    0xb0  usbd_desc.o [1]
  .text              ro code  0x08008638    0xa8  sd_diskio.o [1]
  .text              ro code  0x080086e0    0x68  bsp_driver_sd.o [1]
  .text              ro code  0x08008748    0x50  system_stm32f4xx.o [1]
  .text              ro code  0x08008798    0x34  usbd_cdc_if.o [1]
  .text              ro code  0x080087cc    0x28  data_init.o [5]
  .text              ro code  0x080087f4    0x24  stm32f4xx_it.o [1]
  .iar.init_table    const    0x08008818    0x2c  - Linker created -
  .text              ro code  0x08008844    0x1a  fpinit_M.o [4]
  .text              ro code  0x08008860    0x1a  cmain.o [5]
  .text              ro code  0x0800887a     0x4  low_level_init.o [3]
  .text              ro code  0x0800887e     0x4  exit.o [3]
  .text              ro code  0x08008884     0xa  cexit.o [5]
  .text              ro code  0x08008890    0x10  startup_stm32f407xx.o [1]
  .text              ro code  0x080088a0     0xc  cstartup_M.o [5]
  .text              ro code  0x080088ac     0x4  startup_stm32f407xx.o [1]
  .text              ro code  0x080088b0     0x4  startup_stm32f407xx.o [1]
  .text              ro code  0x080088b4     0x4  startup_stm32f407xx.o [1]
  .text              ro code  0x080088b8     0x4  startup_stm32f407xx.o [1]
  .text              ro code  0x080088bc     0x4  startup_stm32f407xx.o [1]
  .text              ro code  0x080088c0     0x4  startup_stm32f407xx.o [1]
  .text              ro code  0x080088c4     0x4  startup_stm32f407xx.o [1]
  .text              ro code  0x080088c8     0x4  startup_stm32f407xx.o [1]
  .text              ro code  0x080088cc     0x4  startup_stm32f407xx.o [1]
  .text              ro code  0x080088d0     0x4  startup_stm32f407xx.o [1]
  .text              ro code  0x080088d4     0x4  startup_stm32f407xx.o [1]
  .text              ro code  0x080088d8     0x4  startup_stm32f407xx.o [1]
  .text              ro code  0x080088dc     0x4  startup_stm32f407xx.o [1]
  .text              ro code  0x080088e0     0x4  startup_stm32f407xx.o [1]
  .text              ro code  0x080088e4     0x4  startup_stm32f407xx.o [1]
  .text              ro code  0x080088e8     0x4  startup_stm32f407xx.o [1]
  .text              ro code  0x080088ec     0x4  startup_stm32f407xx.o [1]
  .text              ro code  0x080088f0     0x4  startup_stm32f407xx.o [1]
  .text              ro code  0x080088f4     0x4  startup_stm32f407xx.o [1]
  .text              ro code  0x080088f8     0x4  startup_stm32f407xx.o [1]
  .text              ro code  0x080088fc     0x4  startup_stm32f407xx.o [1]
  .text              ro code  0x08008900     0x4  startup_stm32f407xx.o [1]
  .text              ro code  0x08008904     0x4  startup_stm32f407xx.o [1]
  .text              ro code  0x08008908     0x4  startup_stm32f407xx.o [1]
  .text              ro code  0x0800890c     0x4  startup_stm32f407xx.o [1]
  .text              ro code  0x08008910     0x4  startup_stm32f407xx.o [1]
  .text              ro code  0x08008914     0x4  startup_stm32f407xx.o [1]
  .text              ro code  0x08008918     0x4  startup_stm32f407xx.o [1]
  .text              ro code  0x0800891c     0x4  startup_stm32f407xx.o [1]
  .text              ro code  0x08008920     0x4  startup_stm32f407xx.o [1]
  .text              ro code  0x08008924     0x4  startup_stm32f407xx.o [1]
  .text              ro code  0x08008928     0x4  startup_stm32f407xx.o [1]
  .text              ro code  0x0800892c     0x4  startup_stm32f407xx.o [1]
  .text              ro code  0x08008930     0x4  startup_stm32f407xx.o [1]
  .text              ro code  0x08008934     0x4  startup_stm32f407xx.o [1]
  .text              ro code  0x08008938     0x4  startup_stm32f407xx.o [1]
  .text              ro code  0x0800893c     0x4  startup_stm32f407xx.o [1]
  .text              ro code  0x08008940     0x4  startup_stm32f407xx.o [1]
  .text              ro code  0x08008944     0x4  startup_stm32f407xx.o [1]
  .text              ro code  0x08008948     0x4  startup_stm32f407xx.o [1]
  .text              ro code  0x0800894c     0x4  startup_stm32f407xx.o [1]
  .text              ro code  0x08008950     0x4  startup_stm32f407xx.o [1]
  .text              ro code  0x08008954     0x4  startup_stm32f407xx.o [1]
  .text              ro code  0x08008958     0x4  startup_stm32f407xx.o [1]
  .text              ro code  0x0800895c     0x4  startup_stm32f407xx.o [1]
  .text              ro code  0x08008960     0x4  startup_stm32f407xx.o [1]
  .text              ro code  0x08008964     0x4  startup_stm32f407xx.o [1]
  .text              ro code  0x08008968     0x4  startup_stm32f407xx.o [1]
  .text              ro code  0x0800896c     0x4  startup_stm32f407xx.o [1]
  .text              ro code  0x08008970     0x4  startup_stm32f407xx.o [1]
  .text              ro code  0x08008974     0x4  startup_stm32f407xx.o [1]
  .text              ro code  0x08008978     0x4  startup_stm32f407xx.o [1]
  .text              ro code  0x0800897c     0x4  startup_stm32f407xx.o [1]
  .text              ro code  0x08008980     0x4  startup_stm32f407xx.o [1]
  .text              ro code  0x08008984     0x4  startup_stm32f407xx.o [1]
  .text              ro code  0x08008988     0x4  startup_stm32f407xx.o [1]
  .text              ro code  0x0800898c     0x4  startup_stm32f407xx.o [1]
  .text              ro code  0x08008990     0x4  startup_stm32f407xx.o [1]
  .text              ro code  0x08008994     0x4  startup_stm32f407xx.o [1]
  .text              ro code  0x08008998     0x4  startup_stm32f407xx.o [1]
  .text              ro code  0x0800899c     0x4  startup_stm32f407xx.o [1]
  .text              ro code  0x080089a0     0x4  startup_stm32f407xx.o [1]
  .text              ro code  0x080089a4     0x4  startup_stm32f407xx.o [1]
  .text              ro code  0x080089a8     0x4  startup_stm32f407xx.o [1]
  .text              ro code  0x080089ac     0x4  startup_stm32f407xx.o [1]
  .text              ro code  0x080089b0     0x4  startup_stm32f407xx.o [1]
  .text              ro code  0x080089b4     0x4  startup_stm32f407xx.o [1]
  .text              ro code  0x080089b8     0x4  startup_stm32f407xx.o [1]
  .text              ro code  0x080089bc     0x4  startup_stm32f407xx.o [1]
  .text              ro code  0x080089c0     0x4  startup_stm32f407xx.o [1]
  .text              ro code  0x080089c4     0x4  startup_stm32f407xx.o [1]
  .text              ro code  0x080089c8     0x4  startup_stm32f407xx.o [1]
  .text              ro code  0x080089cc     0x4  startup_stm32f407xx.o [1]
  .text              ro code  0x080089d0     0x4  startup_stm32f407xx.o [1]
  .text              ro code  0x080089d4     0x4  startup_stm32f407xx.o [1]
  .text              ro code  0x080089d8     0x4  startup_stm32f407xx.o [1]
  .text              ro code  0x080089dc     0x4  startup_stm32f407xx.o [1]
  .text              ro code  0x080089e0     0x4  startup_stm32f407xx.o [1]
  .text              ro code  0x080089e4     0x4  startup_stm32f407xx.o [1]
  .text              ro code  0x080089e8     0x4  startup_stm32f407xx.o [1]
  .text              ro code  0x080089ec     0x4  startup_stm32f407xx.o [1]
  .text              ro code  0x080089f0     0x4  startup_stm32f407xx.o [1]
  .text              ro code  0x080089f4     0x4  startup_stm32f407xx.o [1]
  .text              ro code  0x080089f8     0x4  startup_stm32f407xx.o [1]
  .text              ro code  0x080089fc     0x4  startup_stm32f407xx.o [1]
  .text              ro code  0x08008a00     0x4  startup_stm32f407xx.o [1]
  .text              ro code  0x08008a04     0x4  startup_stm32f407xx.o [1]
  .rodata            const    0x08008a08     0x0  zero_init3.o [5]
  .rodata            const    0x08008a08     0x0  packbits_init.o [5]
  Initializer bytes  ro data  0x08008a08   0x17f  <for P2 s0>
                            - 0x08008b87  0x89ff

"P2":                                     0xb3c0
  P2 s0                       0x20000000   0x419  <Init block>
    .data            inited   0x20000000   0x29c  main.o [1]
    .data            inited   0x2000029c    0x44  usbd_cdc.o [1]
    .data            inited   0x200002e0    0x44  usbd_cdc.o [1]
    .data            inited   0x20000324    0x44  usbd_cdc.o [1]
    .data            inited   0x20000368    0x38  usbd_cdc.o [1]
    .data            inited   0x200003a0    0x1c  usbd_desc.o [1]
    .data            inited   0x200003bc    0x14  sd_diskio.o [1]
    .data            inited   0x200003d0    0x14  system_stm32f4xx.o [1]
    .data            inited   0x200003e4    0x14  usbd_desc.o [1]
    .data            inited   0x200003f8    0x10  usbd_cdc_if.o [1]
    .data            inited   0x20000408     0xc  usbd_cdc.o [1]
    .data            inited   0x20000414     0x4  usbd_desc.o [1]
    .data            inited   0x20000418     0x1  sd_diskio.o [1]
  .bss               zero     0x2000041c  0x22b4  main.o [1]
  .bss               zero     0x200026d0   0x3b4  usbd_conf.o [1]
  .bss               zero     0x20002a84   0x22c  main.o [1]
  .bss               zero     0x20002cb0   0x224  usb_device.o [1]
  .bss               zero     0x20002ed4   0x200  usbd_desc.o [1]
  .bss               zero     0x200030d4   0x1d8  dlmalloc.o [3]
  .bss               zero     0x200032b0    0x58  main.o [1]
  .bss               zero     0x20003308    0x50  main.o [1]
  .bss               zero     0x20003358    0x18  ff.o [1]
  .bss               zero     0x20003370    0x18  dlmalloc.o [3]
  .bss               zero     0x20003388     0xc  ff_gen_drv.o [1]
  .bss               zero     0x20003394     0xc  usbd_cdc_if.o [1]
  .bss               zero     0x200033a0     0x8  fatfs.o [1]
  .bss               zero     0x200033a8     0x8  ff.o [1]
  .bss               zero     0x200033b0     0x4  stm32f4xx_hal.o [1]
  .bss               zero     0x200033b4     0x4  xgetmemchunk.o [3]
  .bss               zero     0x200033b8     0x1  usbd_cdc.o [1]
  .bss               zero     0x200033b9     0x1  usbd_ctlreq.o [1]
  CSTACK                      0x200033c0  0x4000  <Block>
    CSTACK           uninit   0x200033c0  0x4000  <Block tail>
  HEAP                        0x200073c0  0x4000  <Block>
    HEAP             uninit   0x200073c0  0x4000  <Block tail>
                            - 0x2000b3c0  0xb3c0


*******************************************************************************
*** INIT TABLE
***

          Address     Size
          -------     ----
Zero (__iar_zero_init3)
    1 destination range, total size 0x2f9e:
          0x2000041c  0x2f9e

Copy/packbits (__iar_packbits_init3)
    1 source range, total size 0x17f (36% of destination):
          0x08008a08   0x17f
    1 destination range, total size 0x419:
          0x20000000   0x419



*******************************************************************************
*** MODULE SUMMARY
***

    Module                  ro code  ro data  rw data
    ------                  -------  -------  -------
D:\REPOSITORY\GIT\mySniperLocator\EWARM\MySniperLocator Configuration\Obj: [1]
    bsp_driver_sd.o             104
    ccsbcs.o                  1 300
    diskio.o                    112
    fatfs.o                                         8
    ff.o                      6 688                32
    ff_gen_drv.o                 56                12
    main.o                    1 964      243   10 276
    sd_diskio.o                 168        8       21
    startup_stm32f407xx.o       756
    stm32f4xx_hal.o             132                 4
    stm32f4xx_hal_adc.o         908
    stm32f4xx_hal_cortex.o      226
    stm32f4xx_hal_dma.o       2 802
    stm32f4xx_hal_gpio.o        492
    stm32f4xx_hal_msp.o         284
    stm32f4xx_hal_pcd.o       1 822
    stm32f4xx_hal_pcd_ex.o       68
    stm32f4xx_hal_rcc.o       1 252
    stm32f4xx_hal_rcc_ex.o      288
    stm32f4xx_hal_rtc.o       1 176
    stm32f4xx_hal_sd.o        3 126
    stm32f4xx_it.o               36
    stm32f4xx_ll_sdmmc.o        180
    stm32f4xx_ll_usb.o        2 240
    syscall.o                     8
    system_stm32f4xx.o           80        7       20
    usb_device.o                 56               548
    usbd_cdc.o                  494      100      273
    usbd_cdc_if.o                52        6       28
    usbd_conf.o                 548               948
    usbd_core.o                 614
    usbd_ctlreq.o               966                 1
    usbd_desc.o                 176       19      564
    usbd_ioreq.o                 96
    -------------------------------------------------
    Total:                   29 270      383   12 735

command line: [2]
    -------------------------------------------------
    Total:

dl7M_tlf.a: [3]
    abort.o                       6
    dlmalloc.o                5 376               496
    exit.o                        4
    low_level_init.o              4
    xgetmemchunk.o               44                 4
    -------------------------------------------------
    Total:                    5 434               500

m7M_tlv.a: [4]
    fpinit_M.o                   26
    -------------------------------------------------
    Total:                       26

rt7M_tl.a: [5]
    ABImemcpy_unaligned.o        86
    ABImemset.o                 102
    cexit.o                      10
    cmain.o                      26
    cstartup_M.o                 12
    data_init.o                  40
    packbits_init.o             210
    zero_init3.o                 34
    -------------------------------------------------
    Total:                      520

shb_l.a: [6]
    exit.o                       20
    -------------------------------------------------
    Total:                       20

    Gaps                         22                 7
    Linker created                        44   32 768
-----------------------------------------------------
    Grand Total:             35 292      427   46 010


*******************************************************************************
*** ENTRY LIST
***

Entry                      Address    Size  Type      Object
-----                      -------    ----  ----      ------
?main                   0x08008861          Code  Gb  cmain.o [5]
ADCConvValues           0x200006cc  0x2000  Data  Gb  main.o [1]
ADC_DMAConvCplt         0x08006c49    0x1a  Code  Lc  stm32f4xx_hal_adc.o [1]
ADC_DMAError            0x08006c71    0x18  Code  Lc  stm32f4xx_hal_adc.o [1]
ADC_DMAHalfConvCplt     0x08006c65     0xa  Code  Lc  stm32f4xx_hal_adc.o [1]
ADC_Init                0x08006b4b    0xe8  Code  Lc  stm32f4xx_hal_adc.o [1]
AHBPrescTable           0x200003d0    0x10  Data  Gb  system_stm32f4xx.o [1]
APBAHBPrescTable        0x08005880    0x10  Data  Gb  stm32f4xx_hal_rcc.o [1]
BSP_SD_GetCardInfo      0x08008737     0x8  Code  Gb  bsp_driver_sd.o [1]
BSP_SD_GetStatus        0x08008731     0x6  Code  Gb  bsp_driver_sd.o [1]
BSP_SD_Init             0x080086e1    0x22  Code  Gb  bsp_driver_sd.o [1]
BSP_SD_ReadBlocks       0x08008703     0xe  Code  Gb  bsp_driver_sd.o [1]
BSP_SD_WriteBlocks      0x08008711     0xc  Code  Gb  bsp_driver_sd.o [1]
CDC_Control_FS          0x080087bb     0x4  Code  Lc  usbd_cdc_if.o [1]
CDC_DeInit_FS           0x080087b7     0x4  Code  Lc  usbd_cdc_if.o [1]
CDC_Init_FS             0x08008799    0x1e  Code  Lc  usbd_cdc_if.o [1]
CDC_Receive_FS          0x080087bf     0x4  Code  Lc  usbd_cdc_if.o [1]
CSTACK$$Base            0x200033c0           --   Gb  - Linker created -
CSTACK$$Limit           0x200073c0           --   Gb  - Linker created -
DMA2_Stream0_IRQHandler
                        0x08008803     0x6  Code  Gb  stm32f4xx_it.o [1]
DMA_SetConfig           0x0800538d    0x1e  Code  Lc  stm32f4xx_hal_dma.o [1]
Error_HandlerSD         0x08006151    0x26  Code  Lc  main.o [1]
Error_HandlerSync       0x0800618d    0x24  Code  Lc  main.o [1]
ExCvt                   0x08000ea4    0x80  Data  Lc  ff.o [1]
FATFS_LinkDriver        0x08006cc1    0x34  Code  Gb  ff_gen_drv.o [1]
FS_Desc                 0x200003a0    0x1c  Data  Gb  usbd_desc.o [1]
FatFs                   0x200033ac     0x4  Data  Lc  ff.o [1]
Files                   0x20003358    0x18  Data  Lc  ff.o [1]
Fsid                    0x200033a8     0x2  Data  Lc  ff.o [1]
HAL_ADC_ConfigChannel   0x08006a13   0x138  Code  Gb  stm32f4xx_hal_adc.o [1]
HAL_ADC_ConvCpltCallback
                        0x08006747   0x11a  Code  Gb  main.o [1]
HAL_ADC_ConvHalfCpltCallback
                        0x0800670d    0x2a  Code  Gb  main.o [1]
HAL_ADC_ErrorCallback   0x08006a11     0x2  Code  Wk  stm32f4xx_hal_adc.o [1]
HAL_ADC_Init            0x080068fd    0x36  Code  Gb  stm32f4xx_hal_adc.o [1]
HAL_ADC_MspInit         0x08004355    0x74  Code  Gb  stm32f4xx_hal_msp.o [1]
HAL_ADC_Start_DMA       0x08006933    0xa6  Code  Gb  stm32f4xx_hal_adc.o [1]
HAL_ADC_Stop_DMA        0x080069d9    0x2c  Code  Gb  stm32f4xx_hal_adc.o [1]
HAL_DMA_Abort           0x08004999    0x4e  Code  Gb  stm32f4xx_hal_dma.o [1]
HAL_DMA_IRQHandler      0x080049e7   0x956  Code  Gb  stm32f4xx_hal_dma.o [1]
HAL_DMA_Init            0x080048b9    0x6c  Code  Gb  stm32f4xx_hal_dma.o [1]
HAL_DMA_Start_IT        0x08004929    0x46  Code  Gb  stm32f4xx_hal_dma.o [1]
HAL_Delay               0x080045c9    0x18  Code  Wk  stm32f4xx_hal.o [1]
HAL_GPIO_Init           0x080046cd   0x1a6  Code  Gb  stm32f4xx_hal_gpio.o [1]
HAL_GPIO_ReadPin        0x08004873     0xc  Code  Gb  stm32f4xx_hal_gpio.o [1]
HAL_GPIO_WritePin       0x0800487f     0x8  Code  Gb  stm32f4xx_hal_gpio.o [1]
HAL_GetTick             0x080045c3     0x6  Code  Wk  stm32f4xx_hal.o [1]
HAL_IncTick             0x080045b9     0xa  Code  Wk  stm32f4xx_hal.o [1]
HAL_Init                0x08004565    0x30  Code  Gb  stm32f4xx_hal.o [1]
HAL_InitTick            0x08004595    0x24  Code  Wk  stm32f4xx_hal.o [1]
HAL_MspInit             0x0800433d    0x18  Code  Gb  stm32f4xx_hal_msp.o [1]
HAL_NVIC_EnableIRQ      0x0800466b     0xc  Code  Gb  stm32f4xx_hal_cortex.o [1]
HAL_NVIC_SetPriority    0x08004627    0x44  Code  Gb  stm32f4xx_hal_cortex.o [1]
HAL_NVIC_SetPriorityGrouping
                        0x0800460d    0x1a  Code  Gb  stm32f4xx_hal_cortex.o [1]
HAL_PCDEx_SetRxFiFo     0x080084ad     0x8  Code  Gb  stm32f4xx_hal_pcd_ex.o [1]
HAL_PCDEx_SetTxFiFo     0x08008471    0x3c  Code  Gb  stm32f4xx_hal_pcd_ex.o [1]
HAL_PCD_ConnectCallback
                        0x08007811     0x8  Code  Gb  usbd_conf.o [1]
HAL_PCD_DataInStageCallback
                        0x08007797    0x10  Code  Gb  usbd_conf.o [1]
HAL_PCD_DataOutStageCallback
                        0x08007785    0x12  Code  Gb  usbd_conf.o [1]
HAL_PCD_DisconnectCallback
                        0x08007819     0x8  Code  Gb  usbd_conf.o [1]
HAL_PCD_EP_Close        0x08008255    0x38  Code  Gb  stm32f4xx_hal_pcd.o [1]
HAL_PCD_EP_ClrStall     0x08008395    0x44  Code  Gb  stm32f4xx_hal_pcd.o [1]
HAL_PCD_EP_GetRxCount   0x080082d3    0x12  Code  Gb  stm32f4xx_hal_pcd.o [1]
HAL_PCD_EP_Open         0x08008209    0x4c  Code  Gb  stm32f4xx_hal_pcd.o [1]
HAL_PCD_EP_Receive      0x08008299    0x3a  Code  Gb  stm32f4xx_hal_pcd.o [1]
HAL_PCD_EP_SetStall     0x0800833d    0x58  Code  Gb  stm32f4xx_hal_pcd.o [1]
HAL_PCD_EP_Transmit     0x080082e5    0x38  Code  Gb  stm32f4xx_hal_pcd.o [1]
HAL_PCD_IRQHandler      0x08007e1f   0x392  Code  Gb  stm32f4xx_hal_pcd.o [1]
HAL_PCD_ISOINIncompleteCallback
                        0x08007809     0x8  Code  Gb  usbd_conf.o [1]
HAL_PCD_ISOOUTIncompleteCallback
                        0x08007801     0x8  Code  Gb  usbd_conf.o [1]
HAL_PCD_Init            0x08007d53    0xa6  Code  Gb  stm32f4xx_hal_pcd.o [1]
HAL_PCD_MspInit         0x08007709    0x70  Code  Gb  usbd_conf.o [1]
HAL_PCD_ResetCallback   0x080077af    0x20  Code  Gb  usbd_conf.o [1]
HAL_PCD_ResumeCallback  0x080077f9     0x8  Code  Gb  usbd_conf.o [1]
HAL_PCD_SOFCallback     0x080077a7     0x8  Code  Gb  usbd_conf.o [1]
HAL_PCD_SetAddress      0x080081e5    0x1c  Code  Gb  stm32f4xx_hal_pcd.o [1]
HAL_PCD_SetupStageCallback
                        0x08007779     0xc  Code  Gb  usbd_conf.o [1]
HAL_PCD_Start           0x08007e03    0x1c  Code  Gb  stm32f4xx_hal_pcd.o [1]
HAL_PCD_SuspendCallback
                        0x080077cf    0x2a  Code  Gb  usbd_conf.o [1]
HAL_RCCEx_PeriphCLKConfig
                        0x08006cf9   0x108  Code  Gb  stm32f4xx_hal_rcc_ex.o [1]
HAL_RCC_ClockConfig     0x08005631   0x1b0  Code  Gb  stm32f4xx_hal_rcc.o [1]
HAL_RCC_GetHCLKFreq     0x08005835    0x1e  Code  Gb  stm32f4xx_hal_rcc.o [1]
HAL_RCC_GetSysClockFreq
                        0x080057ef    0x46  Code  Wk  stm32f4xx_hal_rcc.o [1]
HAL_RCC_OscConfig       0x080053ad   0x27c  Code  Wk  stm32f4xx_hal_rcc.o [1]
HAL_RTC_GetDate         0x0800704f    0x3c  Code  Gb  stm32f4xx_hal_rtc.o [1]
HAL_RTC_GetTime         0x08006f65    0x3c  Code  Gb  stm32f4xx_hal_rtc.o [1]
HAL_RTC_Init            0x08006e19    0x7e  Code  Gb  stm32f4xx_hal_rtc.o [1]
HAL_RTC_MspInit         0x080043c9    0x10  Code  Gb  stm32f4xx_hal_msp.o [1]
HAL_RTC_SetAlarm        0x08007091    0xd2  Code  Gb  stm32f4xx_hal_rtc.o [1]
HAL_RTC_SetDate         0x08006fa7    0x90  Code  Gb  stm32f4xx_hal_rtc.o [1]
HAL_RTC_SetTime         0x08006ead    0xb2  Code  Gb  stm32f4xx_hal_rtc.o [1]
HAL_RTC_WaitForSynchro  0x08007225    0x2e  Code  Gb  stm32f4xx_hal_rtc.o [1]
HAL_SD_GetStatus        0x08003dfd    0x36  Code  Gb  stm32f4xx_hal_sd.o [1]
HAL_SD_Get_CardInfo     0x08003aff   0x2c6  Code  Gb  stm32f4xx_hal_sd.o [1]
HAL_SD_Init             0x08003705    0xb2  Code  Gb  stm32f4xx_hal_sd.o [1]
HAL_SD_MspInit          0x080043d9    0x48  Code  Gb  stm32f4xx_hal_msp.o [1]
HAL_SD_ReadBlocks       0x080037b7   0x168  Code  Gb  stm32f4xx_hal_sd.o [1]
HAL_SD_StopTransfer     0x08003dc5    0x1c  Code  Gb  stm32f4xx_hal_sd.o [1]
HAL_SD_WriteBlocks      0x08003931   0x1bc  Code  Gb  stm32f4xx_hal_sd.o [1]
HAL_SYSTICK_Callback    0x080046c9     0x2  Code  Wk  stm32f4xx_hal_cortex.o [1]
HAL_SYSTICK_Config      0x0800467f    0x28  Code  Gb  stm32f4xx_hal_cortex.o [1]
HAL_SYSTICK_IRQHandler  0x080046c1     0x8  Code  Gb  stm32f4xx_hal_cortex.o [1]
HEAP$$Base              0x200073c0           --   Gb  - Linker created -
HEAP$$Limit             0x2000b3c0           --   Gb  - Linker created -
InStream_Read           0x080084b5    0x22  Code  Lc  packbits_init.o [5]
LfnOfs                  0x08000c8c    0x10  Data  Lc  ff.o [1]
MX_GPIO_Init            0x080065b7   0x128  Code  Lc  main.o [1]
MX_RTC_Init             0x0800651b    0x9c  Code  Lc  main.o [1]
MX_USB_DEVICE_Init      0x08006c89    0x38  Code  Gb  usb_device.o [1]
MyFile                  0x20002a84   0x22c  Data  Gb  main.o [1]
MyFile_time             0x200004a0   0x22c  Data  Gb  main.o [1]
NVIC_GetPriorityGrouping
                        0x080045e9     0xa  Code  Lc  stm32f4xx_hal_cortex.o [1]
NVIC_SetPriority        0x080045f3    0x1a  Code  Lc  stm32f4xx_hal_cortex.o [1]
OTG_FS_IRQHandler       0x08008809     0x6  Code  Gb  stm32f4xx_it.o [1]
PCD_WriteEmptyTxFifo    0x080083d9    0x98  Code  Lc  stm32f4xx_hal_pcd.o [1]
RTC_Bcd2ToByte          0x080072a1    0x10  Code  Gb  stm32f4xx_hal_rtc.o [1]
RTC_ByteToBcd2          0x0800728b    0x16  Code  Gb  stm32f4xx_hal_rtc.o [1]
RTC_EnterInitMode       0x08007259    0x32  Code  Gb  stm32f4xx_hal_rtc.o [1]
Region$$Table$$Base     0x08008818           --   Gb  - Linker created -
Region$$Table$$Limit    0x08008844           --   Gb  - Linker created -
SDCardInfo              0x200032b0    0x58  Data  Gb  main.o [1]
SDFatFs                 0x20000068   0x230  Data  Gb  main.o [1]
SDIO_DataConfig         0x08004531    0x24  Code  Gb  stm32f4xx_ll_sdmmc.o [1]
SDIO_GetCommandResponse
                        0x08004517     0x6  Code  Gb  stm32f4xx_ll_sdmmc.o [1]
SDIO_GetPowerState      0x080044ed     0x8  Code  Gb  stm32f4xx_ll_sdmmc.o [1]
SDIO_GetResponse        0x0800451d    0x14  Code  Gb  stm32f4xx_ll_sdmmc.o [1]
SDIO_Init               0x080044b1    0x26  Code  Gb  stm32f4xx_ll_sdmmc.o [1]
SDIO_PowerState_ON      0x080044e3     0x4  Code  Gb  stm32f4xx_ll_sdmmc.o [1]
SDIO_ReadFIFO           0x080044d7     0x2  Code  Gb  stm32f4xx_ll_sdmmc.o [1]
SDIO_SendCommand        0x080044f5    0x22  Code  Gb  stm32f4xx_ll_sdmmc.o [1]
SDIO_WriteFIFO          0x080044d9     0xa  Code  Gb  stm32f4xx_ll_sdmmc.o [1]
SD_CmdResp1Error        0x080040e1    0xd8  Code  Lc  stm32f4xx_hal_sd.o [1]
SD_CmdResp2Error        0x080041bb    0x30  Code  Lc  stm32f4xx_hal_sd.o [1]
SD_Driver               0x200003bc    0x14  Data  Gb  sd_diskio.o [1]
SD_Initialize_Cards     0x08003e33   0x114  Code  Lc  stm32f4xx_hal_sd.o [1]
SD_IsCardProgramming    0x080041f3   0x136  Code  Lc  stm32f4xx_hal_sd.o [1]
SD_Path                 0x200033a4     0x4  Data  Gb  fatfs.o [1]
SD_PowerON              0x08003f55   0x17e  Code  Lc  stm32f4xx_hal_sd.o [1]
SD_initialize           0x08008639     0xe  Code  Gb  sd_diskio.o [1]
SD_ioctl                0x0800868f    0x4c  Code  Gb  sd_diskio.o [1]
SD_read                 0x08008661     0xc  Code  Gb  sd_diskio.o [1]
SD_status               0x08008647     0xc  Code  Gb  sd_diskio.o [1]
SD_write                0x0800866d     0xa  Code  Gb  sd_diskio.o [1]
Stat                    0x20000418     0x1  Data  Lc  sd_diskio.o [1]
SysTick_Handler         0x080087f5     0xe  Code  Gb  stm32f4xx_it.o [1]
SystemClock_Config      0x0800648b    0x90  Code  Gb  main.o [1]
SystemCoreClock         0x200003e0     0x4  Data  Gb  system_stm32f4xx.o [1]
SystemInit              0x08008749    0x3a  Code  Gb  system_stm32f4xx.o [1]
Tbl                     0x08001cf4   0x100  Data  Lc  ccsbcs.o [1]
USBD_CDC                0x20000368    0x38  Data  Gb  usbd_cdc.o [1]
USBD_CDC_CfgFSDesc      0x200002e0    0x44  Data  Gb  usbd_cdc.o [1]
USBD_CDC_CfgHSDesc      0x2000029c    0x44  Data  Gb  usbd_cdc.o [1]
USBD_CDC_DataIn         0x0800763b    0x14  Code  Lc  usbd_cdc.o [1]
USBD_CDC_DataOut        0x0800764f    0x2e  Code  Lc  usbd_cdc.o [1]
USBD_CDC_DeInit         0x08007599    0x3a  Code  Lc  usbd_cdc.o [1]
USBD_CDC_DeviceQualifierDesc
                        0x20000408     0xc  Data  Lc  usbd_cdc.o [1]
USBD_CDC_EP0_RxReady    0x0800767d    0x2c  Code  Lc  usbd_cdc.o [1]
USBD_CDC_GetDeviceQualifierDescriptor
                        0x080076c1     0x8  Code  Gb  usbd_cdc.o [1]
USBD_CDC_GetFSCfgDesc   0x080076a9     0x8  Code  Lc  usbd_cdc.o [1]
USBD_CDC_GetHSCfgDesc   0x080076b1     0x8  Code  Lc  usbd_cdc.o [1]
USBD_CDC_GetOtherSpeedCfgDesc
                        0x080076b9     0x8  Code  Lc  usbd_cdc.o [1]
USBD_CDC_Init           0x08007519    0x76  Code  Lc  usbd_cdc.o [1]
USBD_CDC_OtherSpeedCfgDesc
                        0x20000324    0x44  Data  Gb  usbd_cdc.o [1]
USBD_CDC_RegisterInterface
                        0x080076dd     0xe  Code  Gb  usbd_cdc.o [1]
USBD_CDC_SetRxBuffer    0x080076fb     0xc  Code  Gb  usbd_cdc.o [1]
USBD_CDC_SetTxBuffer    0x080076eb    0x10  Code  Gb  usbd_cdc.o [1]
USBD_CDC_Setup          0x080075d3    0x68  Code  Lc  usbd_cdc.o [1]
USBD_ClrClassConfig     0x0800730b     0xa  Code  Gb  usbd_core.o [1]
USBD_CtlContinueRx      0x08007d23     0x2  Code  Gb  usbd_ioreq.o [1]
USBD_CtlContinueSendData
                        0x08007d01     0x2  Code  Gb  usbd_ioreq.o [1]
USBD_CtlError           0x08007c99    0x16  Code  Gb  usbd_ctlreq.o [1]
USBD_CtlPrepareRx       0x08007d11    0x12  Code  Gb  usbd_ioreq.o [1]
USBD_CtlReceiveStatus   0x08007d3d     0xa  Code  Gb  usbd_ioreq.o [1]
USBD_CtlSendData        0x08007cf3     0xe  Code  Gb  usbd_ioreq.o [1]
USBD_CtlSendStatus      0x08007d33     0xa  Code  Gb  usbd_ioreq.o [1]
USBD_FS_ConfigStrDescriptor
                        0x080085c1     0xa  Code  Gb  usbd_desc.o [1]
USBD_FS_DeviceDesc      0x200003e4    0x14  Data  Gb  usbd_desc.o [1]
USBD_FS_DeviceDescriptor
                        0x08008589     0x8  Code  Gb  usbd_desc.o [1]
USBD_FS_InterfaceStrDescriptor
                        0x080085cb     0xa  Code  Gb  usbd_desc.o [1]
USBD_FS_LangIDStrDescriptor
                        0x08008591     0x8  Code  Gb  usbd_desc.o [1]
USBD_FS_ManufacturerStrDescriptor
                        0x080085a3     0x8  Code  Gb  usbd_desc.o [1]
USBD_FS_ProductStrDescriptor
                        0x08008599     0xa  Code  Gb  usbd_desc.o [1]
USBD_FS_SerialStrDescriptor
                        0x080085b7     0xa  Code  Gb  usbd_desc.o [1]
USBD_GetDescriptor      0x08007b79    0xea  Code  Lc  usbd_ctlreq.o [1]
USBD_GetString          0x08007caf    0x44  Code  Gb  usbd_ctlreq.o [1]
USBD_Init               0x080072b1    0x2a  Code  Gb  usbd_core.o [1]
USBD_Interface_fops_FS  0x200003f8    0x10  Data  Gb  usbd_cdc_if.o [1]
USBD_LL_ClearStallEP    0x080078cf     0xe  Code  Gb  usbd_conf.o [1]
USBD_LL_CloseEP         0x080078b3     0xe  Code  Gb  usbd_conf.o [1]
USBD_LL_DataInStage     0x080073d3    0xa4  Code  Gb  usbd_core.o [1]
USBD_LL_DataOutStage    0x0800736d    0x66  Code  Gb  usbd_core.o [1]
USBD_LL_DevConnected    0x080074fb     0x4  Code  Gb  usbd_core.o [1]
USBD_LL_DevDisconnected
                        0x080074ff    0x12  Code  Gb  usbd_core.o [1]
USBD_LL_GetRxDataSize   0x08007925     0x8  Code  Gb  usbd_conf.o [1]
USBD_LL_Init            0x08007821    0x5e  Code  Gb  usbd_conf.o [1]
USBD_LL_IsStallEP       0x080078dd    0x1e  Code  Gb  usbd_conf.o [1]
USBD_LL_IsoINIncomplete
                        0x080074f3     0x4  Code  Gb  usbd_core.o [1]
USBD_LL_IsoOUTIncomplete
                        0x080074f7     0x4  Code  Gb  usbd_core.o [1]
USBD_LL_OpenEP          0x0800789f    0x14  Code  Gb  usbd_conf.o [1]
USBD_LL_PrepareReceive  0x08007917     0xe  Code  Gb  usbd_conf.o [1]
USBD_LL_Reset           0x08007477    0x42  Code  Gb  usbd_core.o [1]
USBD_LL_Resume          0x080074cb     0x4  Code  Gb  usbd_core.o [1]
USBD_LL_SOF             0x080074d7    0x1c  Code  Gb  usbd_core.o [1]
USBD_LL_SetSpeed        0x080074b9     0x6  Code  Gb  usbd_core.o [1]
USBD_LL_SetUSBAddress   0x080078fb     0xe  Code  Gb  usbd_conf.o [1]
USBD_LL_SetupStage      0x08007315    0x58  Code  Gb  usbd_core.o [1]
USBD_LL_StallEP         0x080078c1     0xe  Code  Gb  usbd_conf.o [1]
USBD_LL_Start           0x08007891     0xe  Code  Gb  usbd_conf.o [1]
USBD_LL_Suspend         0x080074bf     0xc  Code  Gb  usbd_core.o [1]
USBD_LL_Transmit        0x08007909     0xe  Code  Gb  usbd_conf.o [1]
USBD_LangIDDesc         0x20000414     0x4  Data  Gb  usbd_desc.o [1]
USBD_ParseSetupRequest  0x08007c71    0x28  Code  Gb  usbd_ctlreq.o [1]
USBD_RegisterClass      0x080072db    0x10  Code  Gb  usbd_core.o [1]
USBD_SetClassConfig     0x080072f5    0x16  Code  Gb  usbd_core.o [1]
USBD_Start              0x080072eb     0xa  Code  Gb  usbd_core.o [1]
USBD_StdDevReq          0x0800792d   0x13c  Code  Gb  usbd_ctlreq.o [1]
USBD_StdEPReq           0x08007aa5    0xc8  Code  Gb  usbd_ctlreq.o [1]
USBD_StdItfReq          0x08007a6d    0x32  Code  Gb  usbd_ctlreq.o [1]
USBD_StrDesc            0x20002ed4   0x200  Data  Gb  usbd_desc.o [1]
USB_ActivateEndpoint    0x08005acd    0x78  Code  Gb  stm32f4xx_ll_usb.o [1]
USB_ActivateSetup       0x080060ad    0x2e  Code  Gb  stm32f4xx_ll_usb.o [1]
USB_CoreInit            0x08005891    0x6e  Code  Gb  stm32f4xx_ll_usb.o [1]
USB_CoreReset           0x0800610b    0x2a  Code  Lc  stm32f4xx_ll_usb.o [1]
USB_DeactivateEndpoint  0x08005b45    0x62  Code  Gb  stm32f4xx_ll_usb.o [1]
USB_DevConnect          0x08006025     0xe  Code  Gb  stm32f4xx_ll_usb.o [1]
USB_DevDisconnect       0x08006033     0xc  Code  Gb  stm32f4xx_ll_usb.o [1]
USB_DevInit             0x08005939   0x122  Code  Gb  stm32f4xx_ll_usb.o [1]
USB_DisableGlobalInt    0x08005907     0x6  Code  Gb  stm32f4xx_ll_usb.o [1]
USB_EP0StartXfer        0x08005dd7   0x134  Code  Gb  stm32f4xx_ll_usb.o [1]
USB_EP0_OutStart        0x080060db    0x30  Code  Gb  stm32f4xx_ll_usb.o [1]
USB_EPClearStall        0x08005faf    0x5a  Code  Gb  stm32f4xx_ll_usb.o [1]
USB_EPSetStall          0x08005f61    0x4e  Code  Gb  stm32f4xx_ll_usb.o [1]
USB_EPStartXfer         0x08005ba7   0x230  Code  Gb  stm32f4xx_ll_usb.o [1]
USB_EnableGlobalInt     0x080058ff     0x8  Code  Gb  stm32f4xx_ll_usb.o [1]
USB_FlushRxFifo         0x08005a79    0x1a  Code  Gb  stm32f4xx_ll_usb.o [1]
USB_FlushTxFifo         0x08005a5b    0x1e  Code  Gb  stm32f4xx_ll_usb.o [1]
USB_GetDevSpeed         0x08005a99    0x34  Code  Gb  stm32f4xx_ll_usb.o [1]
USB_GetMode             0x080060a5     0x8  Code  Gb  stm32f4xx_ll_usb.o [1]
USB_ReadDevAllInEpInterrupt
                        0x08006061     0xe  Code  Gb  stm32f4xx_ll_usb.o [1]
USB_ReadDevAllOutEpInterrupt
                        0x08006053     0xe  Code  Gb  stm32f4xx_ll_usb.o [1]
USB_ReadDevInEPInterrupt
                        0x08006083    0x22  Code  Gb  stm32f4xx_ll_usb.o [1]
USB_ReadDevOutEPInterrupt
                        0x0800606f    0x14  Code  Gb  stm32f4xx_ll_usb.o [1]
USB_ReadInterrupts      0x0800604b     0x8  Code  Gb  stm32f4xx_ll_usb.o [1]
USB_ReadPacket          0x08005f3d    0x24  Code  Gb  stm32f4xx_ll_usb.o [1]
USB_SetCurrentMode      0x08005913    0x26  Code  Gb  stm32f4xx_ll_usb.o [1]
USB_SetDevAddress       0x08006009    0x12  Code  Gb  stm32f4xx_ll_usb.o [1]
USB_SetDevSpeed         0x08005a93     0x6  Code  Gb  stm32f4xx_ll_usb.o [1]
USB_WritePacket         0x08005f11    0x2c  Code  Gb  stm32f4xx_ll_usb.o [1]
UserRxBufferFS          0x20003398     0x4  Data  Gb  usbd_cdc_if.o [1]
UserTxBufferFS          0x2000339c     0x4  Data  Gb  usbd_cdc_if.o [1]
__aeabi_memset          0x08001ba9          Code  Gb  ABImemset.o [5]
__as_entries_start      0xffffffff           --   Gb  command line/config [2]
__as_table_start        0xffffffff           --   Gb  command line/config [2]
__cmain                 0x08008861          Code  Gb  cmain.o [5]
__data_GetMemChunk      0x080036c5    0x2c  Code  Gb  xgetmemchunk.o [3]
__exit                  0x080036f1    0x14  Code  Gb  exit.o [6]
__iar_Memset            0x08001ba9          Code  Gb  ABImemset.o [5]
__iar_Memset_word       0x08001bb1          Code  Gb  ABImemset.o [5]
__iar_data_init3        0x080087cd    0x28  Code  Gb  data_init.o [5]
__iar_dlfree            0x080031a5   0x510  Code  Gb  dlmalloc.o [3]
__iar_dlmalloc          0x08002eef   0x2aa  Code  Gb  dlmalloc.o [3]
__iar_gm_               0x200030d4   0x1d8  Data  Gb  dlmalloc.o [3]
__iar_init_vfp          0x08008845          Code  Gb  fpinit_M.o [4]
__iar_packbits_init3    0x080084d7    0xb0  Code  Gb  packbits_init.o [5]
__iar_program_start     0x080088a1          Code  Gb  cstartup_M.o [5]
__iar_unaligned___aeabi_memcpy4
                        0x08004459          Code  Gb  ABImemcpy_unaligned.o [5]
__iar_unaligned___aeabi_memcpy8
                        0x08004459          Code  Gb  ABImemcpy_unaligned.o [5]
__iar_zero_init3        0x08001c0f    0x22  Code  Gb  zero_init3.o [5]
__low_level_init        0x0800887b     0x4  Code  Gb  low_level_init.o [3]
__vector_table          0x08000000          Data  Gb  startup_stm32f407xx.o [1]
_call_main              0x0800886d          Code  Gb  cmain.o [5]
_exit                   0x08008885          Code  Gb  cexit.o [5]
_main                   0x08008877          Code  Gb  cmain.o [5]
abort                   0x080036bd     0x6  Code  Gb  abort.o [3]
bytesread               0x20000298     0x4  Data  Gb  main.o [1]
byteswritten            0x20000498     0x4  Data  Gb  main.o [1]
check_fs                0x08000fd1    0x6c  Code  Lc  ff.o [1]
chk_chr                 0x080001ab    0x12  Code  Lc  ff.o [1]
chk_lock                0x080001bd    0x62  Code  Lc  ff.o [1]
clear_lock              0x080002cb    0x1c  Code  Lc  ff.o [1]
clmt_clust              0x080006ff    0x2e  Code  Lc  ff.o [1]
clust2sect              0x08000421    0x1e  Code  Gb  ff.o [1]
countData               0x2000049c     0x4  Data  Gb  main.o [1]
create_chain            0x08000651    0xae  Code  Lc  ff.o [1]
create_name             0x08000cbf   0x1da  Code  Lc  ff.o [1]
dec_lock                0x08000297    0x34  Code  Lc  ff.o [1]
dir_alloc               0x080008c9    0x44  Code  Lc  ff.o [1]
dir_find                0x080009d7   0x13e  Code  Lc  ff.o [1]
dir_next                0x080007c1   0x108  Code  Lc  ff.o [1]
dir_register            0x08000b15   0x176  Code  Lc  ff.o [1]
dir_sdi                 0x0800072d    0x94  Code  Lc  ff.o [1]
disk                    0x20003388     0xc  Data  Gb  ff_gen_drv.o [1]
disk_initialize         0x08001c31    0x1a  Code  Gb  diskio.o [1]
disk_ioctl              0x08001c85    0x12  Code  Gb  diskio.o [1]
disk_read               0x08001c57     0xe  Code  Gb  diskio.o [1]
disk_status             0x08001c4b     0xc  Code  Gb  diskio.o [1]
disk_write              0x08001c65     0xe  Code  Gb  diskio.o [1]
exit                    0x0800887f     0x4  Code  Gb  exit.o [3]
f_close                 0x08001915    0x24  Code  Gb  ff.o [1]
f_lseek                 0x08001939   0x1f0  Code  Gb  ff.o [1]
f_mount                 0x08001371    0x5a  Code  Gb  ff.o [1]
f_open                  0x080013cb   0x1a4  Code  Gb  ff.o [1]
f_read                  0x0800158b   0x148  Code  Gb  ff.o [1]
f_sync                  0x0800186b    0xa4  Code  Gb  ff.o [1]
f_write                 0x080016d3   0x176  Code  Gb  ff.o [1]
ff_convert              0x08001ca1    0x36  Code  Gb  ccsbcs.o [1]
ff_memalloc             0x080021b5     0x4  Code  Gb  syscall.o [1]
ff_memfree              0x080021b9     0x4  Code  Gb  syscall.o [1]
ff_wtoupper             0x08001cd7    0x1e  Code  Gb  ccsbcs.o [1]
file_writing            0x20000432     0x1  Data  Gb  main.o [1]
find_volume             0x0800103d   0x2f4  Code  Lc  ff.o [1]
follow_path             0x08000f2d    0x66  Code  Lc  ff.o [1]
gen_numname             0x0800093f    0x7c  Code  Lc  ff.o [1]
get_fat                 0x0800043f    0xb8  Code  Gb  ff.o [1]
get_fattime             0x08001c9d     0x4  Code  Gb  diskio.o [1]
get_ldnumber            0x08000f93    0x3e  Code  Lc  ff.o [1]
hUsbDeviceFS            0x20002cb0   0x224  Data  Gb  usb_device.o [1]
hUsbDevice_0            0x20003394     0x4  Data  Gb  usbd_cdc_if.o [1]
hadc1                   0x20000434    0x44  Data  Gb  main.o [1]
hdma_adc1               0x20003308    0x50  Data  Gb  main.o [1]
hpcd_USB_OTG_FS         0x200026d0   0x3b4  Data  Gb  usbd_conf.o [1]
hrtc                    0x20000478    0x20  Data  Gb  main.o [1]
hsd                     0x20000004    0x60  Data  Gb  main.o [1]
inc_lock                0x0800021f    0x78  Code  Lc  ff.o [1]
init_mparams            0x080021d7    0x32  Code  Lc  dlmalloc.o [3]
init_top                0x08002209    0x34  Code  Lc  dlmalloc.o [3]
last                    0x20000000     0x2  Data  Gb  main.o [1]
ld_clust                0x0800090d    0x20  Code  Lc  ff.o [1]
main                    0x080061cb   0x280  Code  Gb  main.o [1]
mem_cpy                 0x08000189    0x14  Code  Lc  ff.o [1]
mem_set                 0x0800019d     0xe  Code  Lc  ff.o [1]
move_window             0x0800033f    0x32  Code  Lc  ff.o [1]
mparams                 0x20003370    0x18  Data  Lc  dlmalloc.o [3]
prepend_alloc           0x0800223d   0x36e  Code  Lc  dlmalloc.o [3]
put_fat                 0x080004ff    0xdc  Code  Gb  ff.o [1]
readbuf                 0x20000002     0x2  Data  Gb  main.o [1]
remove_chain            0x080005e3    0x6e  Code  Lc  ff.o [1]
res                     0x20000430     0x1  Data  Gb  main.o [1]
retSD                   0x200033a0     0x1  Data  Gb  fatfs.o [1]
sDateNow                0x200026cc     0x4  Data  Gb  main.o [1]
sTimeNow                0x2000041c    0x14  Data  Gb  main.o [1]
segment_holding         0x080021bd    0x1a  Code  Lc  dlmalloc.o [3]
size                    0x20000064     0x4  Data  Gb  main.o [1]
st_clust                0x0800092d    0x12  Code  Lc  ff.o [1]
state                   0x20000431     0x1  Data  Gb  main.o [1]
sum_sfn                 0x080009bb    0x1c  Code  Lc  ff.o [1]
sync_fs                 0x08000371    0xb0  Code  Lc  ff.o [1]
sync_window             0x080002ed    0x52  Code  Lc  ff.o [1]
sys_alloc               0x080025ab   0x38c  Code  Lc  dlmalloc.o [3]
tmalloc_large           0x08002945   0x39a  Code  Lc  dlmalloc.o [3]
tmalloc_small           0x08002cdf   0x210  Code  Lc  dlmalloc.o [3]
uwTick                  0x200033b0     0x4  Data  Lc  stm32f4xx_hal.o [1]
validate                0x08001339    0x38  Code  Lc  ff.o [1]


[1] = D:\REPOSITORY\GIT\mySniperLocator\EWARM\MySniperLocator Configuration\Obj
[2] = command line
[3] = dl7M_tlf.a
[4] = m7M_tlv.a
[5] = rt7M_tl.a
[6] = shb_l.a

  35 292 bytes of readonly  code memory
     427 bytes of readonly  data memory
  46 010 bytes of readwrite data memory

Errors: none
Warnings: none
